=== train ablq652s lr3e4  22:07:55 ===
Device: cuda:0 (NVIDIA RTX 6000 Ada Generation)
Windows: 4944 train / 37 val | epochs=100 | forecast_mask=obs+drivers | exclude_time=['Discharge_CMS_lag_7', 'HoboWetDry0.05_lag_7']
RGCN_v2 input_dim=35 params=29,890
epoch   1/100  train=0.5146  val=0.4171  best=0.4171@1  24.3s *best*
epoch   2/100  train=0.2809  val=0.3232  best=0.3232@2  23.2s *best*
epoch   3/100  train=0.1926  val=0.2983  best=0.2983@3  23.2s *best*
epoch   4/100  train=0.1629  val=0.2917  best=0.2917@4  23.6s *best*
epoch   5/100  train=0.1506  val=0.2900  best=0.2900@5  23.0s *best*
epoch   6/100  train=0.1418  val=0.2868  best=0.2868@6  23.4s *best*
epoch   7/100  train=0.1335  val=0.2861  best=0.2861@7  23.1s *best*
epoch   8/100  train=0.1288  val=0.2805  best=0.2805@8  23.4s *best*
epoch   9/100  train=0.1240  val=0.2731  best=0.2731@9  23.0s *best*
epoch  10/100  train=0.1206  val=0.2690  best=0.2690@10  22.9s *best*
epoch  11/100  train=0.1185  val=0.2644  best=0.2644@11  22.9s *best*
epoch  12/100  train=0.1158  val=0.2598  best=0.2598@12  22.8s *best*
epoch  13/100  train=0.1133  val=0.2561  best=0.2561@13  23.1s *best*
epoch  14/100  train=0.1124  val=0.2539  best=0.2539@14  23.2s *best*
epoch  15/100  train=0.1112  val=0.2558  best=0.2539@14  23.3s
epoch  16/100  train=0.1096  val=0.2552  best=0.2539@14  23.2s
epoch  17/100  train=0.1091  val=0.2565  best=0.2539@14  23.4s
epoch  18/100  train=0.1080  val=0.2555  best=0.2539@14  23.1s
epoch  19/100  train=0.1062  val=0.2455  best=0.2455@19  22.8s *best*
epoch  20/100  train=0.1059  val=0.2467  best=0.2455@19  23.2s
epoch  21/100  train=0.1048  val=0.2394  best=0.2394@21  23.1s *best*
epoch  22/100  train=0.1041  val=0.2329  best=0.2329@22  23.4s *best*
epoch  23/100  train=0.1045  val=0.2384  best=0.2329@22  22.9s
epoch  24/100  train=0.1024  val=0.2357  best=0.2329@22  23.1s
epoch  25/100  train=0.1027  val=0.2278  best=0.2278@25  23.5s *best*
epoch  26/100  train=0.1011  val=0.2313  best=0.2278@25  23.1s
epoch  27/100  train=0.1003  val=0.2278  best=0.2278@27  22.8s *best*
epoch  28/100  train=0.1005  val=0.2259  best=0.2259@28  22.9s *best*
epoch  29/100  train=0.0997  val=0.2223  best=0.2223@29  22.8s *best*
epoch  30/100  train=0.0995  val=0.2211  best=0.2211@30  22.8s *best*
epoch  31/100  train=0.0992  val=0.2213  best=0.2211@30  23.4s
epoch  32/100  train=0.0987  val=0.2175  best=0.2175@32  22.7s *best*
epoch  33/100  train=0.0976  val=0.2236  best=0.2175@32  23.2s
epoch  34/100  train=0.0977  val=0.2180  best=0.2175@32  23.3s
epoch  35/100  train=0.0976  val=0.2206  best=0.2175@32  23.9s
epoch  36/100  train=0.0965  val=0.2212  best=0.2175@32  23.0s
epoch  37/100  train=0.0961  val=0.2168  best=0.2168@37  23.6s *best*
epoch  38/100  train=0.0964  val=0.2173  best=0.2168@37  23.3s
epoch  39/100  train=0.0960  val=0.2169  best=0.2168@37  23.6s
epoch  40/100  train=0.0950  val=0.2197  best=0.2168@37  23.5s
epoch  41/100  train=0.0941  val=0.2172  best=0.2168@37  23.4s
epoch  42/100  train=0.0945  val=0.2121  best=0.2121@42  22.9s *best*
epoch  43/100  train=0.0938  val=0.2208  best=0.2121@42  22.8s
epoch  44/100  train=0.0943  val=0.2167  best=0.2121@42  23.6s
epoch  45/100  train=0.0931  val=0.2124  best=0.2121@42  23.7s
epoch  46/100  train=0.0925  val=0.2142  best=0.2121@42  23.5s
epoch  47/100  train=0.0926  val=0.2116  best=0.2116@47  22.9s *best*
epoch  48/100  train=0.0921  val=0.2120  best=0.2116@47  23.3s
epoch  49/100  train=0.0921  val=0.2061  best=0.2061@49  23.6s *best*
epoch  50/100  train=0.0912  val=0.2134  best=0.2061@49  23.2s
epoch  51/100  train=0.0907  val=0.2134  best=0.2061@49  23.2s
epoch  52/100  train=0.0904  val=0.2118  best=0.2061@49  23.9s
epoch  53/100  train=0.0902  val=0.2090  best=0.2061@49  23.1s
epoch  54/100  train=0.0902  val=0.2096  best=0.2061@49  22.9s
epoch  55/100  train=0.0892  val=0.2007  best=0.2007@55  23.4s *best*
epoch  56/100  train=0.0900  val=0.1988  best=0.1988@56  23.3s *best*
epoch  57/100  train=0.0891  val=0.2163  best=0.1988@56  23.1s
epoch  58/100  train=0.0886  val=0.2074  best=0.1988@56  23.4s
epoch  59/100  train=0.0881  val=0.1996  best=0.1988@56  23.2s
epoch  60/100  train=0.0880  val=0.2114  best=0.1988@56  22.8s
epoch  61/100  train=0.0875  val=0.2072  best=0.1988@56  23.6s
epoch  62/100  train=0.0874  val=0.2026  best=0.1988@56  23.5s
epoch  63/100  train=0.0875  val=0.2082  best=0.1988@56  23.3s
epoch  64/100  train=0.0870  val=0.2079  best=0.1988@56  23.1s
epoch  65/100  train=0.0872  val=0.2129  best=0.1988@56  23.4s
epoch  66/100  train=0.0857  val=0.2129  best=0.1988@56  23.7s
epoch  67/100  train=0.0863  val=0.2049  best=0.1988@56  23.7s
epoch  68/100  train=0.0861  val=0.2055  best=0.1988@56  23.6s
epoch  69/100  train=0.0861  val=0.2146  best=0.1988@56  23.8s
epoch  70/100  train=0.0859  val=0.2138  best=0.1988@56  23.4s
epoch  71/100  train=0.0852  val=0.2166  best=0.1988@56  23.3s
epoch  72/100  train=0.0851  val=0.2179  best=0.1988@56  23.1s
epoch  73/100  train=0.0846  val=0.2077  best=0.1988@56  23.6s
epoch  74/100  train=0.0853  val=0.2074  best=0.1988@56  23.3s
epoch  75/100  train=0.0847  val=0.2027  best=0.1988@56  23.6s
epoch  76/100  train=0.0846  val=0.2064  best=0.1988@56  23.6s
Early stopping at epoch 76 (no improvement for 20).
Done. Best val=0.1988 @ epoch 56. Saved /bluesclues-data/home/michaelmurphy/saas-river-forecasting/data/retrain/flagship/best_model_flagablq652s_lr3e4.pt
=== train ablq652s lr3e3  22:37:31 ===
Device: cuda:0 (NVIDIA RTX 6000 Ada Generation)
Windows: 4944 train / 37 val | epochs=100 | forecast_mask=obs+drivers | exclude_time=['Discharge_CMS_lag_7', 'HoboWetDry0.05_lag_7']
RGCN_v2 input_dim=35 params=29,890
epoch   1/100  train=0.2575  val=0.3085  best=0.3085@1  24.3s *best*
epoch   2/100  train=0.1406  val=0.2901  best=0.2901@2  23.0s *best*
epoch   3/100  train=0.1202  val=0.2749  best=0.2749@3  23.8s *best*
epoch   4/100  train=0.1133  val=0.2552  best=0.2552@4  23.6s *best*
epoch   5/100  train=0.1099  val=0.2327  best=0.2327@5  23.6s *best*
epoch   6/100  train=0.1050  val=0.2070  best=0.2070@6  23.9s *best*
epoch   7/100  train=0.0997  val=0.1724  best=0.1724@7  23.2s *best*
epoch   8/100  train=0.1009  val=0.1952  best=0.1724@7  22.6s
epoch   9/100  train=0.0986  val=0.1906  best=0.1724@7  23.0s
epoch  10/100  train=0.0933  val=0.1786  best=0.1724@7  23.3s
epoch  11/100  train=0.0922  val=0.1730  best=0.1724@7  22.7s
epoch  12/100  train=0.0911  val=0.1724  best=0.1724@12  23.1s *best*
epoch  13/100  train=0.0890  val=0.1738  best=0.1724@12  22.9s
epoch  14/100  train=0.0871  val=0.1813  best=0.1724@12  23.3s
epoch  15/100  train=0.0883  val=0.1607  best=0.1607@15  23.1s *best*
epoch  16/100  train=0.0881  val=0.1602  best=0.1602@16  22.9s *best*
epoch  17/100  train=0.0849  val=0.1561  best=0.1561@17  22.7s *best*
epoch  18/100  train=0.0877  val=0.1689  best=0.1561@17  23.1s
epoch  19/100  train=0.0839  val=0.1692  best=0.1561@17  22.4s
epoch  20/100  train=0.0851  val=0.1693  best=0.1561@17  22.9s
epoch  21/100  train=0.0837  val=0.1627  best=0.1561@17  23.1s
epoch  22/100  train=0.0833  val=0.1679  best=0.1561@17  23.0s
epoch  23/100  train=0.0823  val=0.1590  best=0.1561@17  23.6s
epoch  24/100  train=0.0840  val=0.1786  best=0.1561@17  23.3s
epoch  25/100  train=0.0819  val=0.1623  best=0.1561@17  23.6s
epoch  26/100  train=0.0823  val=0.1750  best=0.1561@17  22.7s
epoch  27/100  train=0.0808  val=0.1720  best=0.1561@17  23.0s
epoch  28/100  train=0.0862  val=0.1834  best=0.1561@17  23.1s
epoch  29/100  train=0.0822  val=0.1725  best=0.1561@17  22.5s
epoch  30/100  train=0.0808  val=0.1766  best=0.1561@17  23.4s
epoch  31/100  train=0.0819  val=0.1689  best=0.1561@17  23.5s
epoch  32/100  train=0.0815  val=0.1733  best=0.1561@17  22.9s
epoch  33/100  train=0.0801  val=0.1880  best=0.1561@17  23.2s
epoch  34/100  train=0.0801  val=0.1834  best=0.1561@17  23.0s
epoch  35/100  train=0.0802  val=0.1734  best=0.1561@17  23.2s
epoch  36/100  train=0.0798  val=0.1636  best=0.1561@17  22.7s
epoch  37/100  train=0.0811  val=0.1829  best=0.1561@17  23.4s
Early stopping at epoch 37 (no improvement for 20).
Done. Best val=0.1561 @ epoch 17. Saved /bluesclues-data/home/michaelmurphy/saas-river-forecasting/data/retrain/flagship/best_model_flagablq652s_lr3e3.pt
=== train ablq652s do00  22:51:56 ===
Device: cuda:0 (NVIDIA RTX 6000 Ada Generation)
Windows: 4944 train / 37 val | epochs=100 | forecast_mask=obs+drivers | exclude_time=['Discharge_CMS_lag_7', 'HoboWetDry0.05_lag_7']
RGCN_v2 input_dim=35 params=29,890
epoch   1/100  train=0.3353  val=0.3049  best=0.3049@1  24.1s *best*
epoch   2/100  train=0.1420  val=0.3016  best=0.3016@2  23.5s *best*
epoch   3/100  train=0.1216  val=0.2921  best=0.2921@3  23.9s *best*
epoch   4/100  train=0.1084  val=0.2757  best=0.2757@4  23.3s *best*
epoch   5/100  train=0.1025  val=0.2610  best=0.2610@5  23.4s *best*
epoch   6/100  train=0.0977  val=0.2508  best=0.2508@6  23.2s *best*
epoch   7/100  train=0.0943  val=0.2439  best=0.2439@7  23.4s *best*
epoch   8/100  train=0.0925  val=0.2290  best=0.2290@8  23.1s *best*
epoch   9/100  train=0.0947  val=0.2269  best=0.2269@9  23.4s *best*
epoch  10/100  train=0.0908  val=0.2198  best=0.2198@10  23.5s *best*
epoch  11/100  train=0.0886  val=0.2024  best=0.2024@11  23.2s *best*
epoch  12/100  train=0.0878  val=0.1894  best=0.1894@12  23.5s *best*
epoch  13/100  train=0.0865  val=0.1901  best=0.1894@12  23.7s
epoch  14/100  train=0.0866  val=0.1876  best=0.1876@14  24.0s *best*
epoch  15/100  train=0.0858  val=0.1797  best=0.1797@15  23.2s *best*
epoch  16/100  train=0.0856  val=0.1856  best=0.1797@15  23.7s
epoch  17/100  train=0.0843  val=0.1759  best=0.1759@17  23.4s *best*
epoch  18/100  train=0.0855  val=0.1801  best=0.1759@17  23.4s
epoch  19/100  train=0.0834  val=0.1767  best=0.1759@17  23.2s
epoch  20/100  train=0.0838  val=0.1745  best=0.1745@20  23.6s *best*
epoch  21/100  train=0.0841  val=0.1694  best=0.1694@21  23.7s *best*
epoch  22/100  train=0.0817  val=0.1748  best=0.1694@21  23.4s
epoch  23/100  train=0.0820  val=0.1643  best=0.1643@23  23.7s *best*
epoch  24/100  train=0.0812  val=0.1678  best=0.1643@23  23.2s
epoch  25/100  train=0.0812  val=0.1686  best=0.1643@23  23.2s
epoch  26/100  train=0.0805  val=0.1627  best=0.1627@26  23.7s *best*
epoch  27/100  train=0.0792  val=0.1606  best=0.1606@27  23.7s *best*
epoch  28/100  train=0.0792  val=0.1690  best=0.1606@27  23.2s
epoch  29/100  train=0.0788  val=0.1678  best=0.1606@27  23.3s
epoch  30/100  train=0.0805  val=0.1613  best=0.1606@27  23.6s
epoch  31/100  train=0.0785  val=0.1686  best=0.1606@27  23.4s
epoch  32/100  train=0.0800  val=0.1592  best=0.1592@32  23.0s *best*
epoch  33/100  train=0.0794  val=0.1685  best=0.1592@32  23.2s
epoch  34/100  train=0.0773  val=0.1619  best=0.1592@32  22.9s
epoch  35/100  train=0.0792  val=0.1721  best=0.1592@32  23.0s
epoch  36/100  train=0.0781  val=0.1725  best=0.1592@32  23.4s
epoch  37/100  train=0.0786  val=0.1624  best=0.1592@32  23.6s
epoch  38/100  train=0.0776  val=0.1681  best=0.1592@32  23.4s
epoch  39/100  train=0.0769  val=0.1596  best=0.1592@32  23.1s
epoch  40/100  train=0.0762  val=0.1730  best=0.1592@32  23.8s
epoch  41/100  train=0.0762  val=0.1600  best=0.1592@32  23.9s
epoch  42/100  train=0.0764  val=0.1603  best=0.1592@32  23.2s
epoch  43/100  train=0.0761  val=0.1750  best=0.1592@32  23.8s
epoch  44/100  train=0.0772  val=0.1503  best=0.1503@44  23.5s *best*
epoch  45/100  train=0.0770  val=0.1542  best=0.1503@44  23.7s
epoch  46/100  train=0.0771  val=0.1688  best=0.1503@44  23.7s
epoch  47/100  train=0.0793  val=0.1541  best=0.1503@44  23.7s
epoch  48/100  train=0.0770  val=0.1571  best=0.1503@44  23.6s
epoch  49/100  train=0.0766  val=0.1525  best=0.1503@44  23.1s
epoch  50/100  train=0.0755  val=0.1689  best=0.1503@44  23.2s
epoch  51/100  train=0.0761  val=0.1559  best=0.1503@44  23.7s
epoch  52/100  train=0.0760  val=0.1607  best=0.1503@44  23.9s
epoch  53/100  train=0.0749  val=0.1609  best=0.1503@44  23.3s
epoch  54/100  train=0.0750  val=0.1653  best=0.1503@44  23.4s
epoch  55/100  train=0.0753  val=0.1546  best=0.1503@44  23.4s
epoch  56/100  train=0.0751  val=0.1617  best=0.1503@44  23.2s
epoch  57/100  train=0.0745  val=0.1673  best=0.1503@44  24.0s
epoch  58/100  train=0.0770  val=0.1615  best=0.1503@44  23.2s
epoch  59/100  train=0.0765  val=0.1586  best=0.1503@44  23.1s
epoch  60/100  train=0.0747  val=0.1588  best=0.1503@44  23.1s
epoch  61/100  train=0.0745  val=0.1657  best=0.1503@44  23.5s
epoch  62/100  train=0.0748  val=0.1507  best=0.1503@44  23.3s
epoch  63/100  train=0.0745  val=0.1625  best=0.1503@44  23.4s
epoch  64/100  train=0.0750  val=0.1610  best=0.1503@44  23.0s
Early stopping at epoch 64 (no improvement for 20).
Done. Best val=0.1503 @ epoch 44. Saved /bluesclues-data/home/michaelmurphy/saas-river-forecasting/data/retrain/flagship/best_model_flagablq652s_do00.pt
=== train ablq652s do03  23:17:04 ===
Device: cuda:0 (NVIDIA RTX 6000 Ada Generation)
Windows: 4944 train / 37 val | epochs=100 | forecast_mask=obs+drivers | exclude_time=['Discharge_CMS_lag_7', 'HoboWetDry0.05_lag_7']
RGCN_v2 input_dim=35 params=29,890
epoch   1/100  train=0.3742  val=0.3019  best=0.3019@1  23.8s *best*
epoch   2/100  train=0.1789  val=0.3035  best=0.3019@1  22.9s
epoch   3/100  train=0.1518  val=0.3080  best=0.3019@1  22.8s
epoch   4/100  train=0.1401  val=0.2935  best=0.2935@4  23.3s *best*
epoch   5/100  train=0.1309  val=0.2712  best=0.2712@5  23.4s *best*
epoch   6/100  train=0.1251  val=0.2646  best=0.2646@6  23.1s *best*
epoch   7/100  train=0.1209  val=0.2766  best=0.2646@6  23.3s
epoch   8/100  train=0.1177  val=0.2683  best=0.2646@6  23.7s
epoch   9/100  train=0.1153  val=0.2650  best=0.2646@6  23.4s
epoch  10/100  train=0.1123  val=0.2580  best=0.2580@10  23.5s *best*
epoch  11/100  train=0.1109  val=0.2313  best=0.2313@11  23.4s *best*
epoch  12/100  train=0.1093  val=0.2313  best=0.2313@12  23.3s *best*
epoch  13/100  train=0.1060  val=0.2286  best=0.2286@13  22.8s *best*
epoch  14/100  train=0.1040  val=0.2277  best=0.2277@14  23.5s *best*
epoch  15/100  train=0.1036  val=0.2299  best=0.2277@14  23.6s
epoch  16/100  train=0.1019  val=0.2408  best=0.2277@14  23.4s
epoch  17/100  train=0.1012  val=0.2239  best=0.2239@17  23.5s *best*
epoch  18/100  train=0.1023  val=0.2377  best=0.2239@17  23.5s
epoch  19/100  train=0.0985  val=0.2359  best=0.2239@17  23.1s
epoch  20/100  train=0.0975  val=0.2181  best=0.2181@20  23.3s *best*
epoch  21/100  train=0.0974  val=0.2259  best=0.2181@20  23.4s
epoch  22/100  train=0.0974  val=0.2286  best=0.2181@20  23.1s
epoch  23/100  train=0.0961  val=0.2369  best=0.2181@20  23.5s
epoch  24/100  train=0.0959  val=0.2374  best=0.2181@20  22.9s
epoch  25/100  train=0.0949  val=0.2255  best=0.2181@20  23.4s
epoch  26/100  train=0.0933  val=0.2315  best=0.2181@20  23.1s
epoch  27/100  train=0.0928  val=0.2296  best=0.2181@20  23.6s
epoch  28/100  train=0.0922  val=0.2418  best=0.2181@20  23.3s
epoch  29/100  train=0.0939  val=0.2217  best=0.2181@20  22.9s
epoch  30/100  train=0.0919  val=0.2230  best=0.2181@20  23.6s
epoch  31/100  train=0.0916  val=0.2413  best=0.2181@20  23.6s
epoch  32/100  train=0.0912  val=0.2232  best=0.2181@20  23.1s
epoch  33/100  train=0.0900  val=0.2357  best=0.2181@20  22.9s
epoch  34/100  train=0.0911  val=0.2333  best=0.2181@20  23.7s
epoch  35/100  train=0.0906  val=0.2271  best=0.2181@20  23.5s
epoch  36/100  train=0.0893  val=0.2340  best=0.2181@20  23.0s
epoch  37/100  train=0.0891  val=0.2388  best=0.2181@20  22.3s
epoch  38/100  train=0.0897  val=0.2307  best=0.2181@20  23.0s
epoch  39/100  train=0.0893  val=0.2409  best=0.2181@20  23.2s
epoch  40/100  train=0.0878  val=0.2417  best=0.2181@20  23.0s
Early stopping at epoch 40 (no improvement for 20).
Done. Best val=0.2181 @ epoch 20. Saved /bluesclues-data/home/michaelmurphy/saas-river-forecasting/data/retrain/flagship/best_model_flagablq652s_do03.pt
=== train ablq652s wd0  23:32:43 ===
Device: cuda:0 (NVIDIA RTX 6000 Ada Generation)
Windows: 4944 train / 37 val | epochs=100 | forecast_mask=obs+drivers | exclude_time=['Discharge_CMS_lag_7', 'HoboWetDry0.05_lag_7']
RGCN_v2 input_dim=35 params=29,890
epoch   1/100  train=0.3480  val=0.2992  best=0.2992@1  24.1s *best*
epoch   2/100  train=0.1603  val=0.2964  best=0.2964@2  23.2s *best*
epoch   3/100  train=0.1374  val=0.2921  best=0.2921@3  23.6s *best*
epoch   4/100  train=0.1261  val=0.2757  best=0.2757@4  23.2s *best*
epoch   5/100  train=0.1180  val=0.2658  best=0.2658@5  23.3s *best*
epoch   6/100  train=0.1141  val=0.2555  best=0.2555@6  23.5s *best*
epoch   7/100  train=0.1105  val=0.2536  best=0.2536@7  23.2s *best*
epoch   8/100  train=0.1082  val=0.2476  best=0.2476@8  22.7s *best*
epoch   9/100  train=0.1052  val=0.2425  best=0.2425@9  23.4s *best*
epoch  10/100  train=0.1040  val=0.2394  best=0.2394@10  23.2s *best*
epoch  11/100  train=0.1024  val=0.2172  best=0.2172@11  23.0s *best*
epoch  12/100  train=0.1008  val=0.2123  best=0.2123@12  22.8s *best*
epoch  13/100  train=0.0990  val=0.2101  best=0.2101@13  23.6s *best*
epoch  14/100  train=0.0981  val=0.2003  best=0.2003@14  23.1s *best*
epoch  15/100  train=0.0972  val=0.2124  best=0.2003@14  22.9s
epoch  16/100  train=0.0959  val=0.2115  best=0.2003@14  23.4s
epoch  17/100  train=0.0962  val=0.2029  best=0.2003@14  22.8s
epoch  18/100  train=0.0955  val=0.2088  best=0.2003@14  23.0s
epoch  19/100  train=0.0927  val=0.2051  best=0.2003@14  23.1s
epoch  20/100  train=0.0920  val=0.1909  best=0.1909@20  23.3s *best*
epoch  21/100  train=0.0921  val=0.1963  best=0.1909@20  23.2s
epoch  22/100  train=0.0908  val=0.1996  best=0.1909@20  23.3s
epoch  23/100  train=0.0905  val=0.1937  best=0.1909@20  23.6s
epoch  24/100  train=0.0898  val=0.2044  best=0.1909@20  23.3s
epoch  25/100  train=0.0884  val=0.1967  best=0.1909@20  23.0s
epoch  26/100  train=0.0878  val=0.2070  best=0.1909@20  23.1s
epoch  27/100  train=0.0868  val=0.1992  best=0.1909@20  23.4s
epoch  28/100  train=0.0861  val=0.1998  best=0.1909@20  22.9s
epoch  29/100  train=0.0867  val=0.1807  best=0.1807@29  23.1s *best*
epoch  30/100  train=0.0863  val=0.1971  best=0.1807@29  23.4s
epoch  31/100  train=0.0864  val=0.2000  best=0.1807@29  23.0s
epoch  32/100  train=0.0858  val=0.1965  best=0.1807@29  23.5s
epoch  33/100  train=0.0842  val=0.2157  best=0.1807@29  23.3s
epoch  34/100  train=0.0837  val=0.2080  best=0.1807@29  22.8s
epoch  35/100  train=0.0835  val=0.2034  best=0.1807@29  23.5s
epoch  36/100  train=0.0838  val=0.2071  best=0.1807@29  23.0s
epoch  37/100  train=0.0835  val=0.2116  best=0.1807@29  23.1s
epoch  38/100  train=0.0832  val=0.2094  best=0.1807@29  23.2s
epoch  39/100  train=0.0832  val=0.2084  best=0.1807@29  23.4s
epoch  40/100  train=0.0820  val=0.2185  best=0.1807@29  23.0s
epoch  41/100  train=0.0821  val=0.1962  best=0.1807@29  23.2s
epoch  42/100  train=0.0829  val=0.1913  best=0.1807@29  23.0s
epoch  43/100  train=0.0819  val=0.2164  best=0.1807@29  23.2s
epoch  44/100  train=0.0837  val=0.2025  best=0.1807@29  23.2s
epoch  45/100  train=0.0816  val=0.1992  best=0.1807@29  23.4s
epoch  46/100  train=0.0809  val=0.2178  best=0.1807@29  22.9s
epoch  47/100  train=0.0824  val=0.1863  best=0.1807@29  23.5s
epoch  48/100  train=0.0809  val=0.1948  best=0.1807@29  23.3s
epoch  49/100  train=0.0827  val=0.1961  best=0.1807@29  22.9s
Early stopping at epoch 49 (no improvement for 20).
Done. Best val=0.1807 @ epoch 29. Saved /bluesclues-data/home/michaelmurphy/saas-river-forecasting/data/retrain/flagship/best_model_flagablq652s_wd0.pt
=== train ablq652s wd1e3  23:51:48 ===
Device: cuda:0 (NVIDIA RTX 6000 Ada Generation)
Windows: 4944 train / 37 val | epochs=100 | forecast_mask=obs+drivers | exclude_time=['Discharge_CMS_lag_7', 'HoboWetDry0.05_lag_7']
RGCN_v2 input_dim=35 params=29,890
epoch   1/100  train=0.3484  val=0.2987  best=0.2987@1  23.0s *best*
epoch   2/100  train=0.1603  val=0.2932  best=0.2932@2  22.8s *best*
epoch   3/100  train=0.1370  val=0.2871  best=0.2871@3  22.9s *best*
epoch   4/100  train=0.1259  val=0.2675  best=0.2675@4  23.2s *best*
epoch   5/100  train=0.1180  val=0.2563  best=0.2563@5  22.9s *best*
epoch   6/100  train=0.1134  val=0.2453  best=0.2453@6  22.8s *best*
epoch   7/100  train=0.1093  val=0.2405  best=0.2405@7  23.4s *best*
epoch   8/100  train=0.1096  val=0.2260  best=0.2260@8  22.8s *best*
epoch   9/100  train=0.1077  val=0.2115  best=0.2115@9  22.9s *best*
epoch  10/100  train=0.1079  val=0.2126  best=0.2115@9  23.1s
epoch  11/100  train=0.1043  val=0.2001  best=0.2001@11  23.0s *best*
epoch  12/100  train=0.1026  val=0.1969  best=0.1969@12  22.5s *best*
epoch  13/100  train=0.1004  val=0.1945  best=0.1945@13  22.7s *best*
epoch  14/100  train=0.0994  val=0.1946  best=0.1945@13  23.1s
epoch  15/100  train=0.0984  val=0.1960  best=0.1945@13  22.6s
epoch  16/100  train=0.0969  val=0.1921  best=0.1921@16  23.4s *best*
epoch  17/100  train=0.0963  val=0.1836  best=0.1836@17  23.3s *best*
epoch  18/100  train=0.0978  val=0.1857  best=0.1836@17  22.4s
epoch  19/100  train=0.0951  val=0.1827  best=0.1827@19  22.6s *best*
epoch  20/100  train=0.0940  val=0.1785  best=0.1785@20  23.2s *best*
epoch  21/100  train=0.0924  val=0.1755  best=0.1755@21  22.7s *best*
epoch  22/100  train=0.0922  val=0.1875  best=0.1755@21  23.3s
epoch  23/100  train=0.0944  val=0.1669  best=0.1669@23  23.0s *best*
epoch  24/100  train=0.0920  val=0.1736  best=0.1669@23  22.3s
epoch  25/100  train=0.0911  val=0.1691  best=0.1669@23  23.3s
epoch  26/100  train=0.0902  val=0.1788  best=0.1669@23  23.1s
epoch  27/100  train=0.0895  val=0.1745  best=0.1669@23  22.7s
epoch  28/100  train=0.0897  val=0.1729  best=0.1669@23  22.6s
epoch  29/100  train=0.0891  val=0.1697  best=0.1669@23  22.4s
epoch  30/100  train=0.0898  val=0.1726  best=0.1669@23  23.1s
epoch  31/100  train=0.0896  val=0.1658  best=0.1658@31  22.8s *best*
epoch  32/100  train=0.0892  val=0.1677  best=0.1658@31  22.9s
epoch  33/100  train=0.0882  val=0.1748  best=0.1658@31  22.6s
epoch  34/100  train=0.0878  val=0.1614  best=0.1614@34  23.3s *best*
epoch  35/100  train=0.0878  val=0.1732  best=0.1614@34  23.2s
epoch  36/100  train=0.0870  val=0.1721  best=0.1614@34  23.0s
epoch  37/100  train=0.0868  val=0.1757  best=0.1614@34  23.0s
epoch  38/100  train=0.0899  val=0.1710  best=0.1614@34  22.9s
epoch  39/100  train=0.0893  val=0.1670  best=0.1614@34  23.3s
epoch  40/100  train=0.0874  val=0.1789  best=0.1614@34  23.0s
epoch  41/100  train=0.0870  val=0.1611  best=0.1611@41  23.4s *best*
epoch  42/100  train=0.0877  val=0.1612  best=0.1611@41  23.6s
epoch  43/100  train=0.0878  val=0.1791  best=0.1611@41  22.9s
epoch  44/100  train=0.0891  val=0.1645  best=0.1611@41  23.1s
epoch  45/100  train=0.0876  val=0.1616  best=0.1611@41  23.3s
epoch  46/100  train=0.0869  val=0.1754  best=0.1611@41  22.7s
epoch  47/100  train=0.0873  val=0.1605  best=0.1605@47  23.2s *best*
epoch  48/100  train=0.0862  val=0.1677  best=0.1605@47  23.3s
epoch  49/100  train=0.0867  val=0.1672  best=0.1605@47  23.1s
epoch  50/100  train=0.0865  val=0.1682  best=0.1605@47  22.9s
epoch  51/100  train=0.0879  val=0.1668  best=0.1605@47  23.0s
epoch  52/100  train=0.0851  val=0.1702  best=0.1605@47  23.3s
epoch  53/100  train=0.0853  val=0.1664  best=0.1605@47  23.0s
epoch  54/100  train=0.0860  val=0.1686  best=0.1605@47  23.4s
epoch  55/100  train=0.0862  val=0.1609  best=0.1605@47  23.0s
epoch  56/100  train=0.0860  val=0.1611  best=0.1605@47  23.0s
epoch  57/100  train=0.0853  val=0.1765  best=0.1605@47  22.4s
epoch  58/100  train=0.0868  val=0.1627  best=0.1605@47  23.3s
epoch  59/100  train=0.0889  val=0.1579  best=0.1579@59  23.0s *best*
epoch  60/100  train=0.0855  val=0.1612  best=0.1579@59  23.2s
epoch  61/100  train=0.0846  val=0.1664  best=0.1579@59  23.2s
epoch  62/100  train=0.0854  val=0.1586  best=0.1579@59  23.2s
epoch  63/100  train=0.0844  val=0.1655  best=0.1579@59  23.4s
epoch  64/100  train=0.0850  val=0.1701  best=0.1579@59  23.1s
epoch  65/100  train=0.0851  val=0.1706  best=0.1579@59  22.9s
epoch  66/100  train=0.0837  val=0.1656  best=0.1579@59  23.1s
epoch  67/100  train=0.0852  val=0.1630  best=0.1579@59  23.2s
epoch  68/100  train=0.0852  val=0.1612  best=0.1579@59  22.8s
epoch  69/100  train=0.0838  val=0.1645  best=0.1579@59  23.4s
epoch  70/100  train=0.0846  val=0.1685  best=0.1579@59  23.0s
epoch  71/100  train=0.0839  val=0.1772  best=0.1579@59  23.1s
epoch  72/100  train=0.0843  val=0.1696  best=0.1579@59  23.4s
epoch  73/100  train=0.0832  val=0.1661  best=0.1579@59  22.9s
epoch  74/100  train=0.0848  val=0.1680  best=0.1579@59  23.2s
epoch  75/100  train=0.0839  val=0.1630  best=0.1579@59  23.1s
epoch  76/100  train=0.0829  val=0.1600  best=0.1579@59  23.5s
epoch  77/100  train=0.0851  val=0.1725  best=0.1579@59  23.5s
epoch  78/100  train=0.0830  val=0.1645  best=0.1579@59  23.1s
epoch  79/100  train=0.0836  val=0.1645  best=0.1579@59  23.5s
Early stopping at epoch 79 (no improvement for 20).
Done. Best val=0.1579 @ epoch 59. Saved /bluesclues-data/home/michaelmurphy/saas-river-forecasting/data/retrain/flagship/best_model_flagablq652s_wd1e3.pt
=== train ablq652s nostat  00:22:16 ===
Device: cuda:0 (NVIDIA RTX 6000 Ada Generation)
Windows: 4944 train / 37 val | epochs=100 | forecast_mask=obs+drivers | exclude_time=['Discharge_CMS_lag_7', 'HoboWetDry0.05_lag_7'] | exclude_static
RGCN_v2 input_dim=18 params=25,538
epoch   1/100  train=0.4082  val=0.2953  best=0.2953@1  23.9s *best*
epoch   2/100  train=0.1669  val=0.2722  best=0.2722@2  23.6s *best*
epoch   3/100  train=0.1401  val=0.2508  best=0.2508@3  23.2s *best*
epoch   4/100  train=0.1270  val=0.2274  best=0.2274@4  23.3s *best*
epoch   5/100  train=0.1175  val=0.2206  best=0.2206@5  23.8s *best*
epoch   6/100  train=0.1141  val=0.2068  best=0.2068@6  33.7s *best*
epoch   7/100  train=0.1101  val=0.2114  best=0.2068@6  76.8s
epoch   8/100  train=0.1100  val=0.2050  best=0.2050@8  100.0s *best*
epoch   9/100  train=0.1075  val=0.2061  best=0.2050@8  78.5s
epoch  10/100  train=0.1044  val=0.2129  best=0.2050@8  45.3s
epoch  11/100  train=0.1038  val=0.1912  best=0.1912@11  23.7s *best*
epoch  12/100  train=0.1016  val=0.1899  best=0.1899@12  23.6s *best*
epoch  13/100  train=0.1004  val=0.1902  best=0.1899@12  23.8s
epoch  14/100  train=0.0996  val=0.1899  best=0.1899@14  23.6s *best*
epoch  15/100  train=0.0975  val=0.1909  best=0.1899@14  23.3s
epoch  16/100  train=0.0985  val=0.1935  best=0.1899@14  23.6s
epoch  17/100  train=0.0972  val=0.1906  best=0.1899@14  24.1s
epoch  18/100  train=0.0968  val=0.1952  best=0.1899@14  23.7s
epoch  19/100  train=0.0952  val=0.1816  best=0.1816@19  23.5s *best*
epoch  20/100  train=0.0941  val=0.1852  best=0.1816@19  23.8s
epoch  21/100  train=0.0939  val=0.1760  best=0.1760@21  22.9s *best*
epoch  22/100  train=0.0918  val=0.1806  best=0.1760@21  23.2s
epoch  23/100  train=0.0912  val=0.1819  best=0.1760@21  23.6s
epoch  24/100  train=0.0909  val=0.1805  best=0.1760@21  22.9s
epoch  25/100  train=0.0900  val=0.1748  best=0.1748@25  23.3s *best*
epoch  26/100  train=0.0898  val=0.1813  best=0.1748@25  23.5s
epoch  27/100  train=0.0896  val=0.1757  best=0.1748@25  23.1s
epoch  28/100  train=0.0888  val=0.1778  best=0.1748@25  22.8s
epoch  29/100  train=0.0885  val=0.1703  best=0.1703@29  23.2s *best*
epoch  30/100  train=0.0877  val=0.1700  best=0.1700@30  23.1s *best*
epoch  31/100  train=0.0890  val=0.1724  best=0.1700@30  23.0s
epoch  32/100  train=0.0873  val=0.1622  best=0.1622@32  23.0s *best*
epoch  33/100  train=0.0867  val=0.1685  best=0.1622@32  22.8s
epoch  34/100  train=0.0859  val=0.1678  best=0.1622@32  23.5s
epoch  35/100  train=0.0853  val=0.1730  best=0.1622@32  23.0s
epoch  36/100  train=0.0851  val=0.1708  best=0.1622@32  23.1s
epoch  37/100  train=0.0852  val=0.1635  best=0.1622@32  22.9s
epoch  38/100  train=0.0851  val=0.1671  best=0.1622@32  23.1s
epoch  39/100  train=0.0855  val=0.1585  best=0.1585@39  23.2s *best*
epoch  40/100  train=0.0842  val=0.1726  best=0.1585@39  23.3s
epoch  41/100  train=0.0837  val=0.1631  best=0.1585@39  23.8s
epoch  42/100  train=0.0845  val=0.1647  best=0.1585@39  23.1s
epoch  43/100  train=0.0842  val=0.1746  best=0.1585@39  23.2s
epoch  44/100  train=0.0858  val=0.1623  best=0.1585@39  23.1s
epoch  45/100  train=0.0852  val=0.1620  best=0.1585@39  23.4s
epoch  46/100  train=0.0840  val=0.1695  best=0.1585@39  23.0s
epoch  47/100  train=0.0836  val=0.1596  best=0.1585@39  23.0s
epoch  48/100  train=0.0825  val=0.1628  best=0.1585@39  22.8s
epoch  49/100  train=0.0832  val=0.1614  best=0.1585@39  22.9s
epoch  50/100  train=0.0828  val=0.1649  best=0.1585@39  22.9s
epoch  51/100  train=0.0832  val=0.1637  best=0.1585@39  22.9s
epoch  52/100  train=0.0825  val=0.1637  best=0.1585@39  23.3s
epoch  53/100  train=0.0825  val=0.1568  best=0.1568@53  23.9s *best*
epoch  54/100  train=0.0832  val=0.1557  best=0.1557@54  23.3s *best*
epoch  55/100  train=0.0823  val=0.1568  best=0.1557@54  23.2s
epoch  56/100  train=0.0816  val=0.1577  best=0.1557@54  23.0s
epoch  57/100  train=0.0820  val=0.1653  best=0.1557@54  22.8s
epoch  58/100  train=0.0819  val=0.1619  best=0.1557@54  23.2s
epoch  59/100  train=0.0816  val=0.1564  best=0.1557@54  23.1s
epoch  60/100  train=0.0812  val=0.1624  best=0.1557@54  23.2s
epoch  61/100  train=0.0806  val=0.1694  best=0.1557@54  23.3s
epoch  62/100  train=0.0818  val=0.1589  best=0.1557@54  23.5s
epoch  63/100  train=0.0809  val=0.1618  best=0.1557@54  22.8s
epoch  64/100  train=0.0813  val=0.1638  best=0.1557@54  22.6s
epoch  65/100  train=0.0817  val=0.1592  best=0.1557@54  22.7s
epoch  66/100  train=0.0805  val=0.1618  best=0.1557@54  22.7s
epoch  67/100  train=0.0809  val=0.1582  best=0.1557@54  22.8s
epoch  68/100  train=0.0808  val=0.1595  best=0.1557@54  23.0s
epoch  69/100  train=0.0805  val=0.1634  best=0.1557@54  22.8s
epoch  70/100  train=0.0798  val=0.1579  best=0.1557@54  22.6s
epoch  71/100  train=0.0797  val=0.1706  best=0.1557@54  23.3s
epoch  72/100  train=0.0805  val=0.1608  best=0.1557@54  22.7s
epoch  73/100  train=0.0793  val=0.1603  best=0.1557@54  22.9s
epoch  74/100  train=0.0802  val=0.1626  best=0.1557@54  23.0s
Early stopping at epoch 74 (no improvement for 20).
Done. Best val=0.1557 @ epoch 54. Saved /bluesclues-data/home/michaelmurphy/saas-river-forecasting/data/retrain/flagship/best_model_flagablq652s_nostat.pt
SHARD_B_DONE 2026-09-08 00:54:40
