=== train ablq652s l05c10  22:07:55 ===
Device: cuda:0 (NVIDIA RTX 6000 Ada Generation)
Windows: 4944 train / 37 val | epochs=100 | forecast_mask=obs+drivers | exclude_time=['Discharge_CMS_lag_7', 'HoboWetDry0.05_lag_7']
RGCN_v2 input_dim=35 params=29,890
epoch   1/100  train=0.3785  val=0.4560  best=0.4560@1  19.2s *best*
epoch   2/100  train=0.1480  val=0.4721  best=0.4560@1  27.7s
epoch   3/100  train=0.1199  val=0.4258  best=0.4258@3  17.8s *best*
epoch   4/100  train=0.1062  val=0.4001  best=0.4001@4  22.2s *best*
epoch   5/100  train=0.0991  val=0.3559  best=0.3559@5  17.7s *best*
epoch   6/100  train=0.0958  val=0.3309  best=0.3309@6  28.3s *best*
epoch   7/100  train=0.0904  val=0.2830  best=0.2830@7  19.5s *best*
epoch   8/100  train=0.0902  val=0.2838  best=0.2830@7  19.5s
epoch   9/100  train=0.0872  val=0.2901  best=0.2830@7  18.3s
epoch  10/100  train=0.0855  val=0.3053  best=0.2830@7  28.6s
epoch  11/100  train=0.0833  val=0.2672  best=0.2672@11  20.8s *best*
epoch  12/100  train=0.0827  val=0.2721  best=0.2672@11  17.1s
epoch  13/100  train=0.0796  val=0.2580  best=0.2580@13  18.3s *best*
epoch  14/100  train=0.0789  val=0.2704  best=0.2580@13  27.0s
epoch  15/100  train=0.0777  val=0.2477  best=0.2477@15  20.7s *best*
epoch  16/100  train=0.0761  val=0.2497  best=0.2477@15  18.0s
epoch  17/100  train=0.0756  val=0.2276  best=0.2276@17  17.3s *best*
epoch  18/100  train=0.0779  val=0.2631  best=0.2276@17  28.5s
epoch  19/100  train=0.0741  val=0.2562  best=0.2276@17  21.9s
epoch  20/100  train=0.0749  val=0.2320  best=0.2276@17  17.1s
epoch  21/100  train=0.0723  val=0.2385  best=0.2276@17  18.0s
epoch  22/100  train=0.0726  val=0.2392  best=0.2276@17  17.0s
epoch  23/100  train=0.0728  val=0.2269  best=0.2269@23  17.0s *best*
epoch  24/100  train=0.0726  val=0.2642  best=0.2269@23  18.9s
epoch  25/100  train=0.0721  val=0.2413  best=0.2269@23  20.5s
epoch  26/100  train=0.0710  val=0.2413  best=0.2269@23  16.6s
epoch  27/100  train=0.0701  val=0.2397  best=0.2269@23  21.1s
epoch  28/100  train=0.0695  val=0.2803  best=0.2269@23  18.1s
epoch  29/100  train=0.0718  val=0.2053  best=0.2053@29  16.7s *best*
epoch  30/100  train=0.0700  val=0.2574  best=0.2053@29  16.4s
epoch  31/100  train=0.0700  val=0.2421  best=0.2053@29  16.6s
epoch  32/100  train=0.0704  val=0.2353  best=0.2053@29  16.4s
epoch  33/100  train=0.0678  val=0.2795  best=0.2053@29  16.5s
epoch  34/100  train=0.0688  val=0.2437  best=0.2053@29  16.3s
epoch  35/100  train=0.0679  val=0.2594  best=0.2053@29  16.1s
epoch  36/100  train=0.0674  val=0.2709  best=0.2053@29  17.0s
epoch  37/100  train=0.0676  val=0.2761  best=0.2053@29  17.4s
epoch  38/100  train=0.0676  val=0.2457  best=0.2053@29  26.5s
epoch  39/100  train=0.0683  val=0.2416  best=0.2053@29  18.9s
epoch  40/100  train=0.0667  val=0.3220  best=0.2053@29  21.2s
epoch  41/100  train=0.0674  val=0.2279  best=0.2053@29  22.5s
epoch  42/100  train=0.0677  val=0.2263  best=0.2053@29  29.5s
epoch  43/100  train=0.0660  val=0.2650  best=0.2053@29  20.9s
epoch  44/100  train=0.0677  val=0.2537  best=0.2053@29  22.1s
epoch  45/100  train=0.0659  val=0.2308  best=0.2053@29  18.3s
epoch  46/100  train=0.0660  val=0.2777  best=0.2053@29  18.1s
epoch  47/100  train=0.0674  val=0.2444  best=0.2053@29  22.1s
epoch  48/100  train=0.0656  val=0.2343  best=0.2053@29  22.7s
epoch  49/100  train=0.0676  val=0.2304  best=0.2053@29  23.4s
Early stopping at epoch 49 (no improvement for 20).
Done. Best val=0.2053 @ epoch 29. Saved /bluesclues-data/home/michaelmurphy/saas-river-forecasting/data/retrain/flagship/best_model_flagablq652s_l05c10.pt
=== train ablq652s l10c10  22:24:31 ===
Device: cuda:0 (NVIDIA RTX 6000 Ada Generation)
Windows: 4944 train / 37 val | epochs=100 | forecast_mask=obs+drivers | exclude_time=['Discharge_CMS_lag_7', 'HoboWetDry0.05_lag_7']
RGCN_v2 input_dim=35 params=29,890
epoch   1/100  train=0.4822  val=0.5027  best=0.5027@1  22.8s *best*
epoch   2/100  train=0.2052  val=0.5054  best=0.5027@1  18.3s
epoch   3/100  train=0.1709  val=0.4793  best=0.4793@3  34.4s *best*
epoch   4/100  train=0.1537  val=0.4481  best=0.4481@4  23.0s *best*
epoch   5/100  train=0.1496  val=0.4184  best=0.4184@5  21.9s *best*
epoch   6/100  train=0.1415  val=0.4161  best=0.4161@6  18.1s *best*
epoch   7/100  train=0.1352  val=0.3825  best=0.3825@7  18.9s *best*
epoch   8/100  train=0.1328  val=0.3562  best=0.3562@8  21.8s *best*
epoch   9/100  train=0.1292  val=0.3507  best=0.3507@9  18.0s *best*
epoch  10/100  train=0.1261  val=0.3509  best=0.3507@9  31.3s
epoch  11/100  train=0.1248  val=0.3308  best=0.3308@11  26.3s *best*
epoch  12/100  train=0.1232  val=0.3204  best=0.3204@12  21.4s *best*
epoch  13/100  train=0.1204  val=0.3152  best=0.3152@13  17.8s *best*
epoch  14/100  train=0.1188  val=0.3154  best=0.3152@13  18.8s
epoch  15/100  train=0.1172  val=0.3153  best=0.3152@13  21.2s
epoch  16/100  train=0.1149  val=0.3065  best=0.3065@16  17.8s *best*
epoch  17/100  train=0.1141  val=0.2932  best=0.2932@17  22.0s *best*
epoch  18/100  train=0.1161  val=0.3135  best=0.2932@17  18.4s
epoch  19/100  train=0.1119  val=0.3000  best=0.2932@17  19.4s
epoch  20/100  train=0.1113  val=0.2796  best=0.2796@20  19.5s *best*
epoch  21/100  train=0.1093  val=0.2869  best=0.2796@20  19.0s
epoch  22/100  train=0.1092  val=0.3008  best=0.2796@20  19.0s
epoch  23/100  train=0.1098  val=0.2797  best=0.2796@20  18.5s
epoch  24/100  train=0.1103  val=0.3012  best=0.2796@20  18.6s
epoch  25/100  train=0.1085  val=0.2909  best=0.2796@20  19.6s
epoch  26/100  train=0.1059  val=0.2858  best=0.2796@20  18.7s
epoch  27/100  train=0.1050  val=0.2820  best=0.2796@20  19.0s
epoch  28/100  train=0.1039  val=0.3148  best=0.2796@20  17.6s
epoch  29/100  train=0.1053  val=0.2552  best=0.2552@29  19.3s *best*
epoch  30/100  train=0.1040  val=0.2971  best=0.2552@29  18.9s
epoch  31/100  train=0.1038  val=0.2897  best=0.2552@29  18.2s
epoch  32/100  train=0.1041  val=0.2870  best=0.2552@29  22.9s
epoch  33/100  train=0.1034  val=0.3287  best=0.2552@29  18.3s
epoch  34/100  train=0.1054  val=0.3004  best=0.2552@29  21.5s
epoch  35/100  train=0.1049  val=0.2998  best=0.2552@29  19.1s
epoch  36/100  train=0.1014  val=0.3212  best=0.2552@29  19.3s
epoch  37/100  train=0.1016  val=0.3113  best=0.2552@29  20.6s
epoch  38/100  train=0.1011  val=0.2894  best=0.2552@29  20.1s
epoch  39/100  train=0.1024  val=0.2803  best=0.2552@29  21.8s
epoch  40/100  train=0.0998  val=0.3554  best=0.2552@29  19.6s
epoch  41/100  train=0.1009  val=0.2607  best=0.2552@29  19.5s
epoch  42/100  train=0.1011  val=0.2712  best=0.2552@29  19.6s
epoch  43/100  train=0.0994  val=0.3137  best=0.2552@29  19.3s
epoch  44/100  train=0.1024  val=0.3054  best=0.2552@29  18.5s
epoch  45/100  train=0.0993  val=0.2812  best=0.2552@29  19.9s
epoch  46/100  train=0.0982  val=0.3356  best=0.2552@29  18.8s
epoch  47/100  train=0.1001  val=0.2761  best=0.2552@29  17.6s
epoch  48/100  train=0.0986  val=0.2829  best=0.2552@29  20.3s
epoch  49/100  train=0.1004  val=0.2841  best=0.2552@29  21.1s
Early stopping at epoch 49 (no improvement for 20).
Done. Best val=0.2552 @ epoch 29. Saved /bluesclues-data/home/michaelmurphy/saas-river-forecasting/data/retrain/flagship/best_model_flagablq652s_l10c10.pt
=== train ablq652s reg_only  22:41:15 ===
Device: cuda:0 (NVIDIA RTX 6000 Ada Generation)
Windows: 4944 train / 37 val | epochs=100 | forecast_mask=obs+drivers | exclude_time=['Discharge_CMS_lag_7', 'HoboWetDry0.05_lag_7']
RGCN_v2 input_dim=35 params=29,890
epoch   1/100  train=0.1608  val=0.1212  best=0.1212@1  19.1s *best*
epoch   2/100  train=0.0972  val=0.1057  best=0.1057@2  17.0s *best*
epoch   3/100  train=0.0897  val=0.0965  best=0.0965@3  17.3s *best*
epoch   4/100  train=0.0861  val=0.0987  best=0.0965@3  17.4s
epoch   5/100  train=0.0834  val=0.0979  best=0.0965@3  17.4s
epoch   6/100  train=0.0814  val=0.0953  best=0.0953@6  17.2s *best*
epoch   7/100  train=0.0799  val=0.0923  best=0.0923@7  17.2s *best*
epoch   8/100  train=0.0791  val=0.0887  best=0.0887@8  17.1s *best*
epoch   9/100  train=0.0772  val=0.0921  best=0.0887@8  17.1s
epoch  10/100  train=0.0755  val=0.0939  best=0.0887@8  16.4s
epoch  11/100  train=0.0759  val=0.0922  best=0.0887@8  16.7s
epoch  12/100  train=0.0753  val=0.0937  best=0.0887@8  16.3s
epoch  13/100  train=0.0739  val=0.0889  best=0.0887@8  16.8s
epoch  14/100  train=0.0726  val=0.0887  best=0.0887@8  17.3s
epoch  15/100  train=0.0718  val=0.0860  best=0.0860@15  17.2s *best*
epoch  16/100  train=0.0707  val=0.0833  best=0.0833@16  17.2s *best*
epoch  17/100  train=0.0707  val=0.0846  best=0.0833@16  16.9s
epoch  18/100  train=0.0705  val=0.0840  best=0.0833@16  17.5s
epoch  19/100  train=0.0687  val=0.0903  best=0.0833@16  17.1s
epoch  20/100  train=0.0685  val=0.0826  best=0.0826@20  17.4s *best*
epoch  21/100  train=0.0683  val=0.0828  best=0.0826@20  17.2s
epoch  22/100  train=0.0677  val=0.0844  best=0.0826@20  16.3s
epoch  23/100  train=0.0676  val=0.0798  best=0.0798@23  16.6s *best*
epoch  24/100  train=0.0670  val=0.0822  best=0.0798@23  17.0s
epoch  25/100  train=0.0668  val=0.0829  best=0.0798@23  17.4s
epoch  26/100  train=0.0658  val=0.0822  best=0.0798@23  16.5s
epoch  27/100  train=0.0654  val=0.0818  best=0.0798@23  17.1s
epoch  28/100  train=0.0653  val=0.0816  best=0.0798@23  17.5s
epoch  29/100  train=0.0652  val=0.0811  best=0.0798@23  17.5s
epoch  30/100  train=0.0655  val=0.0825  best=0.0798@23  16.9s
epoch  31/100  train=0.0650  val=0.0828  best=0.0798@23  17.0s
epoch  32/100  train=0.0654  val=0.0813  best=0.0798@23  17.6s
epoch  33/100  train=0.0639  val=0.0828  best=0.0798@23  16.8s
epoch  34/100  train=0.0641  val=0.0799  best=0.0798@23  17.4s
epoch  35/100  train=0.0637  val=0.0805  best=0.0798@23  16.7s
epoch  36/100  train=0.0639  val=0.0810  best=0.0798@23  17.1s
epoch  37/100  train=0.0637  val=0.0813  best=0.0798@23  17.6s
epoch  38/100  train=0.0639  val=0.0815  best=0.0798@23  17.6s
epoch  39/100  train=0.0637  val=0.0821  best=0.0798@23  17.0s
epoch  40/100  train=0.0631  val=0.0828  best=0.0798@23  17.2s
epoch  41/100  train=0.0635  val=0.0826  best=0.0798@23  17.7s
epoch  42/100  train=0.0635  val=0.0778  best=0.0778@42  17.3s *best*
epoch  43/100  train=0.0626  val=0.0884  best=0.0778@42  17.0s
epoch  44/100  train=0.0640  val=0.0784  best=0.0778@42  16.8s
epoch  45/100  train=0.0632  val=0.0805  best=0.0778@42  16.4s
epoch  46/100  train=0.0624  val=0.0789  best=0.0778@42  17.2s
epoch  47/100  train=0.0626  val=0.0781  best=0.0778@42  16.8s
epoch  48/100  train=0.0623  val=0.0811  best=0.0778@42  17.1s
epoch  49/100  train=0.0631  val=0.0838  best=0.0778@42  16.8s
epoch  50/100  train=0.0625  val=0.0819  best=0.0778@42  17.3s
epoch  51/100  train=0.0617  val=0.0817  best=0.0778@42  17.0s
epoch  52/100  train=0.0614  val=0.0807  best=0.0778@42  17.4s
epoch  53/100  train=0.0620  val=0.0776  best=0.0776@53  16.9s *best*
epoch  54/100  train=0.0619  val=0.0818  best=0.0776@53  16.8s
epoch  55/100  train=0.0613  val=0.0771  best=0.0771@55  17.4s *best*
epoch  56/100  train=0.0619  val=0.0781  best=0.0771@55  17.5s
epoch  57/100  train=0.0618  val=0.0809  best=0.0771@55  17.3s
epoch  58/100  train=0.0616  val=0.0777  best=0.0771@55  16.6s
epoch  59/100  train=0.0610  val=0.0818  best=0.0771@55  17.2s
epoch  60/100  train=0.0619  val=0.0803  best=0.0771@55  16.7s
epoch  61/100  train=0.0613  val=0.0818  best=0.0771@55  17.3s
epoch  62/100  train=0.0617  val=0.0762  best=0.0762@62  17.2s *best*
epoch  63/100  train=0.0603  val=0.0800  best=0.0762@62  17.2s
epoch  64/100  train=0.0609  val=0.0792  best=0.0762@62  17.3s
epoch  65/100  train=0.0615  val=0.0778  best=0.0762@62  17.2s
epoch  66/100  train=0.0606  val=0.0799  best=0.0762@62  17.4s
epoch  67/100  train=0.0609  val=0.0778  best=0.0762@62  17.3s
epoch  68/100  train=0.0610  val=0.0813  best=0.0762@62  17.0s
epoch  69/100  train=0.0612  val=0.0826  best=0.0762@62  17.2s
epoch  70/100  train=0.0605  val=0.0791  best=0.0762@62  16.7s
epoch  71/100  train=0.0607  val=0.0792  best=0.0762@62  17.1s
epoch  72/100  train=0.0604  val=0.0769  best=0.0762@62  16.7s
epoch  73/100  train=0.0600  val=0.0790  best=0.0762@62  17.4s
epoch  74/100  train=0.0606  val=0.0811  best=0.0762@62  17.5s
epoch  75/100  train=0.0603  val=0.0812  best=0.0762@62  17.7s
epoch  76/100  train=0.0606  val=0.0787  best=0.0762@62  16.9s
epoch  77/100  train=0.0600  val=0.0812  best=0.0762@62  17.0s
epoch  78/100  train=0.0597  val=0.0807  best=0.0762@62  17.5s
epoch  79/100  train=0.0604  val=0.0772  best=0.0762@62  17.4s
epoch  80/100  train=0.0609  val=0.0773  best=0.0762@62  17.2s
epoch  81/100  train=0.0601  val=0.0814  best=0.0762@62  16.2s
epoch  82/100  train=0.0600  val=0.0799  best=0.0762@62  16.3s
Early stopping at epoch 82 (no improvement for 20).
Done. Best val=0.0762 @ epoch 62. Saved /bluesclues-data/home/michaelmurphy/saas-river-forecasting/data/retrain/flagship/best_model_flagablq652s_reg_only.pt
=== train ablq652s cls_only  23:04:47 ===
Device: cuda:0 (NVIDIA RTX 6000 Ada Generation)
Windows: 4944 train / 37 val | epochs=100 | forecast_mask=obs+drivers | exclude_time=['Discharge_CMS_lag_7', 'HoboWetDry0.05_lag_7']
RGCN_v2 input_dim=35 params=29,890
epoch   1/100  train=0.1324  val=0.2104  best=0.2104@1  16.8s *best*
epoch   2/100  train=0.0417  val=0.2118  best=0.2104@1  17.0s
epoch   3/100  train=0.0323  val=0.1735  best=0.1735@3  16.6s *best*
epoch   4/100  train=0.0271  val=0.1599  best=0.1599@4  17.0s *best*
epoch   5/100  train=0.0245  val=0.1221  best=0.1221@5  17.2s *best*
epoch   6/100  train=0.0233  val=0.1162  best=0.1162@6  16.9s *best*
epoch   7/100  train=0.0212  val=0.0968  best=0.0968@7  17.0s *best*
epoch   8/100  train=0.0219  val=0.1292  best=0.0968@7  16.4s
epoch   9/100  train=0.0207  val=0.1257  best=0.0968@7  16.8s
epoch  10/100  train=0.0199  val=0.1382  best=0.0968@7  17.4s
epoch  11/100  train=0.0193  val=0.1011  best=0.0968@7  17.5s
epoch  12/100  train=0.0190  val=0.1124  best=0.0968@7  16.9s
epoch  13/100  train=0.0182  val=0.1088  best=0.0968@7  16.7s
epoch  14/100  train=0.0181  val=0.1238  best=0.0968@7  17.3s
epoch  15/100  train=0.0184  val=0.0966  best=0.0966@15  17.2s *best*
epoch  16/100  train=0.0176  val=0.0977  best=0.0966@15  17.1s
epoch  17/100  train=0.0176  val=0.0899  best=0.0899@17  16.7s *best*
epoch  18/100  train=0.0184  val=0.1137  best=0.0899@17  16.8s
epoch  19/100  train=0.0171  val=0.1119  best=0.0899@17  17.3s
epoch  20/100  train=0.0178  val=0.1037  best=0.0899@17  16.9s
epoch  21/100  train=0.0168  val=0.1106  best=0.0899@17  17.3s
epoch  22/100  train=0.0170  val=0.0949  best=0.0899@17  16.4s
epoch  23/100  train=0.0166  val=0.1030  best=0.0899@17  16.5s
epoch  24/100  train=0.0171  val=0.1027  best=0.0899@17  16.3s
epoch  25/100  train=0.0165  val=0.0965  best=0.0899@17  17.1s
epoch  26/100  train=0.0167  val=0.0962  best=0.0899@17  17.4s
epoch  27/100  train=0.0163  val=0.0936  best=0.0899@17  17.0s
epoch  28/100  train=0.0160  val=0.1145  best=0.0899@17  16.8s
epoch  29/100  train=0.0166  val=0.0907  best=0.0899@17  17.4s
epoch  30/100  train=0.0160  val=0.0963  best=0.0899@17  16.5s
epoch  31/100  train=0.0160  val=0.0867  best=0.0867@31  16.5s *best*
epoch  32/100  train=0.0161  val=0.0876  best=0.0867@31  16.2s
epoch  33/100  train=0.0157  val=0.1069  best=0.0867@31  17.3s
epoch  34/100  train=0.0156  val=0.1073  best=0.0867@31  17.2s
epoch  35/100  train=0.0158  val=0.0994  best=0.0867@31  16.3s
epoch  36/100  train=0.0158  val=0.1036  best=0.0867@31  16.4s
epoch  37/100  train=0.0156  val=0.1078  best=0.0867@31  16.3s
epoch  38/100  train=0.0153  val=0.1101  best=0.0867@31  16.4s
epoch  39/100  train=0.0159  val=0.0920  best=0.0867@31  16.6s
epoch  40/100  train=0.0155  val=0.1232  best=0.0867@31  16.4s
epoch  41/100  train=0.0159  val=0.0955  best=0.0867@31  16.4s
epoch  42/100  train=0.0156  val=0.0913  best=0.0867@31  16.8s
epoch  43/100  train=0.0148  val=0.0933  best=0.0867@31  15.6s
epoch  44/100  train=0.0154  val=0.0997  best=0.0867@31  16.3s
epoch  45/100  train=0.0155  val=0.0768  best=0.0768@45  16.7s *best*
epoch  46/100  train=0.0151  val=0.1092  best=0.0768@45  18.0s
epoch  47/100  train=0.0151  val=0.0745  best=0.0745@47  18.2s *best*
epoch  48/100  train=0.0149  val=0.0791  best=0.0745@47  18.1s
epoch  49/100  train=0.0157  val=0.0937  best=0.0745@47  18.4s
epoch  50/100  train=0.0146  val=0.0924  best=0.0745@47  18.7s
epoch  51/100  train=0.0150  val=0.0912  best=0.0745@47  19.6s
epoch  52/100  train=0.0147  val=0.1078  best=0.0745@47  19.1s
epoch  53/100  train=0.0145  val=0.0993  best=0.0745@47  19.1s
epoch  54/100  train=0.0145  val=0.0981  best=0.0745@47  19.3s
epoch  55/100  train=0.0142  val=0.1046  best=0.0745@47  19.1s
epoch  56/100  train=0.0144  val=0.1010  best=0.0745@47  18.8s
epoch  57/100  train=0.0142  val=0.1215  best=0.0745@47  19.8s
epoch  58/100  train=0.0146  val=0.1078  best=0.0745@47  18.8s
epoch  59/100  train=0.0150  val=0.0932  best=0.0745@47  19.1s
epoch  60/100  train=0.0151  val=0.0871  best=0.0745@47  18.2s
epoch  61/100  train=0.0145  val=0.1127  best=0.0745@47  19.4s
epoch  62/100  train=0.0145  val=0.1018  best=0.0745@47  19.0s
epoch  63/100  train=0.0139  val=0.1084  best=0.0745@47  18.4s
epoch  64/100  train=0.0143  val=0.1114  best=0.0745@47  18.7s
epoch  65/100  train=0.0143  val=0.0991  best=0.0745@47  18.6s
epoch  66/100  train=0.0137  val=0.1208  best=0.0745@47  18.3s
epoch  67/100  train=0.0144  val=0.1005  best=0.0745@47  18.9s
Early stopping at epoch 67 (no improvement for 20).
Done. Best val=0.0745 @ epoch 47. Saved /bluesclues-data/home/michaelmurphy/saas-river-forecasting/data/retrain/flagship/best_model_flagablq652s_cls_only.pt
=== train ablq652s fpw1  23:24:23 ===
Device: cuda:0 (NVIDIA RTX 6000 Ada Generation)
Windows: 4944 train / 37 val | epochs=100 | forecast_mask=obs+drivers | exclude_time=['Discharge_CMS_lag_7', 'HoboWetDry0.05_lag_7']
RGCN_v2 input_dim=35 params=29,890
epoch   1/100  train=0.3346  val=0.2327  best=0.2327@1  18.4s *best*
epoch   2/100  train=0.1417  val=0.2198  best=0.2198@2  17.2s *best*
epoch   3/100  train=0.1254  val=0.2119  best=0.2119@3  17.3s *best*
epoch   4/100  train=0.1166  val=0.2127  best=0.2119@3  16.9s
epoch   5/100  train=0.1096  val=0.2082  best=0.2082@5  17.4s *best*
epoch   6/100  train=0.1051  val=0.1984  best=0.1984@6  17.1s *best*
epoch   7/100  train=0.1013  val=0.2038  best=0.1984@6  16.7s
epoch   8/100  train=0.1007  val=0.2007  best=0.1984@6  17.4s
epoch   9/100  train=0.0978  val=0.1904  best=0.1904@9  16.8s *best*
epoch  10/100  train=0.0960  val=0.1959  best=0.1904@9  17.4s
epoch  11/100  train=0.0958  val=0.1851  best=0.1851@11  17.5s *best*
epoch  12/100  train=0.0953  val=0.1848  best=0.1848@12  17.6s *best*
epoch  13/100  train=0.0923  val=0.1818  best=0.1818@13  16.5s *best*
epoch  14/100  train=0.0915  val=0.1759  best=0.1759@14  16.9s *best*
epoch  15/100  train=0.0904  val=0.1794  best=0.1759@14  17.5s
epoch  16/100  train=0.0893  val=0.1757  best=0.1757@16  17.4s *best*
epoch  17/100  train=0.0891  val=0.1667  best=0.1667@17  16.9s *best*
epoch  18/100  train=0.0902  val=0.1636  best=0.1636@18  17.0s *best*
epoch  19/100  train=0.0866  val=0.1597  best=0.1597@19  16.6s *best*
epoch  20/100  train=0.0859  val=0.1557  best=0.1557@20  17.5s *best*
epoch  21/100  train=0.0863  val=0.1536  best=0.1536@21  17.1s *best*
epoch  22/100  train=0.0850  val=0.1514  best=0.1514@22  17.3s *best*
epoch  23/100  train=0.0858  val=0.1502  best=0.1502@23  17.0s *best*
epoch  24/100  train=0.0853  val=0.1563  best=0.1502@23  16.4s
epoch  25/100  train=0.0844  val=0.1513  best=0.1502@23  16.3s
epoch  26/100  train=0.0827  val=0.1536  best=0.1502@23  17.2s
epoch  27/100  train=0.0819  val=0.1535  best=0.1502@23  17.4s
epoch  28/100  train=0.0820  val=0.1477  best=0.1477@28  17.0s *best*
epoch  29/100  train=0.0816  val=0.1437  best=0.1437@29  16.5s *best*
epoch  30/100  train=0.0811  val=0.1479  best=0.1437@29  17.0s
epoch  31/100  train=0.0810  val=0.1430  best=0.1430@31  17.4s *best*
epoch  32/100  train=0.0801  val=0.1430  best=0.1430@32  17.3s *best*
epoch  33/100  train=0.0797  val=0.1489  best=0.1430@32  17.5s
epoch  34/100  train=0.0790  val=0.1449  best=0.1430@32  17.4s
epoch  35/100  train=0.0786  val=0.1447  best=0.1430@32  17.0s
epoch  36/100  train=0.0790  val=0.1464  best=0.1430@32  17.4s
epoch  37/100  train=0.0787  val=0.1477  best=0.1430@32  17.1s
epoch  38/100  train=0.0785  val=0.1445  best=0.1430@32  17.3s
epoch  39/100  train=0.0790  val=0.1462  best=0.1430@32  17.1s
epoch  40/100  train=0.0813  val=0.1453  best=0.1430@32  16.6s
epoch  41/100  train=0.0772  val=0.1389  best=0.1389@41  17.5s *best*
epoch  42/100  train=0.0780  val=0.1363  best=0.1363@42  16.7s *best*
epoch  43/100  train=0.0773  val=0.1508  best=0.1363@42  16.9s
epoch  44/100  train=0.0790  val=0.1381  best=0.1363@42  16.9s
epoch  45/100  train=0.0776  val=0.1415  best=0.1363@42  16.7s
epoch  46/100  train=0.0760  val=0.1463  best=0.1363@42  17.2s
epoch  47/100  train=0.0775  val=0.1384  best=0.1363@42  17.4s
epoch  48/100  train=0.0765  val=0.1414  best=0.1363@42  16.8s
epoch  49/100  train=0.0775  val=0.1408  best=0.1363@42  16.9s
epoch  50/100  train=0.0764  val=0.1458  best=0.1363@42  17.0s
epoch  51/100  train=0.0766  val=0.1435  best=0.1363@42  17.2s
epoch  52/100  train=0.0755  val=0.1450  best=0.1363@42  16.9s
epoch  53/100  train=0.0754  val=0.1410  best=0.1363@42  17.0s
epoch  54/100  train=0.0756  val=0.1451  best=0.1363@42  16.5s
epoch  55/100  train=0.0751  val=0.1305  best=0.1305@55  17.1s *best*
epoch  56/100  train=0.0759  val=0.1318  best=0.1305@55  17.3s
epoch  57/100  train=0.0753  val=0.1531  best=0.1305@55  17.3s
epoch  58/100  train=0.0761  val=0.1406  best=0.1305@55  16.7s
epoch  59/100  train=0.0749  val=0.1386  best=0.1305@55  17.3s
epoch  60/100  train=0.0752  val=0.1506  best=0.1305@55  17.6s
epoch  61/100  train=0.0747  val=0.1440  best=0.1305@55  17.2s
epoch  62/100  train=0.0749  val=0.1367  best=0.1305@55  17.5s
epoch  63/100  train=0.0759  val=0.1440  best=0.1305@55  16.8s
epoch  64/100  train=0.0747  val=0.1428  best=0.1305@55  17.4s
epoch  65/100  train=0.0752  val=0.1458  best=0.1305@55  16.7s
epoch  66/100  train=0.0739  val=0.1442  best=0.1305@55  17.1s
epoch  67/100  train=0.0746  val=0.1376  best=0.1305@55  16.6s
epoch  68/100  train=0.0740  val=0.1386  best=0.1305@55  17.0s
epoch  69/100  train=0.0743  val=0.1448  best=0.1305@55  17.1s
epoch  70/100  train=0.0753  val=0.1457  best=0.1305@55  17.4s
epoch  71/100  train=0.0736  val=0.1478  best=0.1305@55  16.9s
epoch  72/100  train=0.0737  val=0.1482  best=0.1305@55  17.2s
epoch  73/100  train=0.0733  val=0.1376  best=0.1305@55  17.3s
epoch  74/100  train=0.0738  val=0.1418  best=0.1305@55  17.1s
epoch  75/100  train=0.0753  val=0.1370  best=0.1305@55  16.7s
Early stopping at epoch 75 (no improvement for 20).
Done. Best val=0.1305 @ epoch 55. Saved /bluesclues-data/home/michaelmurphy/saas-river-forecasting/data/retrain/flagship/best_model_flagablq652s_fpw1.pt
=== train ablq652s fpw4  23:45:53 ===
Device: cuda:0 (NVIDIA RTX 6000 Ada Generation)
Windows: 4944 train / 37 val | epochs=100 | forecast_mask=obs+drivers | exclude_time=['Discharge_CMS_lag_7', 'HoboWetDry0.05_lag_7']
RGCN_v2 input_dim=35 params=29,890
epoch   1/100  train=0.3712  val=0.4092  best=0.4092@1  18.5s *best*
epoch   2/100  train=0.1849  val=0.4206  best=0.4092@1  17.4s
epoch   3/100  train=0.1530  val=0.3832  best=0.3832@3  16.8s *best*
epoch   4/100  train=0.1399  val=0.3482  best=0.3482@4  17.0s *best*
epoch   5/100  train=0.1299  val=0.3241  best=0.3241@5  17.6s *best*
epoch   6/100  train=0.1263  val=0.3122  best=0.3122@6  17.2s *best*
epoch   7/100  train=0.1204  val=0.2864  best=0.2864@7  17.1s *best*
epoch   8/100  train=0.1193  val=0.2871  best=0.2864@7  17.1s
epoch   9/100  train=0.1153  val=0.2944  best=0.2864@7  17.3s
epoch  10/100  train=0.1143  val=0.3009  best=0.2864@7  16.7s
epoch  11/100  train=0.1119  val=0.2813  best=0.2813@11  17.2s *best*
epoch  12/100  train=0.1101  val=0.2772  best=0.2772@12  17.4s *best*
epoch  13/100  train=0.1069  val=0.2764  best=0.2764@13  17.2s *best*
epoch  14/100  train=0.1059  val=0.2693  best=0.2693@14  17.5s *best*
epoch  15/100  train=0.1049  val=0.2654  best=0.2654@15  17.3s *best*
epoch  16/100  train=0.1036  val=0.2719  best=0.2654@15  16.8s
epoch  17/100  train=0.1022  val=0.2622  best=0.2622@17  17.5s *best*
epoch  18/100  train=0.1035  val=0.2622  best=0.2622@18  17.6s *best*
epoch  19/100  train=0.1010  val=0.2635  best=0.2622@18  17.2s
epoch  20/100  train=0.0991  val=0.2411  best=0.2411@20  16.8s *best*
epoch  21/100  train=0.0985  val=0.2526  best=0.2411@20  16.8s
epoch  22/100  train=0.0980  val=0.2486  best=0.2411@20  16.6s
epoch  23/100  train=0.0975  val=0.2472  best=0.2411@20  15.8s
epoch  24/100  train=0.0973  val=0.2729  best=0.2411@20  15.9s
epoch  25/100  train=0.0960  val=0.2491  best=0.2411@20  17.4s
epoch  26/100  train=0.0950  val=0.2608  best=0.2411@20  17.4s
epoch  27/100  train=0.0946  val=0.2609  best=0.2411@20  17.3s
epoch  28/100  train=0.0936  val=0.2789  best=0.2411@20  16.8s
epoch  29/100  train=0.0948  val=0.2146  best=0.2146@29  17.4s *best*
epoch  30/100  train=0.0938  val=0.2750  best=0.2146@29  17.4s
epoch  31/100  train=0.0939  val=0.2558  best=0.2146@29  16.6s
epoch  32/100  train=0.0930  val=0.2492  best=0.2146@29  16.8s
epoch  33/100  train=0.0914  val=0.3111  best=0.2146@29  17.0s
epoch  34/100  train=0.0920  val=0.2638  best=0.2146@29  17.6s
epoch  35/100  train=0.0908  val=0.2983  best=0.2146@29  16.7s
epoch  36/100  train=0.0915  val=0.2864  best=0.2146@29  17.3s
epoch  37/100  train=0.0914  val=0.2958  best=0.2146@29  16.8s
epoch  38/100  train=0.0916  val=0.2574  best=0.2146@29  17.2s
epoch  39/100  train=0.0918  val=0.2594  best=0.2146@29  17.2s
epoch  40/100  train=0.0899  val=0.3144  best=0.2146@29  17.1s
epoch  41/100  train=0.0902  val=0.2427  best=0.2146@29  17.2s
epoch  42/100  train=0.0911  val=0.2360  best=0.2146@29  17.3s
epoch  43/100  train=0.0902  val=0.3062  best=0.2146@29  17.7s
epoch  44/100  train=0.0919  val=0.2860  best=0.2146@29  17.4s
epoch  45/100  train=0.0911  val=0.2588  best=0.2146@29  16.6s
epoch  46/100  train=0.0900  val=0.3100  best=0.2146@29  16.6s
epoch  47/100  train=0.0901  val=0.2513  best=0.2146@29  17.5s
epoch  48/100  train=0.0891  val=0.2251  best=0.2146@29  17.3s
epoch  49/100  train=0.0905  val=0.2398  best=0.2146@29  16.9s
Early stopping at epoch 49 (no improvement for 20).
Done. Best val=0.2146 @ epoch 29. Saved /bluesclues-data/home/michaelmurphy/saas-river-forecasting/data/retrain/flagship/best_model_flagablq652s_fpw4.pt
=== train ablq652s h32  00:00:00 ===
Device: cuda:0 (NVIDIA RTX 6000 Ada Generation)
Windows: 4944 train / 37 val | epochs=100 | forecast_mask=obs+drivers | exclude_time=['Discharge_CMS_lag_7', 'HoboWetDry0.05_lag_7']
RGCN_v2 input_dim=35 params=9,826
epoch   1/100  train=0.5726  val=0.3807  best=0.3807@1  12.8s *best*
epoch   2/100  train=0.2343  val=0.3087  best=0.3087@2  12.5s *best*
epoch   3/100  train=0.1653  val=0.3022  best=0.3022@3  12.0s *best*
epoch   4/100  train=0.1385  val=0.3010  best=0.3010@4  12.2s *best*
epoch   5/100  train=0.1292  val=0.3002  best=0.3002@5  12.0s *best*
epoch   6/100  train=0.1214  val=0.2885  best=0.2885@6  12.9s *best*
epoch   7/100  train=0.1164  val=0.2719  best=0.2719@7  12.8s *best*
epoch   8/100  train=0.1142  val=0.2530  best=0.2530@8  12.7s *best*
epoch   9/100  train=0.1110  val=0.2373  best=0.2373@9  12.5s *best*
epoch  10/100  train=0.1085  val=0.2268  best=0.2268@10  11.8s *best*
epoch  11/100  train=0.1077  val=0.2160  best=0.2160@11  12.0s *best*
epoch  12/100  train=0.1054  val=0.2218  best=0.2160@11  12.1s
epoch  13/100  train=0.1044  val=0.2141  best=0.2141@13  11.8s *best*
epoch  14/100  train=0.1038  val=0.2106  best=0.2106@14  12.4s *best*
epoch  15/100  train=0.1024  val=0.2107  best=0.2106@14  12.6s
epoch  16/100  train=0.1010  val=0.2098  best=0.2098@16  12.4s *best*
epoch  17/100  train=0.1006  val=0.2112  best=0.2098@16  12.3s
epoch  18/100  train=0.1003  val=0.2110  best=0.2098@16  12.3s
epoch  19/100  train=0.0982  val=0.2043  best=0.2043@19  12.2s *best*
epoch  20/100  train=0.0983  val=0.2090  best=0.2043@19  12.3s
epoch  21/100  train=0.0972  val=0.1984  best=0.1984@21  12.3s *best*
epoch  22/100  train=0.0965  val=0.1971  best=0.1971@22  11.9s *best*
epoch  23/100  train=0.0961  val=0.1948  best=0.1948@23  12.8s *best*
epoch  24/100  train=0.0951  val=0.2015  best=0.1948@23  12.5s
epoch  25/100  train=0.0951  val=0.1902  best=0.1902@25  12.8s *best*
epoch  26/100  train=0.0939  val=0.1965  best=0.1902@25  12.8s
epoch  27/100  train=0.0927  val=0.1959  best=0.1902@25  12.0s
epoch  28/100  train=0.0925  val=0.1981  best=0.1902@25  12.2s
epoch  29/100  train=0.0923  val=0.1853  best=0.1853@29  12.8s *best*
epoch  30/100  train=0.0914  val=0.1814  best=0.1814@30  12.0s *best*
epoch  31/100  train=0.0914  val=0.1889  best=0.1814@30  12.5s
epoch  32/100  train=0.0909  val=0.1802  best=0.1802@32  12.6s *best*
epoch  33/100  train=0.0898  val=0.1875  best=0.1802@32  12.4s
epoch  34/100  train=0.0898  val=0.1850  best=0.1802@32  12.3s
epoch  35/100  train=0.0896  val=0.1847  best=0.1802@32  12.7s
epoch  36/100  train=0.0885  val=0.1888  best=0.1802@32  12.5s
epoch  37/100  train=0.0881  val=0.1864  best=0.1802@32  12.7s
epoch  38/100  train=0.0889  val=0.1862  best=0.1802@32  12.8s
epoch  39/100  train=0.0881  val=0.1808  best=0.1802@32  12.0s
epoch  40/100  train=0.0871  val=0.1903  best=0.1802@32  12.0s
epoch  41/100  train=0.0866  val=0.1796  best=0.1796@41  12.7s *best*
epoch  42/100  train=0.0872  val=0.1783  best=0.1783@42  12.7s *best*
epoch  43/100  train=0.0870  val=0.1889  best=0.1783@42  12.4s
epoch  44/100  train=0.0880  val=0.1778  best=0.1778@44  12.7s *best*
epoch  45/100  train=0.0865  val=0.1779  best=0.1778@44  12.1s
epoch  46/100  train=0.0869  val=0.1799  best=0.1778@44  11.9s
epoch  47/100  train=0.0860  val=0.1760  best=0.1760@47  12.8s *best*
epoch  48/100  train=0.0854  val=0.1826  best=0.1760@47  12.9s
epoch  49/100  train=0.0858  val=0.1742  best=0.1742@49  12.7s *best*
epoch  50/100  train=0.0849  val=0.1847  best=0.1742@49  12.3s
epoch  51/100  train=0.0853  val=0.1834  best=0.1742@49  12.3s
epoch  52/100  train=0.0850  val=0.1830  best=0.1742@49  12.1s
epoch  53/100  train=0.0843  val=0.1759  best=0.1742@49  12.3s
epoch  54/100  train=0.0850  val=0.1795  best=0.1742@49  12.5s
epoch  55/100  train=0.0840  val=0.1664  best=0.1664@55  12.2s *best*
epoch  56/100  train=0.0844  val=0.1704  best=0.1664@55  12.9s
epoch  57/100  train=0.0843  val=0.1881  best=0.1664@55  11.9s
epoch  58/100  train=0.0842  val=0.1814  best=0.1664@55  12.0s
epoch  59/100  train=0.0833  val=0.1776  best=0.1664@55  12.4s
epoch  60/100  train=0.0837  val=0.1808  best=0.1664@55  12.4s
epoch  61/100  train=0.0834  val=0.1833  best=0.1664@55  12.7s
epoch  62/100  train=0.0835  val=0.1728  best=0.1664@55  12.2s
epoch  63/100  train=0.0827  val=0.1785  best=0.1664@55  12.1s
epoch  64/100  train=0.0834  val=0.1822  best=0.1664@55  12.3s
epoch  65/100  train=0.0842  val=0.1823  best=0.1664@55  11.9s
epoch  66/100  train=0.0821  val=0.1806  best=0.1664@55  11.9s
epoch  67/100  train=0.0833  val=0.1773  best=0.1664@55  12.6s
epoch  68/100  train=0.0827  val=0.1762  best=0.1664@55  12.9s
epoch  69/100  train=0.0825  val=0.1794  best=0.1664@55  12.0s
epoch  70/100  train=0.0827  val=0.1834  best=0.1664@55  12.7s
epoch  71/100  train=0.0820  val=0.1900  best=0.1664@55  12.7s
epoch  72/100  train=0.0817  val=0.1892  best=0.1664@55  12.7s
epoch  73/100  train=0.0814  val=0.1766  best=0.1664@55  12.4s
epoch  74/100  train=0.0819  val=0.1868  best=0.1664@55  12.8s
epoch  75/100  train=0.0813  val=0.1813  best=0.1664@55  12.1s
Early stopping at epoch 75 (no improvement for 20).
Done. Best val=0.1664 @ epoch 55. Saved /bluesclues-data/home/michaelmurphy/saas-river-forecasting/data/retrain/flagship/best_model_flagablq652s_h32.pt
=== train ablq652s h128  00:15:38 ===
Device: cuda:0 (NVIDIA RTX 6000 Ada Generation)
Windows: 4944 train / 37 val | epochs=100 | forecast_mask=obs+drivers | exclude_time=['Discharge_CMS_lag_7', 'HoboWetDry0.05_lag_7']
RGCN_v2 input_dim=35 params=100,738
epoch   1/100  train=0.2662  val=0.2917  best=0.2917@1  25.8s *best*
epoch   2/100  train=0.1486  val=0.2629  best=0.2629@2  25.1s *best*
epoch   3/100  train=0.1259  val=0.2410  best=0.2410@3  25.0s *best*
epoch   4/100  train=0.1247  val=0.2244  best=0.2244@4  25.5s *best*
epoch   5/100  train=0.1196  val=0.2151  best=0.2151@5  24.9s *best*
epoch   6/100  train=0.1158  val=0.2036  best=0.2036@6  25.5s *best*
epoch   7/100  train=0.1080  val=0.1950  best=0.1950@7  25.1s *best*
epoch   8/100  train=0.1060  val=0.1837  best=0.1837@8  25.3s *best*
epoch   9/100  train=0.1043  val=0.1916  best=0.1837@8  25.5s
epoch  10/100  train=0.0992  val=0.1859  best=0.1837@8  25.1s
epoch  11/100  train=0.0991  val=0.1853  best=0.1837@8  25.1s
epoch  12/100  train=0.0984  val=0.1851  best=0.1837@8  25.5s
epoch  13/100  train=0.0989  val=0.1802  best=0.1802@13  25.7s *best*
epoch  14/100  train=0.1005  val=0.1746  best=0.1746@14  25.3s *best*
epoch  15/100  train=0.0983  val=0.1696  best=0.1696@15  25.7s *best*
epoch  16/100  train=0.0937  val=0.1847  best=0.1696@15  25.3s
epoch  17/100  train=0.0923  val=0.1619  best=0.1619@17  24.9s *best*
epoch  18/100  train=0.0919  val=0.1762  best=0.1619@17  25.0s
epoch  19/100  train=0.0896  val=0.1712  best=0.1619@17  24.9s
epoch  20/100  train=0.0896  val=0.1620  best=0.1619@17  24.8s
epoch  21/100  train=0.0890  val=0.1595  best=0.1595@21  25.0s *best*
epoch  22/100  train=0.0880  val=0.1666  best=0.1595@21  25.2s
epoch  23/100  train=0.0870  val=0.1507  best=0.1507@23  24.9s *best*
epoch  24/100  train=0.0856  val=0.1656  best=0.1507@23  24.8s
epoch  25/100  train=0.0859  val=0.1520  best=0.1507@23  24.7s
epoch  26/100  train=0.0873  val=0.1644  best=0.1507@23  24.6s
epoch  27/100  train=0.0876  val=0.1530  best=0.1507@23  24.7s
epoch  28/100  train=0.0891  val=0.1605  best=0.1507@23  24.6s
epoch  29/100  train=0.0873  val=0.1474  best=0.1474@29  24.7s *best*
epoch  30/100  train=0.0856  val=0.1574  best=0.1474@29  24.7s
epoch  31/100  train=0.0847  val=0.1564  best=0.1474@29  24.9s
epoch  32/100  train=0.0854  val=0.1482  best=0.1474@29  24.8s
epoch  33/100  train=0.0816  val=0.1605  best=0.1474@29  24.8s
epoch  34/100  train=0.0834  val=0.1487  best=0.1474@29  24.3s
epoch  35/100  train=0.0814  val=0.1571  best=0.1474@29  25.7s
epoch  36/100  train=0.0823  val=0.1549  best=0.1474@29  25.2s
epoch  37/100  train=0.0816  val=0.1579  best=0.1474@29  25.4s
epoch  38/100  train=0.0812  val=0.1542  best=0.1474@29  25.3s
epoch  39/100  train=0.0818  val=0.1517  best=0.1474@29  24.9s
epoch  40/100  train=0.0805  val=0.1779  best=0.1474@29  25.6s
epoch  41/100  train=0.0851  val=0.1498  best=0.1474@29  25.6s
epoch  42/100  train=0.0829  val=0.1465  best=0.1465@42  25.2s *best*
epoch  43/100  train=0.0808  val=0.1630  best=0.1465@42  25.6s
epoch  44/100  train=0.0836  val=0.1528  best=0.1465@42  25.5s
epoch  45/100  train=0.0802  val=0.1490  best=0.1465@42  24.8s
epoch  46/100  train=0.0799  val=0.1598  best=0.1465@42  25.3s
epoch  47/100  train=0.0804  val=0.1458  best=0.1458@47  24.5s *best*
epoch  48/100  train=0.0790  val=0.1515  best=0.1458@47  24.9s
epoch  49/100  train=0.0813  val=0.1548  best=0.1458@47  25.5s
epoch  50/100  train=0.0783  val=0.1618  best=0.1458@47  24.8s
epoch  51/100  train=0.0788  val=0.1617  best=0.1458@47  24.6s
epoch  52/100  train=0.0787  val=0.1575  best=0.1458@47  24.6s
epoch  53/100  train=0.0785  val=0.1606  best=0.1458@47  24.9s
epoch  54/100  train=0.0782  val=0.1613  best=0.1458@47  24.9s
epoch  55/100  train=0.0783  val=0.1526  best=0.1458@47  24.9s
epoch  56/100  train=0.0791  val=0.1538  best=0.1458@47  24.7s
epoch  57/100  train=0.0785  val=0.1691  best=0.1458@47  25.4s
epoch  58/100  train=0.0785  val=0.1694  best=0.1458@47  24.7s
epoch  59/100  train=0.0783  val=0.1608  best=0.1458@47  24.6s
epoch  60/100  train=0.0781  val=0.1600  best=0.1458@47  24.4s
epoch  61/100  train=0.0775  val=0.1594  best=0.1458@47  25.0s
epoch  62/100  train=0.0785  val=0.1571  best=0.1458@47  25.3s
epoch  63/100  train=0.0771  val=0.1629  best=0.1458@47  25.3s
epoch  64/100  train=0.0775  val=0.1649  best=0.1458@47  25.2s
epoch  65/100  train=0.0777  val=0.1640  best=0.1458@47  24.7s
epoch  66/100  train=0.0775  val=0.1650  best=0.1458@47  24.6s
epoch  67/100  train=0.0785  val=0.1591  best=0.1458@47  24.8s
Early stopping at epoch 67 (no improvement for 20).
Done. Best val=0.1458 @ epoch 47. Saved /bluesclues-data/home/michaelmurphy/saas-river-forecasting/data/retrain/flagship/best_model_flagablq652s_h128.pt
SHARD_A_DONE 2026-09-08 00:43:44
