=== make_splits + prepare_data (2s)  00:45:08 ===
Cutoff date: 2020-09-10 (q=0.65 of wet/dry label dates)
Windows: 4,944 train / 37 val (4,981 total)
Wet/dry obs (by date):
  train: wet=1618 dry=211 (discharge=146,132)  1980-01-02..2020-09-10
  val: wet=767 dry=189 (discharge=1,359)  2020-09-11..2020-12-31
Wrote /bluesclues-data/home/michaelmurphy/saas-river-forecasting/data/retrain/flagship/window_split_map_flagq652s.csv
Wrote /bluesclues-data/home/michaelmurphy/saas-river-forecasting/data/retrain/flagship/split_meta_flagq652s.json
Building feature/target arrays (train-only normalization)...
Imputation two_sided: +7,336 dry / +148,477 wet labels from discharge
  X_time  (14975, 793, 20)  0.95 GB
  X_static (793, 17)
  y_all   (14975, 793, 2)
  train-date rule (normalization): date <= 2020-09-10
  driver block: mean|x|=0.8054 nonzero_frac=1.000
  wet/dry target obs: 119,900
  discharge target obs: 117,241
Wrote /bluesclues-data/home/michaelmurphy/saas-river-forecasting/data/retrain/flagship/feature_arrays_flagq652s.npz
Wrote /bluesclues-data/home/michaelmurphy/saas-river-forecasting/data/retrain/flagship/feature_scaler_flagq652s.json
=== waiting for ablation shard B to release GPU 1  00:45:34 ===
=== train 2s  01:56:34 ===
Device: cuda:0 (NVIDIA RTX 6000 Ada Generation)
Windows: 4944 train / 37 val | epochs=100 | forecast_mask=obs+drivers | exclude_time=['Discharge_CMS_lag_7', 'HoboWetDry0.05_lag_7']
RGCN_v2 input_dim=35 params=29,890
epoch   1/100  train=0.3480  val=0.2992  best=0.2992@1  24.8s *best*
epoch   2/100  train=0.1602  val=0.2962  best=0.2962@2  23.9s *best*
epoch   3/100  train=0.1374  val=0.2932  best=0.2932@3  23.9s *best*
epoch   4/100  train=0.1259  val=0.2746  best=0.2746@4  24.0s *best*
epoch   5/100  train=0.1179  val=0.2650  best=0.2650@5  24.4s *best*
epoch   6/100  train=0.1138  val=0.2547  best=0.2547@6  24.0s *best*
epoch   7/100  train=0.1093  val=0.2554  best=0.2547@6  23.9s
epoch   8/100  train=0.1088  val=0.2458  best=0.2458@8  23.0s *best*
epoch   9/100  train=0.1052  val=0.2356  best=0.2356@9  24.1s *best*
epoch  10/100  train=0.1033  val=0.2349  best=0.2349@10  24.1s *best*
epoch  11/100  train=0.1029  val=0.2137  best=0.2137@11  24.1s *best*
epoch  12/100  train=0.1009  val=0.2085  best=0.2085@12  24.1s *best*
epoch  13/100  train=0.0997  val=0.2029  best=0.2029@13  24.1s *best*
epoch  14/100  train=0.0983  val=0.2023  best=0.2023@14  24.1s *best*
epoch  15/100  train=0.0968  val=0.2119  best=0.2023@14  24.1s
epoch  16/100  train=0.0961  val=0.2092  best=0.2023@14  23.9s
epoch  17/100  train=0.0959  val=0.1974  best=0.1974@17  24.3s *best*
epoch  18/100  train=0.0954  val=0.2030  best=0.1974@17  24.3s
epoch  19/100  train=0.0930  val=0.2009  best=0.1974@17  23.9s
epoch  20/100  train=0.0925  val=0.1897  best=0.1897@20  24.2s *best*
epoch  21/100  train=0.0913  val=0.1904  best=0.1897@20  24.0s
epoch  22/100  train=0.0914  val=0.1880  best=0.1880@22  24.1s *best*
epoch  23/100  train=0.0903  val=0.1854  best=0.1854@23  24.4s *best*
epoch  24/100  train=0.0898  val=0.1964  best=0.1854@23  24.0s
epoch  25/100  train=0.0880  val=0.1897  best=0.1854@23  24.2s
epoch  26/100  train=0.0885  val=0.2068  best=0.1854@23  23.9s
epoch  27/100  train=0.0865  val=0.1913  best=0.1854@23  23.6s
epoch  28/100  train=0.0862  val=0.1968  best=0.1854@23  23.4s
epoch  29/100  train=0.0869  val=0.1707  best=0.1707@29  23.3s *best*
epoch  30/100  train=0.0864  val=0.1914  best=0.1707@29  23.7s
epoch  31/100  train=0.0864  val=0.1850  best=0.1707@29  24.0s
epoch  32/100  train=0.0853  val=0.1873  best=0.1707@29  24.2s
epoch  33/100  train=0.0845  val=0.2044  best=0.1707@29  24.0s
epoch  34/100  train=0.0841  val=0.1957  best=0.1707@29  24.3s
epoch  35/100  train=0.0840  val=0.1958  best=0.1707@29  24.2s
epoch  36/100  train=0.0838  val=0.2004  best=0.1707@29  24.0s
epoch  37/100  train=0.0842  val=0.1956  best=0.1707@29  24.1s
epoch  38/100  train=0.0837  val=0.1927  best=0.1707@29  24.2s
epoch  39/100  train=0.0839  val=0.1945  best=0.1707@29  23.7s
epoch  40/100  train=0.0823  val=0.2079  best=0.1707@29  23.2s
epoch  41/100  train=0.0826  val=0.1790  best=0.1707@29  23.7s
epoch  42/100  train=0.0835  val=0.1754  best=0.1707@29  24.1s
epoch  43/100  train=0.0822  val=0.2055  best=0.1707@29  24.0s
epoch  44/100  train=0.0848  val=0.1835  best=0.1707@29  24.0s
epoch  45/100  train=0.0853  val=0.1831  best=0.1707@29  23.9s
epoch  46/100  train=0.0813  val=0.2035  best=0.1707@29  23.9s
epoch  47/100  train=0.0828  val=0.1786  best=0.1707@29  23.9s
epoch  48/100  train=0.0816  val=0.1747  best=0.1707@29  23.9s
epoch  49/100  train=0.0836  val=0.1831  best=0.1707@29  23.8s
Early stopping at epoch 49 (no improvement for 20).
Done. Best val=0.1707 @ epoch 29. Saved /bluesclues-data/home/michaelmurphy/saas-river-forecasting/data/retrain/flagship/best_model_flag_q65_2s.pt
Loaded checkpoint epoch=28 val_loss=0.1707
Exporting 4981 windows x 793 sites x 3 horizons | forecast_mask=obs+drivers | exclude_time=['Discharge_CMS_lag_7', 'HoboWetDry0.05_lag_7']
  day1: 3,949,933 rows (39,880 with wet/dry label) -> train_val_predictions_day1.csv
  day2: 3,949,933 rows (39,883 with wet/dry label) -> train_val_predictions_day2.csv
  day3: 3,949,933 rows (39,881 with wet/dry label) -> train_val_predictions_day3.csv
# RGCN retrain — evaluation report

Checkpoint: `data/retrain/flagship/best_model_flag_q65_2s.pt` | split: `window_split_map_flagq652s.csv`

## Wet/dry classification (val split)

| Horizon | Group | N | Accuracy | ROC-AUC | F1 |
|---|---|--:|--:|--:|--:|
| Day 1 | All | 667 | 0.964 | 0.965 | 0.980 |
| Day 1 | Headwaters (<=2) | 380 | 0.937 | 0.943 | 0.962 |
| Day 1 | Tailwaters (>=3) | 287 | 1.000 | 1.000 | 1.000 |
| Day 2 | All | 660 | 0.965 | 0.975 | 0.980 |
| Day 2 | Headwaters (<=2) | 371 | 0.941 | 0.961 | 0.964 |
| Day 2 | Tailwaters (>=3) | 289 | 0.997 | 0.999 | 0.998 |
| Day 3 | All | 650 | 0.952 | 0.952 | 0.973 |
| Day 3 | Headwaters (<=2) | 366 | 0.918 | 0.923 | 0.950 |
| Day 3 | Tailwaters (>=3) | 284 | 0.996 | 0.999 | 0.998 |
| All Horizons | All | 1,977 | 0.961 | 0.964 | 0.978 |
| All Horizons | Headwaters (<=2) | 1,117 | 0.932 | 0.942 | 0.959 |
| All Horizons | Tailwaters (>=3) | 860 | 0.998 | 0.999 | 0.999 |

## Stream-order breakdown (All Horizons, val)

| Order | N | Accuracy | ROC-AUC | F1 |
|--:|--:|--:|--:|--:|
| 1 | 544 | 0.945 | 0.960 | 0.964 |
| 2 | 573 | 0.920 | 0.923 | 0.955 |
| 3 | 473 | 0.996 | 0.998 | 0.998 |
| 4 | 194 | 1.000 | nan | 1.000 |
| 5 | 82 | 1.000 | nan | 1.000 |
| 6 | 111 | 1.000 | nan | 1.000 |

## Confusion matrix (All Horizons, val)

| Observed \ Pred | Dry | Wet |
|---|--:|--:|
| **Dry** | 183 | 49 |
| **Wet** | 29 | 1,716 |

## Discharge regression (val split, linear CMS)

| Horizon | N | NSE | KGE | RMSE | MAPE% |
|---|--:|--:|--:|--:|--:|
| Day 1 | 349 | 0.839 | 0.571 | 0.6737 | 1643.4 |
| Day 2 | 348 | 0.871 | 0.811 | 0.4213 | 1683.0 |
| Day 3 | 350 | 0.364 | 0.354 | 1.5255 | 2176.2 |


Wrote /bluesclues-data/home/michaelmurphy/saas-river-forecasting/results/flagship/rgcn_eval_flag_q65_2s.md
=== stride-1 export 2s  02:18:41 ===
Loaded checkpoint epoch=28 val_loss=0.1707
Exporting 112 windows x 793 sites x 3 horizons | forecast_mask=obs+drivers | exclude_time=['Discharge_CMS_lag_7', 'HoboWetDry0.05_lag_7']
  day1: 88,816 rows (2,007 with wet/dry label) -> train_val_predictions_day1.csv
  day2: 88,816 rows (1,985 with wet/dry label) -> train_val_predictions_day2.csv
  day3: 88,816 rows (1,962 with wet/dry label) -> train_val_predictions_day3.csv
=== train 2s_s43  02:18:51 ===
Device: cuda:0 (NVIDIA RTX 6000 Ada Generation)
Windows: 4944 train / 37 val | epochs=100 | forecast_mask=obs+drivers | exclude_time=['Discharge_CMS_lag_7', 'HoboWetDry0.05_lag_7']
RGCN_v2 input_dim=35 params=29,890
epoch   1/100  train=0.3422  val=0.2992  best=0.2992@1  25.0s *best*
epoch   2/100  train=0.1511  val=0.2868  best=0.2868@2  24.1s *best*
epoch   3/100  train=0.1288  val=0.2757  best=0.2757@3  24.4s *best*
epoch   4/100  train=0.1194  val=0.2574  best=0.2574@4  23.9s *best*
epoch   5/100  train=0.1139  val=0.2551  best=0.2551@5  24.4s *best*
epoch   6/100  train=0.1105  val=0.2388  best=0.2388@6  24.3s *best*
epoch   7/100  train=0.1079  val=0.2317  best=0.2317@7  24.1s *best*
epoch   8/100  train=0.1044  val=0.2193  best=0.2193@8  24.1s *best*
epoch   9/100  train=0.1053  val=0.2152  best=0.2152@9  24.2s *best*
epoch  10/100  train=0.1028  val=0.2245  best=0.2152@9  24.4s
epoch  11/100  train=0.1003  val=0.2179  best=0.2152@9  24.5s
epoch  12/100  train=0.0994  val=0.2217  best=0.2152@9  24.4s
epoch  13/100  train=0.0990  val=0.2217  best=0.2152@9  24.3s
epoch  14/100  train=0.0974  val=0.2149  best=0.2149@14  24.5s *best*
epoch  15/100  train=0.0958  val=0.2194  best=0.2149@14  23.8s
epoch  16/100  train=0.0959  val=0.2129  best=0.2129@16  23.8s *best*
epoch  17/100  train=0.0943  val=0.2206  best=0.2129@16  24.1s
epoch  18/100  train=0.0922  val=0.2185  best=0.2129@16  24.1s
epoch  19/100  train=0.0924  val=0.2250  best=0.2129@16  24.0s
epoch  20/100  train=0.0905  val=0.2388  best=0.2129@16  24.1s
epoch  21/100  train=0.0916  val=0.2173  best=0.2129@16  24.2s
epoch  22/100  train=0.0906  val=0.2123  best=0.2123@22  24.1s *best*
epoch  23/100  train=0.0893  val=0.2133  best=0.2123@22  24.1s
epoch  24/100  train=0.0889  val=0.2273  best=0.2123@22  24.3s
epoch  25/100  train=0.0878  val=0.2204  best=0.2123@22  24.0s
epoch  26/100  train=0.0865  val=0.2132  best=0.2123@22  24.0s
epoch  27/100  train=0.0871  val=0.2180  best=0.2123@22  24.1s
epoch  28/100  train=0.0865  val=0.2273  best=0.2123@22  24.0s
epoch  29/100  train=0.0864  val=0.2166  best=0.2123@22  24.1s
epoch  30/100  train=0.0851  val=0.2104  best=0.2104@30  23.9s *best*
epoch  31/100  train=0.0845  val=0.2091  best=0.2091@31  24.0s *best*
epoch  32/100  train=0.0851  val=0.2191  best=0.2091@31  23.9s
epoch  33/100  train=0.0841  val=0.2022  best=0.2022@33  24.0s *best*
epoch  34/100  train=0.0841  val=0.1979  best=0.1979@34  24.0s *best*
epoch  35/100  train=0.0837  val=0.2049  best=0.1979@34  24.0s
epoch  36/100  train=0.0839  val=0.2220  best=0.1979@34  24.0s
epoch  37/100  train=0.0835  val=0.2115  best=0.1979@34  24.1s
epoch  38/100  train=0.0833  val=0.1991  best=0.1979@34  24.0s
epoch  39/100  train=0.0829  val=0.1944  best=0.1944@39  24.3s *best*
epoch  40/100  train=0.0824  val=0.2143  best=0.1944@39  24.2s
epoch  41/100  train=0.0824  val=0.1964  best=0.1944@39  24.0s
epoch  42/100  train=0.0827  val=0.2088  best=0.1944@39  24.4s
epoch  43/100  train=0.0832  val=0.2201  best=0.1944@39  24.1s
epoch  44/100  train=0.0827  val=0.2071  best=0.1944@39  24.1s
epoch  45/100  train=0.0830  val=0.1924  best=0.1924@45  23.9s *best*
epoch  46/100  train=0.0820  val=0.2026  best=0.1924@45  24.0s
epoch  47/100  train=0.0820  val=0.1765  best=0.1765@47  24.1s *best*
epoch  48/100  train=0.0817  val=0.1886  best=0.1765@47  24.1s
epoch  49/100  train=0.0815  val=0.1902  best=0.1765@47  24.0s
epoch  50/100  train=0.0812  val=0.2080  best=0.1765@47  23.6s
epoch  51/100  train=0.0808  val=0.2030  best=0.1765@47  23.8s
epoch  52/100  train=0.0802  val=0.2026  best=0.1765@47  24.1s
epoch  53/100  train=0.0807  val=0.2112  best=0.1765@47  24.2s
epoch  54/100  train=0.0804  val=0.1892  best=0.1765@47  24.2s
epoch  55/100  train=0.0804  val=0.1973  best=0.1765@47  24.1s
epoch  56/100  train=0.0798  val=0.2070  best=0.1765@47  23.7s
epoch  57/100  train=0.0794  val=0.1957  best=0.1765@47  24.1s
epoch  58/100  train=0.0798  val=0.1949  best=0.1765@47  23.4s
epoch  59/100  train=0.0792  val=0.1826  best=0.1765@47  24.1s
epoch  60/100  train=0.0806  val=0.1926  best=0.1765@47  24.0s
epoch  61/100  train=0.0786  val=0.2047  best=0.1765@47  24.1s
epoch  62/100  train=0.0793  val=0.1933  best=0.1765@47  24.0s
epoch  63/100  train=0.0794  val=0.1927  best=0.1765@47  24.2s
epoch  64/100  train=0.0799  val=0.1973  best=0.1765@47  24.1s
epoch  65/100  train=0.0794  val=0.1968  best=0.1765@47  24.0s
epoch  66/100  train=0.0794  val=0.1933  best=0.1765@47  24.1s
epoch  67/100  train=0.0791  val=0.2022  best=0.1765@47  23.9s
Early stopping at epoch 67 (no improvement for 20).
Done. Best val=0.1765 @ epoch 47. Saved /bluesclues-data/home/michaelmurphy/saas-river-forecasting/data/retrain/flagship/best_model_flag_q65_2s_s43.pt
Loaded checkpoint epoch=46 val_loss=0.1765
Exporting 4981 windows x 793 sites x 3 horizons | forecast_mask=obs+drivers | exclude_time=['Discharge_CMS_lag_7', 'HoboWetDry0.05_lag_7']
  day1: 3,949,933 rows (39,880 with wet/dry label) -> train_val_predictions_day1.csv
  day2: 3,949,933 rows (39,883 with wet/dry label) -> train_val_predictions_day2.csv
  day3: 3,949,933 rows (39,881 with wet/dry label) -> train_val_predictions_day3.csv
# RGCN retrain — evaluation report

Checkpoint: `data/retrain/flagship/best_model_flag_q65_2s_s43.pt` | split: `window_split_map_flagq652s.csv`

## Wet/dry classification (val split)

| Horizon | Group | N | Accuracy | ROC-AUC | F1 |
|---|---|--:|--:|--:|--:|
| Day 1 | All | 667 | 0.964 | 0.966 | 0.980 |
| Day 1 | Headwaters (<=2) | 380 | 0.937 | 0.945 | 0.962 |
| Day 1 | Tailwaters (>=3) | 287 | 1.000 | 1.000 | 1.000 |
| Day 2 | All | 660 | 0.967 | 0.973 | 0.981 |
| Day 2 | Headwaters (<=2) | 371 | 0.943 | 0.957 | 0.966 |
| Day 2 | Tailwaters (>=3) | 289 | 0.997 | 0.999 | 0.998 |
| Day 3 | All | 650 | 0.955 | 0.951 | 0.975 |
| Day 3 | Headwaters (<=2) | 366 | 0.923 | 0.920 | 0.954 |
| Day 3 | Tailwaters (>=3) | 284 | 0.996 | 0.999 | 0.998 |
| All Horizons | All | 1,977 | 0.962 | 0.963 | 0.979 |
| All Horizons | Headwaters (<=2) | 1,117 | 0.935 | 0.941 | 0.961 |
| All Horizons | Tailwaters (>=3) | 860 | 0.998 | 0.999 | 0.999 |

## Stream-order breakdown (All Horizons, val)

| Order | N | Accuracy | ROC-AUC | F1 |
|--:|--:|--:|--:|--:|
| 1 | 544 | 0.943 | 0.965 | 0.962 |
| 2 | 573 | 0.927 | 0.910 | 0.959 |
| 3 | 473 | 0.996 | 0.998 | 0.998 |
| 4 | 194 | 1.000 | nan | 1.000 |
| 5 | 82 | 1.000 | nan | 1.000 |
| 6 | 111 | 1.000 | nan | 1.000 |

## Confusion matrix (All Horizons, val)

| Observed \ Pred | Dry | Wet |
|---|--:|--:|
| **Dry** | 181 | 51 |
| **Wet** | 24 | 1,721 |

## Discharge regression (val split, linear CMS)

| Horizon | N | NSE | KGE | RMSE | MAPE% |
|---|--:|--:|--:|--:|--:|
| Day 1 | 349 | 0.907 | 0.702 | 0.5120 | 1475.0 |
| Day 2 | 348 | 0.853 | 0.855 | 0.4487 | 1890.9 |
| Day 3 | 350 | 0.394 | 0.422 | 1.4889 | 1882.0 |


Wrote /bluesclues-data/home/michaelmurphy/saas-river-forecasting/results/flagship/rgcn_eval_flag_q65_2s_s43.md
=== stride-1 export 2s_s43  02:48:14 ===
Loaded checkpoint epoch=46 val_loss=0.1765
Exporting 112 windows x 793 sites x 3 horizons | forecast_mask=obs+drivers | exclude_time=['Discharge_CMS_lag_7', 'HoboWetDry0.05_lag_7']
  day1: 88,816 rows (2,007 with wet/dry label) -> train_val_predictions_day1.csv
  day2: 88,816 rows (1,985 with wet/dry label) -> train_val_predictions_day2.csv
  day3: 88,816 rows (1,962 with wet/dry label) -> train_val_predictions_day3.csv
=== train 2s_s44  02:48:23 ===
Device: cuda:0 (NVIDIA RTX 6000 Ada Generation)
Windows: 4944 train / 37 val | epochs=100 | forecast_mask=obs+drivers | exclude_time=['Discharge_CMS_lag_7', 'HoboWetDry0.05_lag_7']
RGCN_v2 input_dim=35 params=29,890
epoch   1/100  train=0.3209  val=0.2988  best=0.2988@1  24.0s *best*
epoch   2/100  train=0.1483  val=0.3170  best=0.2988@1  24.2s
epoch   3/100  train=0.1292  val=0.3257  best=0.2988@1  23.5s
epoch   4/100  train=0.1185  val=0.3159  best=0.2988@1  23.6s
epoch   5/100  train=0.1123  val=0.3084  best=0.2988@1  24.0s
epoch   6/100  train=0.1097  val=0.2910  best=0.2910@6  24.1s *best*
epoch   7/100  train=0.1058  val=0.2805  best=0.2805@7  23.9s *best*
epoch   8/100  train=0.1032  val=0.2624  best=0.2624@8  24.1s *best*
epoch   9/100  train=0.1029  val=0.2572  best=0.2572@9  23.7s *best*
epoch  10/100  train=0.1014  val=0.2503  best=0.2503@10  22.8s *best*
epoch  11/100  train=0.0989  val=0.2540  best=0.2503@10  23.8s
epoch  12/100  train=0.0981  val=0.2408  best=0.2408@12  23.2s *best*
epoch  13/100  train=0.0957  val=0.2331  best=0.2331@13  24.0s *best*
epoch  14/100  train=0.0947  val=0.2319  best=0.2319@14  24.3s *best*
epoch  15/100  train=0.0930  val=0.2241  best=0.2241@15  24.1s *best*
epoch  16/100  train=0.0920  val=0.2267  best=0.2241@15  24.4s
epoch  17/100  train=0.0913  val=0.2186  best=0.2186@17  24.3s *best*
epoch  18/100  train=0.0894  val=0.2183  best=0.2183@18  24.3s *best*
epoch  19/100  train=0.0888  val=0.2106  best=0.2106@19  24.2s *best*
epoch  20/100  train=0.0883  val=0.2183  best=0.2106@19  24.0s
epoch  21/100  train=0.0885  val=0.2178  best=0.2106@19  24.1s
epoch  22/100  train=0.0899  val=0.2025  best=0.2025@22  24.1s *best*
epoch  23/100  train=0.0868  val=0.2022  best=0.2022@23  24.1s *best*
epoch  24/100  train=0.0862  val=0.1990  best=0.1990@24  24.0s *best*
epoch  25/100  train=0.0861  val=0.2045  best=0.1990@24  24.1s
epoch  26/100  train=0.0855  val=0.2030  best=0.1990@24  23.7s
epoch  27/100  train=0.0851  val=0.1930  best=0.1930@27  23.9s *best*
epoch  28/100  train=0.0843  val=0.1920  best=0.1920@28  24.0s *best*
epoch  29/100  train=0.0847  val=0.2058  best=0.1920@28  23.8s
epoch  30/100  train=0.0838  val=0.1971  best=0.1920@28  24.2s
epoch  31/100  train=0.0844  val=0.1950  best=0.1920@28  24.1s
epoch  32/100  train=0.0833  val=0.2100  best=0.1920@28  24.3s
epoch  33/100  train=0.0833  val=0.1944  best=0.1920@28  24.0s
epoch  34/100  train=0.0825  val=0.1975  best=0.1920@28  24.1s
epoch  35/100  train=0.0843  val=0.1978  best=0.1920@28  24.3s
epoch  36/100  train=0.0825  val=0.1990  best=0.1920@28  24.1s
epoch  37/100  train=0.0831  val=0.1959  best=0.1920@28  24.3s
epoch  38/100  train=0.0824  val=0.1957  best=0.1920@28  24.2s
epoch  39/100  train=0.0820  val=0.1948  best=0.1920@28  24.1s
epoch  40/100  train=0.0818  val=0.1921  best=0.1920@28  24.3s
epoch  41/100  train=0.0810  val=0.1955  best=0.1920@28  24.2s
epoch  42/100  train=0.0807  val=0.2005  best=0.1920@28  24.1s
epoch  43/100  train=0.0810  val=0.2092  best=0.1920@28  24.2s
epoch  44/100  train=0.0810  val=0.1852  best=0.1852@44  23.9s *best*
epoch  45/100  train=0.0804  val=0.1763  best=0.1763@45  24.2s *best*
epoch  46/100  train=0.0800  val=0.1895  best=0.1763@45  24.3s
epoch  47/100  train=0.0799  val=0.2042  best=0.1763@45  24.0s
epoch  48/100  train=0.0795  val=0.1971  best=0.1763@45  24.1s
epoch  49/100  train=0.0799  val=0.1970  best=0.1763@45  24.0s
epoch  50/100  train=0.0800  val=0.2176  best=0.1763@45  24.3s
epoch  51/100  train=0.0812  val=0.1812  best=0.1763@45  24.0s
epoch  52/100  train=0.0799  val=0.1863  best=0.1763@45  24.0s
epoch  53/100  train=0.0798  val=0.1905  best=0.1763@45  24.2s
epoch  54/100  train=0.0798  val=0.1841  best=0.1763@45  24.1s
epoch  55/100  train=0.0806  val=0.2045  best=0.1763@45  24.2s
epoch  56/100  train=0.0796  val=0.1914  best=0.1763@45  24.2s
epoch  57/100  train=0.0797  val=0.2021  best=0.1763@45  24.2s
epoch  58/100  train=0.0797  val=0.1728  best=0.1728@58  24.1s *best*
epoch  59/100  train=0.0795  val=0.1963  best=0.1728@58  24.2s
epoch  60/100  train=0.0788  val=0.1971  best=0.1728@58  24.3s
epoch  61/100  train=0.0785  val=0.2081  best=0.1728@58  24.1s
epoch  62/100  train=0.0791  val=0.2108  best=0.1728@58  24.3s
epoch  63/100  train=0.0784  val=0.2003  best=0.1728@58  24.1s
epoch  64/100  train=0.0789  val=0.2036  best=0.1728@58  24.3s
epoch  65/100  train=0.0790  val=0.1931  best=0.1728@58  24.3s
epoch  66/100  train=0.0781  val=0.1984  best=0.1728@58  24.0s
epoch  67/100  train=0.0783  val=0.2143  best=0.1728@58  23.9s
epoch  68/100  train=0.0779  val=0.1993  best=0.1728@58  24.3s
epoch  69/100  train=0.0783  val=0.1904  best=0.1728@58  24.2s
epoch  70/100  train=0.0775  val=0.2002  best=0.1728@58  24.1s
epoch  71/100  train=0.0777  val=0.1953  best=0.1728@58  24.0s
epoch  72/100  train=0.0794  val=0.2010  best=0.1728@58  24.0s
epoch  73/100  train=0.0803  val=0.1946  best=0.1728@58  24.2s
epoch  74/100  train=0.0775  val=0.1850  best=0.1728@58  24.2s
epoch  75/100  train=0.0781  val=0.1993  best=0.1728@58  24.1s
epoch  76/100  train=0.0775  val=0.2053  best=0.1728@58  24.3s
epoch  77/100  train=0.0777  val=0.1968  best=0.1728@58  24.1s
epoch  78/100  train=0.0774  val=0.1933  best=0.1728@58  24.1s
Early stopping at epoch 78 (no improvement for 20).
Done. Best val=0.1728 @ epoch 58. Saved /bluesclues-data/home/michaelmurphy/saas-river-forecasting/data/retrain/flagship/best_model_flag_q65_2s_s44.pt
Loaded checkpoint epoch=57 val_loss=0.1728
Exporting 4981 windows x 793 sites x 3 horizons | forecast_mask=obs+drivers | exclude_time=['Discharge_CMS_lag_7', 'HoboWetDry0.05_lag_7']
  day1: 3,949,933 rows (39,880 with wet/dry label) -> train_val_predictions_day1.csv
  day2: 3,949,933 rows (39,883 with wet/dry label) -> train_val_predictions_day2.csv
  day3: 3,949,933 rows (39,881 with wet/dry label) -> train_val_predictions_day3.csv
# RGCN retrain — evaluation report

Checkpoint: `data/retrain/flagship/best_model_flag_q65_2s_s44.pt` | split: `window_split_map_flagq652s.csv`

## Wet/dry classification (val split)

| Horizon | Group | N | Accuracy | ROC-AUC | F1 |
|---|---|--:|--:|--:|--:|
| Day 1 | All | 667 | 0.958 | 0.968 | 0.976 |
| Day 1 | Headwaters (<=2) | 380 | 0.947 | 0.952 | 0.968 |
| Day 1 | Tailwaters (>=3) | 287 | 0.972 | 1.000 | 0.985 |
| Day 2 | All | 660 | 0.962 | 0.974 | 0.979 |
| Day 2 | Headwaters (<=2) | 371 | 0.957 | 0.960 | 0.974 |
| Day 2 | Tailwaters (>=3) | 289 | 0.969 | 0.998 | 0.984 |
| Day 3 | All | 650 | 0.948 | 0.954 | 0.970 |
| Day 3 | Headwaters (<=2) | 366 | 0.932 | 0.930 | 0.958 |
| Day 3 | Tailwaters (>=3) | 284 | 0.968 | 0.998 | 0.983 |
| All Horizons | All | 1,977 | 0.956 | 0.965 | 0.975 |
| All Horizons | Headwaters (<=2) | 1,117 | 0.945 | 0.947 | 0.967 |
| All Horizons | Tailwaters (>=3) | 860 | 0.970 | 0.999 | 0.984 |

## Stream-order breakdown (All Horizons, val)

| Order | N | Accuracy | ROC-AUC | F1 |
|--:|--:|--:|--:|--:|
| 1 | 544 | 0.950 | 0.965 | 0.967 |
| 2 | 573 | 0.941 | 0.931 | 0.967 |
| 3 | 473 | 0.945 | 0.998 | 0.970 |
| 4 | 194 | 1.000 | nan | 1.000 |
| 5 | 82 | 1.000 | nan | 1.000 |
| 6 | 111 | 1.000 | nan | 1.000 |

## Confusion matrix (All Horizons, val)

| Observed \ Pred | Dry | Wet |
|---|--:|--:|
| **Dry** | 194 | 38 |
| **Wet** | 49 | 1,696 |

## Discharge regression (val split, linear CMS)

| Horizon | N | NSE | KGE | RMSE | MAPE% |
|---|--:|--:|--:|--:|--:|
| Day 1 | 349 | 0.886 | 0.673 | 0.5664 | 985.7 |
| Day 2 | 348 | 0.850 | 0.772 | 0.4532 | 748.4 |
| Day 3 | 350 | 0.377 | 0.301 | 1.5095 | 842.8 |


Wrote /bluesclues-data/home/michaelmurphy/saas-river-forecasting/results/flagship/rgcn_eval_flag_q65_2s_s44.md
=== stride-1 export 2s_s44  03:22:06 ===
Loaded checkpoint epoch=57 val_loss=0.1728
Exporting 112 windows x 793 sites x 3 horizons | forecast_mask=obs+drivers | exclude_time=['Discharge_CMS_lag_7', 'HoboWetDry0.05_lag_7']
  day1: 88,816 rows (2,007 with wet/dry label) -> train_val_predictions_day1.csv
  day2: 88,816 rows (1,985 with wet/dry label) -> train_val_predictions_day2.csv
  day3: 88,816 rows (1,962 with wet/dry label) -> train_val_predictions_day3.csv
Q652S_QUEUE_DONE 2026-09-07 03:22:15
