Device: cuda:0 | ADASYN=on
all-sites frame: 158,189 rows, 34 features
[ph s42] sequences: 155,622 train / 1,060 val / 487 buffer
  epoch  1/15 val=0.1708
  epoch  2/15 val=0.1578
  epoch  3/15 val=0.1470
  epoch  4/15 val=0.1415
  epoch  5/15 val=0.1388
  epoch  6/15 val=0.1332
  epoch  7/15 val=0.1395
  epoch  8/15 val=0.1284
  epoch  9/15 val=0.1324
  epoch 10/15 val=0.1286
  epoch 11/15 val=0.1322
  epoch 12/15 val=0.1199
  epoch 13/15 val=0.1252
  epoch 14/15 val=0.1648
  epoch 15/15 val=0.1482
[ph s42] all: acc=0.916 auc=0.963 dryF1=0.737 (N=1060)
[ph s43] sequences: 155,622 train / 1,060 val / 487 buffer
  epoch  1/15 val=0.1680
  epoch  2/15 val=0.1584
  epoch  3/15 val=0.1437
  epoch  4/15 val=0.1307
  epoch  5/15 val=0.1317
  epoch  6/15 val=0.1295
  epoch  7/15 val=0.1265
  epoch  8/15 val=0.1370
  epoch  9/15 val=0.1228
  epoch 10/15 val=0.1233
  epoch 11/15 val=0.1265
  epoch 12/15 val=0.1248
  epoch 13/15 val=0.1230
  epoch 14/15 val=0.1243
[ph s43] all: acc=0.908 auc=0.963 dryF1=0.719 (N=1060)
[ph s44] sequences: 155,622 train / 1,060 val / 487 buffer
  epoch  1/15 val=0.1845
  epoch  2/15 val=0.1594
  epoch  3/15 val=0.1564
  epoch  4/15 val=0.1404
  epoch  5/15 val=0.1802
  epoch  6/15 val=0.1408
  epoch  7/15 val=0.1366
  epoch  8/15 val=0.1301
  epoch  9/15 val=0.1355
  epoch 10/15 val=0.1257
  epoch 11/15 val=0.1604
  epoch 12/15 val=0.1573
  epoch 13/15 val=0.1621
  epoch 14/15 val=0.1558
  epoch 15/15 val=0.1447
[ph s44] all: acc=0.900 auc=0.954 dryF1=0.699 (N=1060)
[q65 s42] sequences: 146,657 train / 10,512 val / 0 buffer
  epoch  1/15 val=0.1613
  epoch  2/15 val=0.1576
  epoch  3/15 val=0.1376
  epoch  4/15 val=0.1446
  epoch  5/15 val=0.1345
  epoch  6/15 val=0.1296
  epoch  7/15 val=0.1408
  epoch  8/15 val=0.1394
  epoch  9/15 val=0.1398
  epoch 10/15 val=0.1328
  epoch 11/15 val=0.1324
[q65 s42] all: acc=0.946 auc=0.825 dryF1=0.635 (N=10512)
[q65 s43] sequences: 146,657 train / 10,512 val / 0 buffer
  epoch  1/15 val=0.1613
  epoch  2/15 val=0.1502
  epoch  3/15 val=0.1390
  epoch  4/15 val=0.1341
  epoch  5/15 val=0.1301
  epoch  6/15 val=0.1367
  epoch  7/15 val=0.1312
  epoch  8/15 val=0.1344
  epoch  9/15 val=0.1610
  epoch 10/15 val=0.1414
[q65 s43] all: acc=0.945 auc=0.861 dryF1=0.625 (N=10512)
[q65 s44] sequences: 146,657 train / 10,512 val / 0 buffer
  epoch  1/15 val=0.1580
  epoch  2/15 val=0.1802
  epoch  3/15 val=0.1368
  epoch  4/15 val=0.1313
  epoch  5/15 val=0.1255
  epoch  6/15 val=0.1262
  epoch  7/15 val=0.1219
  epoch  8/15 val=0.1187
  epoch  9/15 val=0.1302
  epoch 10/15 val=0.1179
  epoch 11/15 val=0.1142
  epoch 12/15 val=0.1125
  epoch 13/15 val=0.1103
  epoch 14/15 val=0.1166
  epoch 15/15 val=0.1171
[q65 s44] all: acc=0.963 auc=0.923 dryF1=0.756 (N=10512)
[q80 s42] sequences: 147,255 train / 9,914 val / 0 buffer
  epoch  1/15 val=0.1611
  epoch  2/15 val=0.1524
  epoch  3/15 val=0.1650
  epoch  4/15 val=0.1319
  epoch  5/15 val=0.1384
  epoch  6/15 val=0.1346
  epoch  7/15 val=0.1316
  epoch  8/15 val=0.1435
  epoch  9/15 val=0.1385
  epoch 10/15 val=0.1295
  epoch 11/15 val=0.1265
  epoch 12/15 val=0.1311
  epoch 13/15 val=0.1269
  epoch 14/15 val=0.1461
  epoch 15/15 val=0.1284
[q80 s42] all: acc=0.947 auc=0.873 dryF1=0.586 (N=9914)
[q80 s43] sequences: 147,255 train / 9,914 val / 0 buffer
  epoch  1/15 val=0.1599
  epoch  2/15 val=0.1695
  epoch  3/15 val=0.1357
  epoch  4/15 val=0.1298
  epoch  5/15 val=0.1329
  epoch  6/15 val=0.1266
  epoch  7/15 val=0.1446
  epoch  8/15 val=0.1291
  epoch  9/15 val=0.1216
  epoch 10/15 val=0.1278
  epoch 11/15 val=0.1465
  epoch 12/15 val=0.1467
  epoch 13/15 val=0.1306
  epoch 14/15 val=0.1672
[q80 s43] all: acc=0.939 auc=0.844 dryF1=0.559 (N=9914)
[q80 s44] sequences: 147,255 train / 9,914 val / 0 buffer
  epoch  1/15 val=0.1730
  epoch  2/15 val=0.1516
  epoch  3/15 val=0.1608
  epoch  4/15 val=0.1403
  epoch  5/15 val=0.1312
  epoch  6/15 val=0.1310
  epoch  7/15 val=0.1216
  epoch  8/15 val=0.1254
  epoch  9/15 val=0.1658
  epoch 10/15 val=0.1326
  epoch 11/15 val=0.1316
  epoch 12/15 val=0.1269
[q80 s44] all: acc=0.947 auc=0.774 dryF1=0.587 (N=9914)
[site s42] sequences: 156,720 train / 449 val / 0 buffer
  epoch  1/15 val=0.1810
  epoch  2/15 val=0.1623
  epoch  3/15 val=0.1539
  epoch  4/15 val=0.1459
  epoch  5/15 val=0.1445
  epoch  6/15 val=0.1457
  epoch  7/15 val=0.1599
  epoch  8/15 val=0.1488
  epoch  9/15 val=0.1402
  epoch 10/15 val=0.1364
  epoch 11/15 val=0.1392
  epoch 12/15 val=0.1520
  epoch 13/15 val=0.1452
  epoch 14/15 val=0.1637
  epoch 15/15 val=0.1737
[site s42] all: acc=0.976 auc=0.989 dryF1=0.958 (N=449)
[site s43] sequences: 156,720 train / 449 val / 0 buffer
  epoch  1/15 val=0.1743
  epoch  2/15 val=0.1599
  epoch  3/15 val=0.1537
  epoch  4/15 val=0.1403
  epoch  5/15 val=0.1383
  epoch  6/15 val=0.1343
  epoch  7/15 val=0.1358
  epoch  8/15 val=0.1332
  epoch  9/15 val=0.1331
  epoch 10/15 val=0.1310
  epoch 11/15 val=0.1331
  epoch 12/15 val=0.1294
  epoch 13/15 val=0.1282
  epoch 14/15 val=0.1287
  epoch 15/15 val=0.1264
[site s43] all: acc=0.942 auc=0.974 dryF1=0.900 (N=449)
[site s44] sequences: 156,720 train / 449 val / 0 buffer
  epoch  1/15 val=0.1669
  epoch  2/15 val=0.1575
  epoch  3/15 val=0.1462
  epoch  4/15 val=0.1507
  epoch  5/15 val=0.1544
  epoch  6/15 val=0.1446
  epoch  7/15 val=0.1324
  epoch  8/15 val=0.1440
  epoch  9/15 val=0.1386
  epoch 10/15 val=0.1292
  epoch 11/15 val=0.1354
  epoch 12/15 val=0.1697
  epoch 13/15 val=0.1292
  epoch 14/15 val=0.1270
  epoch 15/15 val=0.1338
[site s44] all: acc=0.960 auc=0.984 dryF1=0.933 (N=449)
# LSTM (all sites) on the flagship splits

Optuna released hyperparams; ADASYN + scaler train-only; splits assigned by sequence target date (ph guard=3d). Seeds 42/43/44.

| Split | Scope | Acc (mean ± std) | AUC | Dry F1 | N |
|---|---|--:|--:|--:|--:|
| ph | all | 0.908 ± 0.007 | 0.960 ± 0.004 | 0.718 ± 0.016 | 1060 |
| ph | hobo_only | 0.911 ± 0.009 | 0.969 ± 0.009 | 0.752 ± 0.026 | 638 |
| ph | discretized_only | 0.904 ± 0.009 | 0.945 ± 0.004 | 0.651 ± 0.035 | 422 |
| q65 | all | 0.951 ± 0.008 | 0.870 ± 0.041 | 0.672 ± 0.059 | 10512 |
| q65 | hobo_only | 0.941 ± 0.041 | 0.984 ± 0.000 | 0.876 ± 0.075 | 895 |
| q65 | discretized_only | 0.952 ± 0.008 | 0.851 ± 0.047 | 0.603 ± 0.072 | 9617 |
| q80 | all | 0.944 ± 0.004 | 0.830 ± 0.042 | 0.577 ± 0.013 | 9914 |
| q80 | hobo_only | 0.922 ± 0.028 | 0.968 ± 0.006 | 0.816 ± 0.059 | 490 |
| q80 | discretized_only | 0.946 ± 0.002 | 0.815 ± 0.049 | 0.532 ± 0.005 | 9424 |
| site | all | 0.959 ± 0.014 | 0.982 ± 0.006 | 0.931 ± 0.024 | 449 |
| site | hobo_only | 0.958 ± 0.014 | 0.982 ± 0.007 | 0.928 ± 0.025 | 439 |
| site | discretized_only | 1.000 ± 0.000 | 1.000 ± 0.000 | 1.000 ± 0.000 | 10 |
