Device: cuda:0 | ADASYN=OFF
all-sites frame: 158,189 rows, 34 features
[ph s42] sequences: 155,622 train / 1,060 val / 487 buffer
  epoch  1/15 val=0.0518
  epoch  2/15 val=0.0497
  epoch  3/15 val=0.0482
  epoch  4/15 val=0.0494
  epoch  5/15 val=0.0488
  epoch  6/15 val=0.0483
  epoch  7/15 val=0.0477
  epoch  8/15 val=0.0492
  epoch  9/15 val=0.0474
  epoch 10/15 val=0.0477
  epoch 11/15 val=0.0479
  epoch 12/15 val=0.0479
  epoch 13/15 val=0.0487
  epoch 14/15 val=0.0489
[ph s42] all: acc=0.942 auc=0.963 dryF1=0.792 (N=1060)
[ph s43] sequences: 155,622 train / 1,060 val / 487 buffer
  epoch  1/15 val=0.0470
  epoch  2/15 val=0.0466
  epoch  3/15 val=0.0453
  epoch  4/15 val=0.0457
  epoch  5/15 val=0.0450
  epoch  6/15 val=0.0446
  epoch  7/15 val=0.0443
  epoch  8/15 val=0.0450
  epoch  9/15 val=0.0464
  epoch 10/15 val=0.0448
  epoch 11/15 val=0.0450
  epoch 12/15 val=0.0449
[ph s43] all: acc=0.922 auc=0.950 dryF1=0.733 (N=1060)
[ph s44] sequences: 155,622 train / 1,060 val / 487 buffer
  epoch  1/15 val=0.0526
  epoch  2/15 val=0.0506
  epoch  3/15 val=0.0521
  epoch  4/15 val=0.0533
  epoch  5/15 val=0.0496
  epoch  6/15 val=0.0504
  epoch  7/15 val=0.0503
  epoch  8/15 val=0.0495
  epoch  9/15 val=0.0498
  epoch 10/15 val=0.0503
  epoch 11/15 val=0.0528
  epoch 12/15 val=0.0491
  epoch 13/15 val=0.0499
  epoch 14/15 val=0.0498
  epoch 15/15 val=0.0500
[ph s44] all: acc=0.939 auc=0.951 dryF1=0.785 (N=1060)
[q65 s42] sequences: 146,657 train / 10,512 val / 0 buffer
  epoch  1/15 val=0.0521
  epoch  2/15 val=0.0506
  epoch  3/15 val=0.0492
  epoch  4/15 val=0.0498
  epoch  5/15 val=0.0501
  epoch  6/15 val=0.0490
  epoch  7/15 val=0.0508
  epoch  8/15 val=0.0475
  epoch  9/15 val=0.0504
  epoch 10/15 val=0.0482
  epoch 11/15 val=0.0480
  epoch 12/15 val=0.0510
  epoch 13/15 val=0.0498
[q65 s42] all: acc=0.955 auc=0.942 dryF1=0.649 (N=10512)
[q65 s43] sequences: 146,657 train / 10,512 val / 0 buffer
  epoch  1/15 val=0.0510
  epoch  2/15 val=0.0483
  epoch  3/15 val=0.0494
  epoch  4/15 val=0.0479
  epoch  5/15 val=0.0479
  epoch  6/15 val=0.0493
  epoch  7/15 val=0.0476
  epoch  8/15 val=0.0481
  epoch  9/15 val=0.0476
  epoch 10/15 val=0.0534
  epoch 11/15 val=0.0512
  epoch 12/15 val=0.0490
[q65 s43] all: acc=0.955 auc=0.910 dryF1=0.655 (N=10512)
[q65 s44] sequences: 146,657 train / 10,512 val / 0 buffer
  epoch  1/15 val=0.0510
  epoch  2/15 val=0.0511
  epoch  3/15 val=0.0519
  epoch  4/15 val=0.0485
  epoch  5/15 val=0.0497
  epoch  6/15 val=0.0483
  epoch  7/15 val=0.0503
  epoch  8/15 val=0.0500
  epoch  9/15 val=0.0497
  epoch 10/15 val=0.0541
  epoch 11/15 val=0.0497
[q65 s44] all: acc=0.962 auc=0.961 dryF1=0.729 (N=10512)
[q80 s42] sequences: 147,255 train / 9,914 val / 0 buffer
  epoch  1/15 val=0.0483
  epoch  2/15 val=0.0520
  epoch  3/15 val=0.0488
  epoch  4/15 val=0.0477
  epoch  5/15 val=0.0474
  epoch  6/15 val=0.0484
  epoch  7/15 val=0.0467
  epoch  8/15 val=0.0465
  epoch  9/15 val=0.0457
  epoch 10/15 val=0.0459
  epoch 11/15 val=0.0463
  epoch 12/15 val=0.0471
  epoch 13/15 val=0.0466
  epoch 14/15 val=0.0472
[q80 s42] all: acc=0.954 auc=0.850 dryF1=0.603 (N=9914)
[q80 s43] sequences: 147,255 train / 9,914 val / 0 buffer
  epoch  1/15 val=0.0483
  epoch  2/15 val=0.0488
  epoch  3/15 val=0.0451
  epoch  4/15 val=0.0467
  epoch  5/15 val=0.0459
  epoch  6/15 val=0.0442
  epoch  7/15 val=0.0447
  epoch  8/15 val=0.0448
  epoch  9/15 val=0.0449
  epoch 10/15 val=0.0450
  epoch 11/15 val=0.0455
[q80 s43] all: acc=0.955 auc=0.873 dryF1=0.614 (N=9914)
[q80 s44] sequences: 147,255 train / 9,914 val / 0 buffer
  epoch  1/15 val=0.0502
  epoch  2/15 val=0.0491
  epoch  3/15 val=0.0490
  epoch  4/15 val=0.0489
  epoch  5/15 val=0.0497
  epoch  6/15 val=0.0489
  epoch  7/15 val=0.0491
  epoch  8/15 val=0.0502
  epoch  9/15 val=0.0476
  epoch 10/15 val=0.0508
  epoch 11/15 val=0.0482
  epoch 12/15 val=0.0508
  epoch 13/15 val=0.0502
  epoch 14/15 val=0.0485
[q80 s44] all: acc=0.955 auc=0.898 dryF1=0.614 (N=9914)
[site s42] sequences: 156,720 train / 449 val / 0 buffer
  epoch  1/15 val=0.0571
  epoch  2/15 val=0.0515
  epoch  3/15 val=0.0499
  epoch  4/15 val=0.0483
  epoch  5/15 val=0.0485
  epoch  6/15 val=0.0498
  epoch  7/15 val=0.0485
  epoch  8/15 val=0.0493
  epoch  9/15 val=0.0495
[site s42] all: acc=0.971 auc=0.984 dryF1=0.949 (N=449)
[site s43] sequences: 156,720 train / 449 val / 0 buffer
  epoch  1/15 val=0.0510
  epoch  2/15 val=0.0492
  epoch  3/15 val=0.0491
  epoch  4/15 val=0.0502
  epoch  5/15 val=0.0481
  epoch  6/15 val=0.0477
  epoch  7/15 val=0.0499
  epoch  8/15 val=0.0507
  epoch  9/15 val=0.0499
  epoch 10/15 val=0.0488
  epoch 11/15 val=0.0494
[site s43] all: acc=0.962 auc=0.973 dryF1=0.932 (N=449)
[site s44] sequences: 156,720 train / 449 val / 0 buffer
  epoch  1/15 val=0.0520
  epoch  2/15 val=0.0498
  epoch  3/15 val=0.0547
  epoch  4/15 val=0.0505
  epoch  5/15 val=0.0511
  epoch  6/15 val=0.0499
  epoch  7/15 val=0.0489
  epoch  8/15 val=0.0497
  epoch  9/15 val=0.0490
  epoch 10/15 val=0.0491
  epoch 11/15 val=0.0498
  epoch 12/15 val=0.0489
  epoch 13/15 val=0.0484
  epoch 14/15 val=0.0479
  epoch 15/15 val=0.0489
[site s44] all: acc=0.880 auc=0.954 dryF1=0.740 (N=449)
# LSTM (all sites) on the flagship splits — NO ADASYN

Optuna released hyperparams; NO resampling (raw class balance, plain BCE); scaler train-only; splits assigned by sequence target date (ph guard=3d). Seeds 42/43/44.

| Split | Scope | Acc (mean ± std) | AUC | Dry F1 | N |
|---|---|--:|--:|--:|--:|
| ph | all | 0.934 ± 0.009 | 0.955 ± 0.006 | 0.770 ± 0.026 | 1060 |
| ph | hobo_only | 0.945 ± 0.013 | 0.961 ± 0.005 | 0.826 ± 0.036 | 638 |
| ph | discretized_only | 0.918 ± 0.003 | 0.949 ± 0.008 | 0.662 ± 0.013 | 422 |
| q65 | all | 0.957 ± 0.004 | 0.938 ± 0.021 | 0.678 ± 0.036 | 10512 |
| q65 | hobo_only | 0.971 ± 0.002 | 0.984 ± 0.002 | 0.929 ± 0.005 | 895 |
| q65 | discretized_only | 0.956 ± 0.004 | 0.932 ± 0.023 | 0.587 ± 0.052 | 9617 |
| q80 | all | 0.955 ± 0.001 | 0.873 ± 0.019 | 0.610 ± 0.005 | 9914 |
| q80 | hobo_only | 0.946 ± 0.003 | 0.968 ± 0.002 | 0.869 ± 0.008 | 490 |
| q80 | discretized_only | 0.955 ± 0.000 | 0.866 ± 0.022 | 0.556 ± 0.006 | 9424 |
| site | all | 0.938 ± 0.041 | 0.970 ± 0.012 | 0.874 ± 0.094 | 449 |
| site | hobo_only | 0.938 ± 0.040 | 0.969 ± 0.013 | 0.873 ± 0.092 | 439 |
| site | discretized_only | 0.933 ± 0.094 | 1.000 ± 0.000 | 0.889 ± 0.157 | 10 |
