2026-09-11T00:53:38.532618+00:00 START lstm_control_s42
2026-09-11T00:53:55.035290+00:00 DONE lstm_control_s42
2026-09-11T00:53:55.036047+00:00 START lstm_availability_s42
2026-09-11T00:54:16.098458+00:00 DONE lstm_availability_s42
2026-09-11T00:54:16.099231+00:00 START rgcn_availability_s42_train
2026-09-11T01:14:25.032147+00:00 DONE rgcn_availability_s42_train
2026-09-11T01:14:25.032947+00:00 START rgcn_availability_s42_export_predictions
2026-09-11T01:16:11.779267+00:00 DONE rgcn_availability_s42_export_predictions
2026-09-11T01:16:11.780065+00:00 START rgcn_availability_s42_eval_report
2026-09-11T01:16:20.667014+00:00 DONE rgcn_availability_s42_eval_report
2026-09-11T01:16:20.667782+00:00 START rgcn_availability_s42_daily_export
2026-09-11T01:16:27.891146+00:00 DONE rgcn_availability_s42_daily_export
2026-09-11T01:16:27.891901+00:00 START lstm_control_s43
2026-09-11T01:16:46.757196+00:00 DONE lstm_control_s43
2026-09-11T01:16:46.757972+00:00 START lstm_availability_s43
2026-09-11T01:17:07.468314+00:00 DONE lstm_availability_s43
2026-09-11T01:17:07.469017+00:00 START rgcn_availability_s43_train
2026-09-11T01:31:52.422911+00:00 DONE rgcn_availability_s43_train
2026-09-11T01:31:52.423325+00:00 START rgcn_availability_s43_export_predictions
2026-09-11T01:33:37.849236+00:00 DONE rgcn_availability_s43_export_predictions
2026-09-11T01:33:37.850017+00:00 START rgcn_availability_s43_eval_report
2026-09-11T01:33:46.867841+00:00 DONE rgcn_availability_s43_eval_report
2026-09-11T01:33:46.868632+00:00 START rgcn_availability_s43_daily_export
2026-09-11T01:33:54.129812+00:00 DONE rgcn_availability_s43_daily_export
2026-09-11T01:33:54.130583+00:00 START lstm_control_s44
2026-09-11T01:34:13.819350+00:00 DONE lstm_control_s44
2026-09-11T01:34:13.820121+00:00 START lstm_availability_s44
2026-09-11T01:34:34.524134+00:00 DONE lstm_availability_s44
2026-09-11T01:34:34.524907+00:00 START rgcn_availability_s44_train
2026-09-11T01:55:48.526659+00:00 DONE rgcn_availability_s44_train
2026-09-11T01:55:48.527450+00:00 START rgcn_availability_s44_export_predictions
2026-09-11T01:57:42.590476+00:00 DONE rgcn_availability_s44_export_predictions
2026-09-11T01:57:42.591265+00:00 START rgcn_availability_s44_eval_report
2026-09-11T01:57:51.743838+00:00 DONE rgcn_availability_s44_eval_report
2026-09-11T01:57:51.744655+00:00 START rgcn_availability_s44_daily_export
2026-09-11T01:58:00.155376+00:00 DONE rgcn_availability_s44_daily_export
2026-09-11T01:58:00.156150+00:00 START matched_evaluation
2026-09-11T01:58:41.650584+00:00 DONE matched_evaluation
