Device: cuda:0 (NVIDIA RTX 6000 Ada Generation)
Windows: 4944 train / 37 val | epochs=100 | forecast_mask=obs+drivers | exclude_time=['Discharge_CMS_lag_7', 'HoboWetDry0.05_lag_7']
RGCN_v2 input_dim=36 params=30,146
epoch   1/100  train=0.1946  val=0.5226  best=0.5226@1  17.7s *best*
epoch   2/100  train=0.1054  val=0.5770  best=0.5226@1  17.0s
epoch   3/100  train=0.0960  val=0.5081  best=0.5081@3  17.3s *best*
epoch   4/100  train=0.0909  val=0.4515  best=0.4515@4  17.5s *best*
epoch   5/100  train=0.0864  val=0.3602  best=0.3602@5  17.1s *best*
epoch   6/100  train=0.0827  val=0.2588  best=0.2588@6  17.3s *best*
epoch   7/100  train=0.0814  val=0.2163  best=0.2163@7  19.1s *best*
epoch   8/100  train=0.0798  val=0.1903  best=0.1903@8  19.3s *best*
epoch   9/100  train=0.0773  val=0.1768  best=0.1768@9  19.4s *best*
epoch  10/100  train=0.0762  val=0.1691  best=0.1691@10  19.4s *best*
epoch  11/100  train=0.0749  val=0.1645  best=0.1645@11  19.4s *best*
epoch  12/100  train=0.0744  val=0.1576  best=0.1576@12  19.2s *best*
epoch  13/100  train=0.0737  val=0.1550  best=0.1550@13  19.5s *best*
epoch  14/100  train=0.0724  val=0.1493  best=0.1493@14  19.2s *best*
epoch  15/100  train=0.0720  val=0.1486  best=0.1486@15  19.3s *best*
epoch  16/100  train=0.0708  val=0.1467  best=0.1467@16  19.4s *best*
epoch  17/100  train=0.0699  val=0.1487  best=0.1467@16  19.2s
epoch  18/100  train=0.0687  val=0.1446  best=0.1446@18  19.3s *best*
epoch  19/100  train=0.0688  val=0.1423  best=0.1423@19  19.5s *best*
epoch  20/100  train=0.0676  val=0.1429  best=0.1423@19  19.4s
epoch  21/100  train=0.0686  val=0.1390  best=0.1390@21  19.4s *best*
epoch  22/100  train=0.0681  val=0.1413  best=0.1390@21  19.5s
epoch  23/100  train=0.0686  val=0.1400  best=0.1390@21  19.5s
epoch  24/100  train=0.0677  val=0.1409  best=0.1390@21  19.3s
epoch  25/100  train=0.0676  val=0.1392  best=0.1390@21  19.3s
epoch  26/100  train=0.0665  val=0.1352  best=0.1352@26  19.4s *best*
epoch  27/100  train=0.0665  val=0.1382  best=0.1352@26  19.3s
epoch  28/100  train=0.0657  val=0.1442  best=0.1352@26  19.3s
epoch  29/100  train=0.0656  val=0.1425  best=0.1352@26  19.4s
epoch  30/100  train=0.0654  val=0.1414  best=0.1352@26  19.4s
epoch  31/100  train=0.0645  val=0.1357  best=0.1352@26  19.4s
epoch  32/100  train=0.0649  val=0.1430  best=0.1352@26  19.5s
epoch  33/100  train=0.0647  val=0.1445  best=0.1352@26  19.5s
epoch  34/100  train=0.0648  val=0.1380  best=0.1352@26  19.3s
epoch  35/100  train=0.0645  val=0.1430  best=0.1352@26  19.3s
epoch  36/100  train=0.0646  val=0.1387  best=0.1352@26  19.3s
epoch  37/100  train=0.0640  val=0.1377  best=0.1352@26  19.4s
epoch  38/100  train=0.0640  val=0.1382  best=0.1352@26  19.2s
epoch  39/100  train=0.0636  val=0.1378  best=0.1352@26  19.2s
epoch  40/100  train=0.0635  val=0.1417  best=0.1352@26  19.5s
epoch  41/100  train=0.0634  val=0.1467  best=0.1352@26  19.2s
epoch  42/100  train=0.0637  val=0.1421  best=0.1352@26  19.5s
epoch  43/100  train=0.0637  val=0.1449  best=0.1352@26  19.4s
epoch  44/100  train=0.0628  val=0.1515  best=0.1352@26  19.3s
epoch  45/100  train=0.0644  val=0.1406  best=0.1352@26  19.5s
epoch  46/100  train=0.0636  val=0.1440  best=0.1352@26  19.3s
Early stopping at epoch 46 (no improvement for 20).
Done. Best val=0.1352 @ epoch 26. Saved /bluesclues-data/home/michaelmurphy/saas-river-forecasting/data/retrain/correction_sep11/rgcn_availability_s43.pt
