Device: cuda:0 (NVIDIA RTX 6000 Ada Generation)
Windows: 4944 train / 37 val | epochs=100 | forecast_mask=obs+drivers | exclude_time=['Discharge_CMS_lag_7', 'HoboWetDry0.05_lag_7']
RGCN_v2 input_dim=36 params=30,146
epoch   1/100  train=0.2696  val=0.5428  best=0.5428@1  17.7s *best*
epoch   2/100  train=0.1131  val=0.5987  best=0.5428@1  17.2s
epoch   3/100  train=0.0992  val=0.5279  best=0.5279@3  17.2s *best*
epoch   4/100  train=0.0933  val=0.4428  best=0.4428@4  17.1s *best*
epoch   5/100  train=0.0873  val=0.3475  best=0.3475@5  17.3s *best*
epoch   6/100  train=0.0844  val=0.2724  best=0.2724@6  17.2s *best*
epoch   7/100  train=0.0817  val=0.2375  best=0.2375@7  17.3s *best*
epoch   8/100  train=0.0797  val=0.2162  best=0.2162@8  17.3s *best*
epoch   9/100  train=0.0781  val=0.1917  best=0.1917@9  17.1s *best*
epoch  10/100  train=0.0776  val=0.1796  best=0.1796@10  17.3s *best*
epoch  11/100  train=0.0750  val=0.1672  best=0.1672@11  17.1s *best*
epoch  12/100  train=0.0746  val=0.1696  best=0.1672@11  17.5s
epoch  13/100  train=0.0741  val=0.1627  best=0.1627@13  17.2s *best*
epoch  14/100  train=0.0728  val=0.1616  best=0.1616@14  17.1s *best*
epoch  15/100  train=0.0719  val=0.1623  best=0.1616@14  17.2s
epoch  16/100  train=0.0712  val=0.1514  best=0.1514@16  17.2s *best*
epoch  17/100  train=0.0713  val=0.1569  best=0.1514@16  18.4s
epoch  18/100  train=0.0698  val=0.1556  best=0.1514@16  18.8s
epoch  19/100  train=0.0693  val=0.1512  best=0.1512@19  18.7s *best*
epoch  20/100  train=0.0691  val=0.1504  best=0.1504@20  18.8s *best*
epoch  21/100  train=0.0689  val=0.1590  best=0.1504@20  18.8s
epoch  22/100  train=0.0701  val=0.1530  best=0.1504@20  18.9s
epoch  23/100  train=0.0667  val=0.1490  best=0.1490@23  18.7s *best*
epoch  24/100  train=0.0663  val=0.1523  best=0.1490@23  18.6s
epoch  25/100  train=0.0672  val=0.1502  best=0.1490@23  18.7s
epoch  26/100  train=0.0666  val=0.1506  best=0.1490@23  18.6s
epoch  27/100  train=0.0657  val=0.1486  best=0.1486@27  18.7s *best*
epoch  28/100  train=0.0653  val=0.1533  best=0.1486@27  18.6s
epoch  29/100  train=0.0658  val=0.1532  best=0.1486@27  18.7s
epoch  30/100  train=0.0656  val=0.1505  best=0.1486@27  18.8s
epoch  31/100  train=0.0649  val=0.1502  best=0.1486@27  18.6s
epoch  32/100  train=0.0647  val=0.1557  best=0.1486@27  18.7s
epoch  33/100  train=0.0645  val=0.1535  best=0.1486@27  18.7s
epoch  34/100  train=0.0649  val=0.1489  best=0.1486@27  18.7s
epoch  35/100  train=0.0640  val=0.1484  best=0.1484@35  18.7s *best*
epoch  36/100  train=0.0651  val=0.1521  best=0.1484@35  18.6s
epoch  37/100  train=0.0642  val=0.1505  best=0.1484@35  18.7s
epoch  38/100  train=0.0635  val=0.1517  best=0.1484@35  18.6s
epoch  39/100  train=0.0641  val=0.1497  best=0.1484@35  18.7s
epoch  40/100  train=0.0627  val=0.1494  best=0.1484@35  18.7s
epoch  41/100  train=0.0630  val=0.1553  best=0.1484@35  18.7s
epoch  42/100  train=0.0628  val=0.1496  best=0.1484@35  18.7s
epoch  43/100  train=0.0628  val=0.1487  best=0.1484@35  18.7s
epoch  44/100  train=0.0630  val=0.1521  best=0.1484@35  18.8s
epoch  45/100  train=0.0623  val=0.1519  best=0.1484@35  18.7s
epoch  46/100  train=0.0624  val=0.1501  best=0.1484@35  18.7s
epoch  47/100  train=0.0632  val=0.1540  best=0.1484@35  18.6s
epoch  48/100  train=0.0622  val=0.1511  best=0.1484@35  18.7s
epoch  49/100  train=0.0633  val=0.1405  best=0.1405@49  18.8s *best*
epoch  50/100  train=0.0624  val=0.1416  best=0.1405@49  18.6s
epoch  51/100  train=0.0625  val=0.1439  best=0.1405@49  18.8s
epoch  52/100  train=0.0624  val=0.1469  best=0.1405@49  18.6s
epoch  53/100  train=0.0621  val=0.1453  best=0.1405@49  18.6s
epoch  54/100  train=0.0621  val=0.1435  best=0.1405@49  18.7s
epoch  55/100  train=0.0627  val=0.1477  best=0.1405@49  18.6s
epoch  56/100  train=0.0619  val=0.1442  best=0.1405@49  18.9s
epoch  57/100  train=0.0621  val=0.1478  best=0.1405@49  18.8s
epoch  58/100  train=0.0619  val=0.1480  best=0.1405@49  18.7s
epoch  59/100  train=0.0617  val=0.1457  best=0.1405@49  18.8s
epoch  60/100  train=0.0618  val=0.1502  best=0.1405@49  18.6s
epoch  61/100  train=0.0615  val=0.1509  best=0.1405@49  18.7s
epoch  62/100  train=0.0618  val=0.1486  best=0.1405@49  18.9s
epoch  63/100  train=0.0615  val=0.1463  best=0.1405@49  18.7s
epoch  64/100  train=0.0612  val=0.1477  best=0.1405@49  18.7s
epoch  65/100  train=0.0608  val=0.1532  best=0.1405@49  18.7s
epoch  66/100  train=0.0608  val=0.1517  best=0.1405@49  18.7s
epoch  67/100  train=0.0608  val=0.1464  best=0.1405@49  18.7s
epoch  68/100  train=0.0609  val=0.1484  best=0.1405@49  18.7s
epoch  69/100  train=0.0616  val=0.1439  best=0.1405@49  18.7s
Early stopping at epoch 69 (no improvement for 20).
Done. Best val=0.1405 @ epoch 49. Saved /bluesclues-data/home/michaelmurphy/saas-river-forecasting/data/retrain/correction_sep11/rgcn_availability_s44.pt
