Device: cuda:0 (NVIDIA RTX 6000 Ada Generation)
Windows: 4944 train / 37 val | epochs=100 | forecast_mask=obs+drivers | exclude_time=['Discharge_CMS_lag_7', 'HoboWetDry0.05_lag_7']
RGCN_v2 input_dim=36 params=30,146
epoch   1/100  train=0.2238  val=0.4279  best=0.4279@1  13.4s *best*
epoch   2/100  train=0.0949  val=0.5099  best=0.4279@1  13.2s
epoch   3/100  train=0.0828  val=0.5125  best=0.4279@1  13.2s
epoch   4/100  train=0.0779  val=0.4584  best=0.4279@1  13.2s
epoch   5/100  train=0.0741  val=0.4134  best=0.4134@5  13.1s *best*
epoch   6/100  train=0.0719  val=0.3502  best=0.3502@6  13.2s *best*
epoch   7/100  train=0.0694  val=0.2812  best=0.2812@7  13.3s *best*
epoch   8/100  train=0.0675  val=0.2398  best=0.2398@8  13.1s *best*
epoch   9/100  train=0.0671  val=0.2073  best=0.2073@9  13.1s *best*
epoch  10/100  train=0.0659  val=0.1926  best=0.1926@10  13.1s *best*
epoch  11/100  train=0.0647  val=0.1805  best=0.1805@11  13.2s *best*
epoch  12/100  train=0.0644  val=0.1699  best=0.1699@12  13.1s *best*
epoch  13/100  train=0.0641  val=0.1626  best=0.1626@13  13.1s *best*
epoch  14/100  train=0.0631  val=0.1569  best=0.1569@14  13.1s *best*
epoch  15/100  train=0.0630  val=0.1535  best=0.1535@15  13.2s *best*
epoch  16/100  train=0.0639  val=0.1481  best=0.1481@16  13.3s *best*
epoch  17/100  train=0.0631  val=0.1485  best=0.1481@16  13.1s
epoch  18/100  train=0.0628  val=0.1437  best=0.1437@18  13.2s *best*
epoch  19/100  train=0.0627  val=0.1476  best=0.1437@18  13.1s
epoch  20/100  train=0.0617  val=0.1420  best=0.1420@20  13.1s *best*
epoch  21/100  train=0.0623  val=0.1395  best=0.1395@21  13.1s *best*
epoch  22/100  train=0.0619  val=0.1385  best=0.1385@22  13.2s *best*
epoch  23/100  train=0.0614  val=0.1386  best=0.1385@22  13.2s
epoch  24/100  train=0.0616  val=0.1368  best=0.1368@24  13.1s *best*
epoch  25/100  train=0.0615  val=0.1350  best=0.1350@25  12.9s *best*
epoch  26/100  train=0.0611  val=0.1357  best=0.1350@25  12.8s
epoch  27/100  train=0.0605  val=0.1352  best=0.1350@25  13.3s
epoch  28/100  train=0.0608  val=0.1363  best=0.1350@25  13.2s
epoch  29/100  train=0.0613  val=0.1336  best=0.1336@29  13.2s *best*
epoch  30/100  train=0.0606  val=0.1336  best=0.1336@30  13.1s *best*
epoch  31/100  train=0.0603  val=0.1321  best=0.1321@31  13.2s *best*
epoch  32/100  train=0.0609  val=0.1361  best=0.1321@31  13.2s
epoch  33/100  train=0.0602  val=0.1340  best=0.1321@31  13.2s
epoch  34/100  train=0.0603  val=0.1344  best=0.1321@31  13.2s
epoch  35/100  train=0.0603  val=0.1339  best=0.1321@31  13.2s
epoch  36/100  train=0.0599  val=0.1366  best=0.1321@31  13.1s
epoch  37/100  train=0.0596  val=0.1357  best=0.1321@31  13.2s
epoch  38/100  train=0.0596  val=0.1339  best=0.1321@31  13.2s
epoch  39/100  train=0.0599  val=0.1365  best=0.1321@31  13.1s
epoch  40/100  train=0.0600  val=0.1369  best=0.1321@31  13.2s
epoch  41/100  train=0.0597  val=0.1346  best=0.1321@31  13.1s
epoch  42/100  train=0.0600  val=0.1325  best=0.1321@31  13.1s
epoch  43/100  train=0.0594  val=0.1330  best=0.1321@31  13.2s
epoch  44/100  train=0.0599  val=0.1294  best=0.1294@44  13.2s *best*
epoch  45/100  train=0.0596  val=0.1331  best=0.1294@44  13.2s
epoch  46/100  train=0.0592  val=0.1321  best=0.1294@44  13.1s
epoch  47/100  train=0.0593  val=0.1345  best=0.1294@44  13.2s
epoch  48/100  train=0.0595  val=0.1335  best=0.1294@44  13.2s
epoch  49/100  train=0.0594  val=0.1359  best=0.1294@44  13.1s
epoch  50/100  train=0.0589  val=0.1373  best=0.1294@44  13.2s
epoch  51/100  train=0.0591  val=0.1338  best=0.1294@44  13.3s
epoch  52/100  train=0.0588  val=0.1365  best=0.1294@44  13.2s
epoch  53/100  train=0.0583  val=0.1369  best=0.1294@44  13.1s
epoch  54/100  train=0.0587  val=0.1345  best=0.1294@44  13.1s
epoch  55/100  train=0.0587  val=0.1316  best=0.1294@44  13.2s
epoch  56/100  train=0.0590  val=0.1338  best=0.1294@44  13.2s
epoch  57/100  train=0.0585  val=0.1331  best=0.1294@44  13.2s
epoch  58/100  train=0.0582  val=0.1360  best=0.1294@44  13.1s
epoch  59/100  train=0.0582  val=0.1348  best=0.1294@44  13.2s
epoch  60/100  train=0.0583  val=0.1380  best=0.1294@44  13.2s
epoch  61/100  train=0.0582  val=0.1829  best=0.1294@44  13.1s
epoch  62/100  train=0.0587  val=0.1319  best=0.1294@44  13.1s
epoch  63/100  train=0.0583  val=0.1370  best=0.1294@44  13.1s
epoch  64/100  train=0.0579  val=0.1409  best=0.1294@44  13.2s
Early stopping at epoch 64 (no improvement for 20).
Done. Best val=0.1294 @ epoch 44. Saved /bluesclues-data/home/michaelmurphy/saas-river-forecasting/data/retrain/availability_sweep/do00.pt
