Device: cuda:0 (NVIDIA RTX 6000 Ada Generation)
Windows: 4944 train / 37 val | epochs=100 | forecast_mask=obs+drivers | exclude_time=['Discharge_CMS_lag_7', 'HoboWetDry0.05_lag_7']
RGCN_v2 input_dim=36 params=30,146
epoch   1/100  train=0.2149  val=0.3456  best=0.3456@1  12.9s *best*
epoch   2/100  train=0.1111  val=0.4207  best=0.3456@1  12.5s
epoch   3/100  train=0.0981  val=0.4477  best=0.3456@1  12.5s
epoch   4/100  train=0.0927  val=0.4106  best=0.3456@1  13.1s
epoch   5/100  train=0.0874  val=0.3697  best=0.3456@1  13.4s
epoch   6/100  train=0.0848  val=0.3080  best=0.3080@6  12.9s *best*
epoch   7/100  train=0.0831  val=0.2450  best=0.2450@7  13.3s *best*
epoch   8/100  train=0.0800  val=0.2157  best=0.2157@8  13.1s *best*
epoch   9/100  train=0.0786  val=0.1858  best=0.1858@9  13.2s *best*
epoch  10/100  train=0.0768  val=0.1787  best=0.1787@10  13.0s *best*
epoch  11/100  train=0.0765  val=0.1676  best=0.1676@11  13.0s *best*
epoch  12/100  train=0.0751  val=0.1634  best=0.1634@12  13.0s *best*
epoch  13/100  train=0.0742  val=0.1602  best=0.1602@13  13.2s *best*
epoch  14/100  train=0.0733  val=0.1577  best=0.1577@14  13.4s *best*
epoch  15/100  train=0.0719  val=0.1532  best=0.1532@15  12.8s *best*
epoch  16/100  train=0.0716  val=0.1475  best=0.1475@16  13.1s *best*
epoch  17/100  train=0.0706  val=0.1466  best=0.1466@17  13.2s *best*
epoch  18/100  train=0.0711  val=0.1471  best=0.1466@17  13.2s
epoch  19/100  train=0.0697  val=0.1507  best=0.1466@17  13.2s
epoch  20/100  train=0.0689  val=0.1391  best=0.1391@20  12.6s *best*
epoch  21/100  train=0.0690  val=0.1398  best=0.1391@20  13.5s
epoch  22/100  train=0.0684  val=0.1405  best=0.1391@20  13.3s
epoch  23/100  train=0.0682  val=0.1398  best=0.1391@20  13.5s
epoch  24/100  train=0.0690  val=0.1375  best=0.1375@24  13.1s *best*
epoch  25/100  train=0.0672  val=0.1382  best=0.1375@24  13.3s
epoch  26/100  train=0.0671  val=0.1345  best=0.1345@26  12.9s *best*
epoch  27/100  train=0.0661  val=0.1351  best=0.1345@26  13.0s
epoch  28/100  train=0.0664  val=0.1384  best=0.1345@26  12.9s
epoch  29/100  train=0.0659  val=0.1398  best=0.1345@26  12.8s
epoch  30/100  train=0.0659  val=0.1322  best=0.1322@30  13.1s *best*
epoch  31/100  train=0.0657  val=0.1327  best=0.1322@30  12.9s
epoch  32/100  train=0.0660  val=0.1352  best=0.1322@30  12.7s
epoch  33/100  train=0.0650  val=0.1393  best=0.1322@30  12.9s
epoch  34/100  train=0.0654  val=0.1303  best=0.1303@34  12.9s *best*
epoch  35/100  train=0.0658  val=0.1304  best=0.1303@34  12.8s
epoch  36/100  train=0.0647  val=0.1389  best=0.1303@34  12.9s
epoch  37/100  train=0.0649  val=0.1412  best=0.1303@34  13.4s
epoch  38/100  train=0.0642  val=0.1362  best=0.1303@34  12.6s
epoch  39/100  train=0.0647  val=0.1388  best=0.1303@34  13.0s
epoch  40/100  train=0.0646  val=0.1379  best=0.1303@34  12.7s
epoch  41/100  train=0.0636  val=0.1372  best=0.1303@34  12.6s
epoch  42/100  train=0.0644  val=0.1308  best=0.1303@34  12.8s
epoch  43/100  train=0.0632  val=0.1454  best=0.1303@34  12.7s
epoch  44/100  train=0.0641  val=0.1291  best=0.1291@44  13.0s *best*
epoch  45/100  train=0.0637  val=0.1395  best=0.1291@44  12.8s
epoch  46/100  train=0.0627  val=0.1372  best=0.1291@44  12.9s
epoch  47/100  train=0.0637  val=0.1408  best=0.1291@44  12.6s
epoch  48/100  train=0.0637  val=0.1336  best=0.1291@44  12.6s
epoch  49/100  train=0.0637  val=0.1338  best=0.1291@44  12.9s
epoch  50/100  train=0.0630  val=0.1388  best=0.1291@44  12.6s
epoch  51/100  train=0.0634  val=0.1379  best=0.1291@44  12.8s
epoch  52/100  train=0.0631  val=0.1318  best=0.1291@44  12.5s
epoch  53/100  train=0.0627  val=0.1335  best=0.1291@44  12.8s
epoch  54/100  train=0.0633  val=0.1271  best=0.1271@54  13.1s *best*
epoch  55/100  train=0.0631  val=0.1311  best=0.1271@54  12.7s
epoch  56/100  train=0.0635  val=0.1329  best=0.1271@54  12.7s
epoch  57/100  train=0.0633  val=0.1360  best=0.1271@54  12.8s
epoch  58/100  train=0.0623  val=0.1327  best=0.1271@54  13.0s
epoch  59/100  train=0.0621  val=0.1375  best=0.1271@54  12.9s
epoch  60/100  train=0.0626  val=0.1357  best=0.1271@54  12.8s
epoch  61/100  train=0.0619  val=0.1346  best=0.1271@54  12.6s
epoch  62/100  train=0.0628  val=0.1349  best=0.1271@54  12.8s
epoch  63/100  train=0.0616  val=0.1410  best=0.1271@54  12.8s
epoch  64/100  train=0.0617  val=0.1321  best=0.1271@54  13.1s
epoch  65/100  train=0.0624  val=0.1328  best=0.1271@54  12.9s
epoch  66/100  train=0.0623  val=0.1370  best=0.1271@54  13.1s
epoch  67/100  train=0.0621  val=0.1384  best=0.1271@54  12.6s
epoch  68/100  train=0.0613  val=0.1385  best=0.1271@54  12.9s
epoch  69/100  train=0.0617  val=0.1519  best=0.1271@54  13.1s
epoch  70/100  train=0.0616  val=0.1293  best=0.1271@54  12.9s
epoch  71/100  train=0.0614  val=0.1312  best=0.1271@54  13.1s
epoch  72/100  train=0.0611  val=0.1316  best=0.1271@54  12.9s
epoch  73/100  train=0.0616  val=0.1254  best=0.1254@73  12.8s *best*
epoch  74/100  train=0.0619  val=0.1330  best=0.1254@73  12.8s
epoch  75/100  train=0.0609  val=0.1340  best=0.1254@73  12.9s
epoch  76/100  train=0.0607  val=0.1315  best=0.1254@73  12.5s
epoch  77/100  train=0.0609  val=0.1379  best=0.1254@73  13.0s
epoch  78/100  train=0.0607  val=0.1355  best=0.1254@73  12.9s
epoch  79/100  train=0.0611  val=0.1351  best=0.1254@73  12.9s
epoch  80/100  train=0.0613  val=0.1398  best=0.1254@73  12.3s
epoch  81/100  train=0.0607  val=0.1411  best=0.1254@73  12.3s
epoch  82/100  train=0.0606  val=0.1426  best=0.1254@73  12.4s
epoch  83/100  train=0.0607  val=0.1407  best=0.1254@73  12.3s
epoch  84/100  train=0.0605  val=0.1416  best=0.1254@73  12.4s
epoch  85/100  train=0.0609  val=0.1364  best=0.1254@73  12.3s
epoch  86/100  train=0.0614  val=0.1429  best=0.1254@73  12.4s
epoch  87/100  train=0.0613  val=0.1428  best=0.1254@73  12.4s
epoch  88/100  train=0.0610  val=0.1483  best=0.1254@73  12.4s
epoch  89/100  train=0.0605  val=0.1422  best=0.1254@73  12.5s
epoch  90/100  train=0.0602  val=0.1388  best=0.1254@73  12.4s
epoch  91/100  train=0.0606  val=0.1406  best=0.1254@73  12.4s
epoch  92/100  train=0.0606  val=0.1412  best=0.1254@73  12.4s
epoch  93/100  train=0.0605  val=0.1408  best=0.1254@73  12.4s
Early stopping at epoch 93 (no improvement for 20).
Done. Best val=0.1254 @ epoch 73. Saved /bluesclues-data/home/michaelmurphy/saas-river-forecasting/data/retrain/availability_sweep/fpw1.pt
