Device: cuda:0 (NVIDIA RTX 6000 Ada Generation)
Windows: 4944 train / 37 val | epochs=100 | forecast_mask=obs+drivers | exclude_time=['Discharge_CMS_lag_7', 'HoboWetDry0.05_lag_7']
RGCN_v2 input_dim=36 params=30,146
epoch   1/100  train=0.2724  val=0.5290  best=0.5290@1  13.4s *best*
epoch   2/100  train=0.1160  val=0.6555  best=0.5290@1  12.9s
epoch   3/100  train=0.1024  val=0.6512  best=0.5290@1  12.9s
epoch   4/100  train=0.0966  val=0.5937  best=0.5290@1  12.7s
epoch   5/100  train=0.0909  val=0.5366  best=0.5290@1  12.9s
epoch   6/100  train=0.0879  val=0.4593  best=0.4593@6  12.7s *best*
epoch   7/100  train=0.0853  val=0.3602  best=0.3602@7  13.0s *best*
epoch   8/100  train=0.0824  val=0.3060  best=0.3060@8  12.9s *best*
epoch   9/100  train=0.0799  val=0.2661  best=0.2661@9  12.8s *best*
epoch  10/100  train=0.0779  val=0.2495  best=0.2495@10  12.9s *best*
epoch  11/100  train=0.0778  val=0.2307  best=0.2307@11  12.7s *best*
epoch  12/100  train=0.0762  val=0.2184  best=0.2184@12  12.9s *best*
epoch  13/100  train=0.0754  val=0.2106  best=0.2106@13  12.9s *best*
epoch  14/100  train=0.0742  val=0.2047  best=0.2047@14  12.5s *best*
epoch  15/100  train=0.0728  val=0.1989  best=0.1989@15  12.7s *best*
epoch  16/100  train=0.0737  val=0.1921  best=0.1921@16  12.6s *best*
epoch  17/100  train=0.0716  val=0.1888  best=0.1888@17  13.0s *best*
epoch  18/100  train=0.0719  val=0.1889  best=0.1888@17  12.3s
epoch  19/100  train=0.0706  val=0.1935  best=0.1888@17  12.8s
epoch  20/100  train=0.0696  val=0.1819  best=0.1819@20  12.9s *best*
epoch  21/100  train=0.0696  val=0.1810  best=0.1810@21  12.9s *best*
epoch  22/100  train=0.0693  val=0.1793  best=0.1793@22  12.8s *best*
epoch  23/100  train=0.0692  val=0.1729  best=0.1729@23  12.6s *best*
epoch  24/100  train=0.0695  val=0.1752  best=0.1729@23  12.8s
epoch  25/100  train=0.0686  val=0.1715  best=0.1715@25  12.7s *best*
epoch  26/100  train=0.0673  val=0.1722  best=0.1715@25  12.8s
epoch  27/100  train=0.0664  val=0.1728  best=0.1715@25  13.0s
epoch  28/100  train=0.0666  val=0.1731  best=0.1715@25  13.0s
epoch  29/100  train=0.0665  val=0.1741  best=0.1715@25  12.8s
epoch  30/100  train=0.0664  val=0.1673  best=0.1673@30  12.9s *best*
epoch  31/100  train=0.0664  val=0.1605  best=0.1605@31  13.0s *best*
epoch  32/100  train=0.0665  val=0.1657  best=0.1605@31  12.7s
epoch  33/100  train=0.0655  val=0.1684  best=0.1605@31  12.9s
epoch  34/100  train=0.0654  val=0.1675  best=0.1605@31  13.3s
epoch  35/100  train=0.0659  val=0.1665  best=0.1605@31  13.1s
epoch  36/100  train=0.0651  val=0.1671  best=0.1605@31  13.0s
epoch  37/100  train=0.0653  val=0.1710  best=0.1605@31  12.7s
epoch  38/100  train=0.0648  val=0.1675  best=0.1605@31  13.0s
epoch  39/100  train=0.0649  val=0.1708  best=0.1605@31  13.0s
epoch  40/100  train=0.0649  val=0.1602  best=0.1602@40  12.7s *best*
epoch  41/100  train=0.0640  val=0.1605  best=0.1602@40  13.0s
epoch  42/100  train=0.0653  val=0.1623  best=0.1602@40  12.9s
epoch  43/100  train=0.0640  val=0.1753  best=0.1602@40  13.1s
epoch  44/100  train=0.0654  val=0.1608  best=0.1602@40  13.2s
epoch  45/100  train=0.0639  val=0.1645  best=0.1602@40  13.1s
epoch  46/100  train=0.0630  val=0.1645  best=0.1602@40  13.1s
epoch  47/100  train=0.0643  val=0.1591  best=0.1591@47  13.0s *best*
epoch  48/100  train=0.0641  val=0.1606  best=0.1591@47  13.1s
epoch  49/100  train=0.0640  val=0.1609  best=0.1591@47  13.1s
epoch  50/100  train=0.0636  val=0.1672  best=0.1591@47  13.1s
epoch  51/100  train=0.0633  val=0.1641  best=0.1591@47  13.1s
epoch  52/100  train=0.0631  val=0.1618  best=0.1591@47  13.2s
epoch  53/100  train=0.0632  val=0.1628  best=0.1591@47  13.1s
epoch  54/100  train=0.0634  val=0.1623  best=0.1591@47  13.2s
epoch  55/100  train=0.0633  val=0.1540  best=0.1540@55  13.1s *best*
epoch  56/100  train=0.0632  val=0.1604  best=0.1540@55  13.1s
epoch  57/100  train=0.0631  val=0.1613  best=0.1540@55  13.1s
epoch  58/100  train=0.0627  val=0.1616  best=0.1540@55  13.1s
epoch  59/100  train=0.0620  val=0.1624  best=0.1540@55  13.1s
epoch  60/100  train=0.0626  val=0.1665  best=0.1540@55  13.1s
epoch  61/100  train=0.0619  val=0.1630  best=0.1540@55  13.2s
epoch  62/100  train=0.0625  val=0.1624  best=0.1540@55  13.1s
epoch  63/100  train=0.0625  val=0.1600  best=0.1540@55  13.2s
epoch  64/100  train=0.0614  val=0.1564  best=0.1540@55  13.1s
epoch  65/100  train=0.0625  val=0.1564  best=0.1540@55  13.1s
epoch  66/100  train=0.0618  val=0.1590  best=0.1540@55  13.1s
epoch  67/100  train=0.0626  val=0.1626  best=0.1540@55  13.2s
epoch  68/100  train=0.0615  val=0.1605  best=0.1540@55  13.1s
epoch  69/100  train=0.0614  val=0.1585  best=0.1540@55  13.1s
epoch  70/100  train=0.0613  val=0.1641  best=0.1540@55  13.1s
epoch  71/100  train=0.0613  val=0.1592  best=0.1540@55  13.0s
epoch  72/100  train=0.0617  val=0.1590  best=0.1540@55  13.1s
epoch  73/100  train=0.0621  val=0.1571  best=0.1540@55  13.1s
epoch  74/100  train=0.0623  val=0.1598  best=0.1540@55  13.0s
epoch  75/100  train=0.0613  val=0.1609  best=0.1540@55  13.1s
Early stopping at epoch 75 (no improvement for 20).
Done. Best val=0.1540 @ epoch 55. Saved /bluesclues-data/home/michaelmurphy/saas-river-forecasting/data/retrain/availability_sweep/fpw4.pt
