Device: cuda:0 (NVIDIA RTX 6000 Ada Generation)
Windows: 4944 train / 37 val | epochs=100 | forecast_mask=obs+drivers | exclude_time=['Discharge_CMS_lag_7', 'HoboWetDry0.05_lag_7']
RGCN_v2 input_dim=36 params=30,146
epoch   1/100  train=0.2766  val=0.8634  best=0.8634@1  12.8s *best*
epoch   2/100  train=0.1233  val=1.0608  best=0.8634@1  12.6s
epoch   3/100  train=0.1090  val=0.9591  best=0.8634@1  13.0s
epoch   4/100  train=0.1009  val=0.8146  best=0.8146@4  13.0s *best*
epoch   5/100  train=0.0924  val=0.6341  best=0.6341@5  13.0s *best*
epoch   6/100  train=0.0872  val=0.4473  best=0.4473@6  13.1s *best*
epoch   7/100  train=0.0849  val=0.3900  best=0.3900@7  13.1s *best*
epoch   8/100  train=0.0821  val=0.3755  best=0.3755@8  13.1s *best*
epoch   9/100  train=0.0799  val=0.3544  best=0.3544@9  13.1s *best*
epoch  10/100  train=0.0781  val=0.2995  best=0.2995@10  13.0s *best*
epoch  11/100  train=0.0778  val=0.2889  best=0.2889@11  13.0s *best*
epoch  12/100  train=0.0765  val=0.2729  best=0.2729@12  13.0s *best*
epoch  13/100  train=0.0755  val=0.2585  best=0.2585@13  12.9s *best*
epoch  14/100  train=0.0743  val=0.2490  best=0.2490@14  13.0s *best*
epoch  15/100  train=0.0738  val=0.2402  best=0.2402@15  12.4s *best*
epoch  16/100  train=0.0734  val=0.2289  best=0.2289@16  13.2s *best*
epoch  17/100  train=0.0718  val=0.2271  best=0.2271@17  13.2s *best*
epoch  18/100  train=0.0722  val=0.2243  best=0.2243@18  13.0s *best*
epoch  19/100  train=0.0705  val=0.2284  best=0.2243@18  13.0s
epoch  20/100  train=0.0695  val=0.2198  best=0.2198@20  13.0s *best*
epoch  21/100  train=0.0698  val=0.2194  best=0.2194@21  13.0s *best*
epoch  22/100  train=0.0693  val=0.2192  best=0.2192@22  13.0s *best*
epoch  23/100  train=0.0690  val=0.2174  best=0.2174@23  13.0s *best*
epoch  24/100  train=0.0701  val=0.2187  best=0.2174@23  13.0s
epoch  25/100  train=0.0682  val=0.2146  best=0.2146@25  13.0s *best*
epoch  26/100  train=0.0672  val=0.2165  best=0.2146@25  13.0s
epoch  27/100  train=0.0667  val=0.2146  best=0.2146@27  13.0s *best*
epoch  28/100  train=0.0666  val=0.2181  best=0.2146@27  13.0s
epoch  29/100  train=0.0664  val=0.2196  best=0.2146@27  13.2s
epoch  30/100  train=0.0665  val=0.2144  best=0.2144@30  12.7s *best*
epoch  31/100  train=0.0666  val=0.2118  best=0.2118@31  12.8s *best*
epoch  32/100  train=0.0665  val=0.2199  best=0.2118@31  13.1s
epoch  33/100  train=0.0655  val=0.2199  best=0.2118@31  13.1s
epoch  34/100  train=0.0659  val=0.2099  best=0.2099@34  13.0s *best*
epoch  35/100  train=0.0653  val=0.2076  best=0.2076@35  13.0s *best*
epoch  36/100  train=0.0650  val=0.2123  best=0.2076@35  13.1s
epoch  37/100  train=0.0655  val=0.2146  best=0.2076@35  13.1s
epoch  38/100  train=0.0648  val=0.2150  best=0.2076@35  13.1s
epoch  39/100  train=0.0648  val=0.2139  best=0.2076@35  13.1s
epoch  40/100  train=0.0649  val=0.2038  best=0.2038@40  13.1s *best*
epoch  41/100  train=0.0648  val=0.2082  best=0.2038@40  13.2s
epoch  42/100  train=0.0651  val=0.2090  best=0.2038@40  13.0s
epoch  43/100  train=0.0638  val=0.2190  best=0.2038@40  13.1s
epoch  44/100  train=0.0650  val=0.2099  best=0.2038@40  13.0s
epoch  45/100  train=0.0640  val=0.2141  best=0.2038@40  13.1s
epoch  46/100  train=0.0630  val=0.2157  best=0.2038@40  13.1s
epoch  47/100  train=0.0643  val=0.2135  best=0.2038@40  13.0s
epoch  48/100  train=0.0640  val=0.2132  best=0.2038@40  13.0s
epoch  49/100  train=0.0651  val=0.1968  best=0.1968@49  13.0s *best*
epoch  50/100  train=0.0648  val=0.2495  best=0.1968@49  13.0s
epoch  51/100  train=0.0643  val=0.2310  best=0.1968@49  13.0s
epoch  52/100  train=0.0633  val=0.2240  best=0.1968@49  13.0s
epoch  53/100  train=0.0633  val=0.2177  best=0.1968@49  13.0s
epoch  54/100  train=0.0636  val=0.2165  best=0.1968@49  13.0s
epoch  55/100  train=0.0633  val=0.2122  best=0.1968@49  13.0s
epoch  56/100  train=0.0634  val=0.2172  best=0.1968@49  13.0s
epoch  57/100  train=0.0631  val=0.2171  best=0.1968@49  13.1s
epoch  58/100  train=0.0628  val=0.2155  best=0.1968@49  13.0s
epoch  59/100  train=0.0626  val=0.2162  best=0.1968@49  13.1s
epoch  60/100  train=0.0630  val=0.2146  best=0.1968@49  13.0s
epoch  61/100  train=0.0621  val=0.2116  best=0.1968@49  13.1s
epoch  62/100  train=0.0627  val=0.2122  best=0.1968@49  13.1s
epoch  63/100  train=0.0623  val=0.2150  best=0.1968@49  13.0s
epoch  64/100  train=0.0619  val=0.2144  best=0.1968@49  13.0s
epoch  65/100  train=0.0626  val=0.2114  best=0.1968@49  13.0s
epoch  66/100  train=0.0623  val=0.2165  best=0.1968@49  13.0s
epoch  67/100  train=0.0625  val=0.2188  best=0.1968@49  13.0s
epoch  68/100  train=0.0625  val=0.2153  best=0.1968@49  13.0s
epoch  69/100  train=0.0623  val=0.2387  best=0.1968@49  13.0s
Early stopping at epoch 69 (no improvement for 20).
Done. Best val=0.1968 @ epoch 49. Saved /bluesclues-data/home/michaelmurphy/saas-river-forecasting/data/retrain/availability_sweep/l10c10.pt
