Device: cuda:0 (NVIDIA RTX 6000 Ada Generation)
Windows: 4944 train / 37 val | epochs=100 | forecast_mask=obs+drivers | exclude_time=['Discharge_CMS_lag_7', 'HoboWetDry0.05_lag_7']
RGCN_v2 input_dim=36 params=30,146
epoch   1/100  train=0.2373  val=0.4237  best=0.4237@1  12.9s *best*
epoch   2/100  train=0.1135  val=0.5273  best=0.4237@1  12.5s
epoch   3/100  train=0.1002  val=0.5379  best=0.4237@1  12.4s
epoch   4/100  train=0.0945  val=0.4819  best=0.4237@1  12.5s
epoch   5/100  train=0.0889  val=0.4308  best=0.4237@1  12.5s
epoch   6/100  train=0.0858  val=0.3603  best=0.3603@6  12.5s *best*
epoch   7/100  train=0.0836  val=0.2813  best=0.2813@7  13.0s *best*
epoch   8/100  train=0.0806  val=0.2391  best=0.2391@8  13.0s *best*
epoch   9/100  train=0.0789  val=0.2092  best=0.2092@9  13.0s *best*
epoch  10/100  train=0.0773  val=0.1975  best=0.1975@10  13.0s *best*
epoch  11/100  train=0.0769  val=0.1881  best=0.1881@11  13.0s *best*
epoch  12/100  train=0.0756  val=0.1808  best=0.1808@12  13.0s *best*
epoch  13/100  train=0.0747  val=0.1756  best=0.1756@13  13.0s *best*
epoch  14/100  train=0.0735  val=0.1726  best=0.1726@14  13.0s *best*
epoch  15/100  train=0.0721  val=0.1670  best=0.1670@15  13.0s *best*
epoch  16/100  train=0.0720  val=0.1614  best=0.1614@16  13.0s *best*
epoch  17/100  train=0.0709  val=0.1599  best=0.1599@17  13.1s *best*
epoch  18/100  train=0.0712  val=0.1598  best=0.1598@18  13.0s *best*
epoch  19/100  train=0.0698  val=0.1661  best=0.1598@18  13.0s
epoch  20/100  train=0.0690  val=0.1557  best=0.1557@20  13.0s *best*
epoch  21/100  train=0.0690  val=0.1575  best=0.1557@20  13.0s
epoch  22/100  train=0.0685  val=0.1559  best=0.1557@20  13.0s
epoch  23/100  train=0.0688  val=0.1563  best=0.1557@20  13.0s
epoch  24/100  train=0.0681  val=0.1579  best=0.1557@20  13.2s
epoch  25/100  train=0.0672  val=0.1531  best=0.1531@25  13.2s *best*
epoch  26/100  train=0.0666  val=0.1517  best=0.1517@26  13.1s *best*
epoch  27/100  train=0.0657  val=0.1534  best=0.1517@26  13.1s
epoch  28/100  train=0.0660  val=0.1583  best=0.1517@26  13.2s
epoch  29/100  train=0.0655  val=0.1604  best=0.1517@26  13.0s
epoch  30/100  train=0.0656  val=0.1531  best=0.1517@26  13.0s
epoch  31/100  train=0.0656  val=0.1529  best=0.1517@26  13.0s
epoch  32/100  train=0.0659  val=0.1571  best=0.1517@26  13.0s
epoch  33/100  train=0.0645  val=0.1573  best=0.1517@26  13.1s
epoch  34/100  train=0.0647  val=0.1562  best=0.1517@26  13.0s
epoch  35/100  train=0.0644  val=0.1534  best=0.1517@26  13.0s
epoch  36/100  train=0.0641  val=0.1583  best=0.1517@26  13.0s
epoch  37/100  train=0.0644  val=0.1586  best=0.1517@26  13.0s
epoch  38/100  train=0.0640  val=0.1576  best=0.1517@26  13.1s
epoch  39/100  train=0.0642  val=0.1557  best=0.1517@26  13.0s
epoch  40/100  train=0.0640  val=0.1581  best=0.1517@26  13.0s
epoch  41/100  train=0.0631  val=0.1553  best=0.1517@26  13.0s
epoch  42/100  train=0.0641  val=0.1558  best=0.1517@26  13.1s
epoch  43/100  train=0.0628  val=0.1642  best=0.1517@26  13.0s
epoch  44/100  train=0.0639  val=0.1535  best=0.1517@26  13.0s
epoch  45/100  train=0.0631  val=0.1597  best=0.1517@26  13.0s
epoch  46/100  train=0.0620  val=0.1593  best=0.1517@26  13.0s
Early stopping at epoch 46 (no improvement for 20).
Done. Best val=0.1517 @ epoch 26. Saved /bluesclues-data/home/michaelmurphy/saas-river-forecasting/data/retrain/availability_sweep/wd0.pt
