Device: cuda:0
all-sites frame: 158,189 rows, 35 features
[ph s42] sequences: 155,622 train / 1,060 val / 487 buffer
  epoch  1/15 val=0.1597
  epoch  2/15 val=0.1670
  epoch  3/15 val=0.1542
  epoch  4/15 val=0.1591
  epoch  5/15 val=0.1463
  epoch  6/15 val=0.1519
  epoch  7/15 val=0.1349
  epoch  8/15 val=0.1301
  epoch  9/15 val=0.1292
  epoch 10/15 val=0.1287
  epoch 11/15 val=0.1309
  epoch 12/15 val=0.1294
  epoch 13/15 val=0.1405
  epoch 14/15 val=0.1413
  epoch 15/15 val=0.1391
[ph s42] all: acc=0.912 auc=0.965 dryF1=0.721 (N=1060)
[ph s43] sequences: 155,622 train / 1,060 val / 487 buffer
  epoch  1/15 val=0.1816
  epoch  2/15 val=0.1615
  epoch  3/15 val=0.1406
  epoch  4/15 val=0.1423
  epoch  5/15 val=0.1406
  epoch  6/15 val=0.1464
  epoch  7/15 val=0.1323
  epoch  8/15 val=0.1334
  epoch  9/15 val=0.1333
  epoch 10/15 val=0.1337
  epoch 11/15 val=0.1427
  epoch 12/15 val=0.1357
[ph s43] all: acc=0.916 auc=0.966 dryF1=0.739 (N=1060)
[ph s44] sequences: 155,622 train / 1,060 val / 487 buffer
  epoch  1/15 val=0.1738
  epoch  2/15 val=0.1587
  epoch  3/15 val=0.1561
  epoch  4/15 val=0.1501
  epoch  5/15 val=0.1433
  epoch  6/15 val=0.1409
  epoch  7/15 val=0.1463
  epoch  8/15 val=0.1487
  epoch  9/15 val=0.1371
  epoch 10/15 val=0.1348
  epoch 11/15 val=0.1344
  epoch 12/15 val=0.1244
  epoch 13/15 val=0.1287
  epoch 14/15 val=0.1244
  epoch 15/15 val=0.1323
[ph s44] all: acc=0.919 auc=0.962 dryF1=0.741 (N=1060)
[q65 s42] sequences: 146,657 train / 10,512 val / 0 buffer
  epoch  1/15 val=0.1676
  epoch  2/15 val=0.1555
  epoch  3/15 val=0.1487
  epoch  4/15 val=0.1401
  epoch  5/15 val=0.1319
  epoch  6/15 val=0.1305
  epoch  7/15 val=0.1404
  epoch  8/15 val=0.1226
  epoch  9/15 val=0.1227
  epoch 10/15 val=0.1249
  epoch 11/15 val=0.1251
  epoch 12/15 val=0.1295
  epoch 13/15 val=0.1202
  epoch 14/15 val=0.1176
  epoch 15/15 val=0.1298
[q65 s42] all: acc=0.951 auc=0.857 dryF1=0.639 (N=10512)
[q65 s43] sequences: 146,657 train / 10,512 val / 0 buffer
  epoch  1/15 val=0.1583
  epoch  2/15 val=0.1577
  epoch  3/15 val=0.1351
  epoch  4/15 val=0.1394
  epoch  5/15 val=0.1325
  epoch  6/15 val=0.1679
  epoch  7/15 val=0.1325
  epoch  8/15 val=0.1253
  epoch  9/15 val=0.1415
  epoch 10/15 val=0.1209
  epoch 11/15 val=0.1261
  epoch 12/15 val=0.1269
  epoch 13/15 val=0.1658
  epoch 14/15 val=0.1591
  epoch 15/15 val=0.1406
[q65 s43] all: acc=0.959 auc=0.786 dryF1=0.730 (N=10512)
[q65 s44] sequences: 146,657 train / 10,512 val / 0 buffer
  epoch  1/15 val=0.1604
  epoch  2/15 val=0.1569
  epoch  3/15 val=0.1437
  epoch  4/15 val=0.1411
  epoch  5/15 val=0.1375
  epoch  6/15 val=0.1301
  epoch  7/15 val=0.1276
  epoch  8/15 val=0.1281
  epoch  9/15 val=0.1206
  epoch 10/15 val=0.1276
  epoch 11/15 val=0.1217
  epoch 12/15 val=0.1166
  epoch 13/15 val=0.1214
  epoch 14/15 val=0.1200
  epoch 15/15 val=0.1176
[q65 s44] all: acc=0.944 auc=0.868 dryF1=0.609 (N=10512)
[q80 s42] sequences: 147,255 train / 9,914 val / 0 buffer
  epoch  1/15 val=0.1655
  epoch  2/15 val=0.1464
  epoch  3/15 val=0.1384
  epoch  4/15 val=0.1345
  epoch  5/15 val=0.1351
  epoch  6/15 val=0.1280
  epoch  7/15 val=0.1211
  epoch  8/15 val=0.1237
  epoch  9/15 val=0.1350
  epoch 10/15 val=0.1389
  epoch 11/15 val=0.1313
  epoch 12/15 val=0.1244
[q80 s42] all: acc=0.942 auc=0.776 dryF1=0.555 (N=9914)
[q80 s43] sequences: 147,255 train / 9,914 val / 0 buffer
  epoch  1/15 val=0.1590
  epoch  2/15 val=0.1507
  epoch  3/15 val=0.1382
  epoch  4/15 val=0.1359
  epoch  5/15 val=0.1261
  epoch  6/15 val=0.1232
  epoch  7/15 val=0.1224
  epoch  8/15 val=0.1198
  epoch  9/15 val=0.1308
  epoch 10/15 val=0.1320
  epoch 11/15 val=0.1271
  epoch 12/15 val=0.1381
  epoch 13/15 val=0.1247
[q80 s43] all: acc=0.954 auc=0.876 dryF1=0.619 (N=9914)
[q80 s44] sequences: 147,255 train / 9,914 val / 0 buffer
  epoch  1/15 val=0.1594
  epoch  2/15 val=0.1583
  epoch  3/15 val=0.1533
  epoch  4/15 val=0.1473
  epoch  5/15 val=0.1343
  epoch  6/15 val=0.1283
  epoch  7/15 val=0.1433
  epoch  8/15 val=0.1227
  epoch  9/15 val=0.1297
  epoch 10/15 val=0.1252
  epoch 11/15 val=0.1168
  epoch 12/15 val=0.1170
  epoch 13/15 val=0.1203
  epoch 14/15 val=0.1220
  epoch 15/15 val=0.1240
[q80 s44] all: acc=0.967 auc=0.961 dryF1=0.787 (N=9914)
[site s42] sequences: 156,720 train / 449 val / 0 buffer
  epoch  1/15 val=0.1687
  epoch  2/15 val=0.1543
  epoch  3/15 val=0.1494
  epoch  4/15 val=0.1394
  epoch  5/15 val=0.1419
  epoch  6/15 val=0.1457
  epoch  7/15 val=0.1339
  epoch  8/15 val=0.1425
  epoch  9/15 val=0.1466
  epoch 10/15 val=0.1445
  epoch 11/15 val=0.1360
  epoch 12/15 val=0.1422
[site s42] all: acc=0.891 auc=0.953 dryF1=0.835 (N=449)
[site s43] sequences: 156,720 train / 449 val / 0 buffer
  epoch  1/15 val=0.1649
  epoch  2/15 val=0.1683
  epoch  3/15 val=0.1522
  epoch  4/15 val=0.1485
  epoch  5/15 val=0.1447
  epoch  6/15 val=0.1403
  epoch  7/15 val=0.1340
  epoch  8/15 val=0.1390
  epoch  9/15 val=0.1317
  epoch 10/15 val=0.1308
  epoch 11/15 val=0.1303
  epoch 12/15 val=0.1275
  epoch 13/15 val=0.1297
  epoch 14/15 val=0.1259
  epoch 15/15 val=0.1231
[site s43] all: acc=0.976 auc=0.986 dryF1=0.957 (N=449)
[site s44] sequences: 156,720 train / 449 val / 0 buffer
  epoch  1/15 val=0.1589
  epoch  2/15 val=0.1583
  epoch  3/15 val=0.1602
  epoch  4/15 val=0.1435
  epoch  5/15 val=0.1431
  epoch  6/15 val=0.1341
  epoch  7/15 val=0.1297
  epoch  8/15 val=0.1535
  epoch  9/15 val=0.1351
  epoch 10/15 val=0.1333
  epoch 11/15 val=0.1308
  epoch 12/15 val=0.1307
[site s44] all: acc=0.944 auc=0.987 dryF1=0.899 (N=449)
# LSTM (all sites) on the flagship splits

Optuna released hyperparams; ADASYN + scaler train-only; splits assigned by sequence target date (ph guard=3d). Seeds 42/43/44.

| Split | Scope | Acc (mean ± std) | AUC | Dry F1 | N |
|---|---|--:|--:|--:|--:|
| ph | all | 0.916 ± 0.003 | 0.964 ± 0.002 | 0.734 ± 0.009 | 1060 |
| ph | hobo_only | 0.916 ± 0.003 | 0.964 ± 0.002 | 0.734 ± 0.009 | 1060 |
| q65 | all | 0.952 ± 0.006 | 0.837 ± 0.037 | 0.659 ± 0.051 | 10512 |
| q65 | hobo_only | 0.952 ± 0.006 | 0.837 ± 0.037 | 0.659 ± 0.051 | 10512 |
| q80 | all | 0.954 ± 0.010 | 0.871 ± 0.076 | 0.654 ± 0.098 | 9914 |
| q80 | hobo_only | 0.954 ± 0.010 | 0.871 ± 0.076 | 0.654 ± 0.098 | 9914 |
| site | all | 0.937 ± 0.035 | 0.975 ± 0.016 | 0.897 ± 0.050 | 449 |
| site | hobo_only | 0.937 ± 0.035 | 0.975 ± 0.016 | 0.897 ± 0.050 | 449 |
