Device: cuda:0 | ADASYN=OFF
all-sites frame: 158,189 rows, 35 features
[ph s42] sequences: 155,622 train / 1,060 val / 487 buffer
  epoch  1/15 val=0.0515
  epoch  2/15 val=0.0486
  epoch  3/15 val=0.0514
  epoch  4/15 val=0.0486
  epoch  5/15 val=0.0505
  epoch  6/15 val=0.0501
  epoch  7/15 val=0.0492
  epoch  8/15 val=0.0505
  epoch  9/15 val=0.0499
[ph s42] all: acc=0.891 auc=0.940 dryF1=0.683 (N=1060)
[ph s43] sequences: 155,622 train / 1,060 val / 487 buffer
  epoch  1/15 val=0.0501
  epoch  2/15 val=0.0479
  epoch  3/15 val=0.0463
  epoch  4/15 val=0.0458
  epoch  5/15 val=0.0455
  epoch  6/15 val=0.0460
  epoch  7/15 val=0.0458
  epoch  8/15 val=0.0455
  epoch  9/15 val=0.0459
  epoch 10/15 val=0.0454
  epoch 11/15 val=0.0465
  epoch 12/15 val=0.0477
  epoch 13/15 val=0.0442
  epoch 14/15 val=0.0454
  epoch 15/15 val=0.0458
[ph s43] all: acc=0.941 auc=0.972 dryF1=0.796 (N=1060)
[ph s44] sequences: 155,622 train / 1,060 val / 487 buffer
  epoch  1/15 val=0.0531
  epoch  2/15 val=0.0514
  epoch  3/15 val=0.0512
  epoch  4/15 val=0.0522
  epoch  5/15 val=0.0498
  epoch  6/15 val=0.0496
  epoch  7/15 val=0.0498
  epoch  8/15 val=0.0497
  epoch  9/15 val=0.0505
  epoch 10/15 val=0.0498
  epoch 11/15 val=0.0508
[ph s44] all: acc=0.941 auc=0.971 dryF1=0.793 (N=1060)
[q65 s42] sequences: 146,657 train / 10,512 val / 0 buffer
  epoch  1/15 val=0.0515
  epoch  2/15 val=0.0507
  epoch  3/15 val=0.0509
  epoch  4/15 val=0.0501
  epoch  5/15 val=0.0500
  epoch  6/15 val=0.0493
  epoch  7/15 val=0.0496
  epoch  8/15 val=0.0481
  epoch  9/15 val=0.0498
  epoch 10/15 val=0.0485
  epoch 11/15 val=0.0506
  epoch 12/15 val=0.0486
  epoch 13/15 val=0.0493
[q65 s42] all: acc=0.955 auc=0.893 dryF1=0.650 (N=10512)
[q65 s43] sequences: 146,657 train / 10,512 val / 0 buffer
  epoch  1/15 val=0.0524
  epoch  2/15 val=0.0487
  epoch  3/15 val=0.0491
  epoch  4/15 val=0.0491
  epoch  5/15 val=0.0498
  epoch  6/15 val=0.0484
  epoch  7/15 val=0.0490
  epoch  8/15 val=0.0479
  epoch  9/15 val=0.0467
  epoch 10/15 val=0.0477
  epoch 11/15 val=0.0493
  epoch 12/15 val=0.0493
  epoch 13/15 val=0.0485
  epoch 14/15 val=0.0497
[q65 s43] all: acc=0.955 auc=0.904 dryF1=0.662 (N=10512)
[q65 s44] sequences: 146,657 train / 10,512 val / 0 buffer
  epoch  1/15 val=0.0511
  epoch  2/15 val=0.0492
  epoch  3/15 val=0.0489
  epoch  4/15 val=0.0478
  epoch  5/15 val=0.0488
  epoch  6/15 val=0.0485
  epoch  7/15 val=0.0479
  epoch  8/15 val=0.0481
  epoch  9/15 val=0.0492
[q65 s44] all: acc=0.954 auc=0.925 dryF1=0.641 (N=10512)
[q80 s42] sequences: 147,255 train / 9,914 val / 0 buffer
  epoch  1/15 val=0.0492
  epoch  2/15 val=0.0480
  epoch  3/15 val=0.0469
  epoch  4/15 val=0.0476
  epoch  5/15 val=0.0475
  epoch  6/15 val=0.0473
  epoch  7/15 val=0.0542
  epoch  8/15 val=0.0471
[q80 s42] all: acc=0.964 auc=0.953 dryF1=0.726 (N=9914)
[q80 s43] sequences: 147,255 train / 9,914 val / 0 buffer
  epoch  1/15 val=0.0511
  epoch  2/15 val=0.0459
  epoch  3/15 val=0.0459
  epoch  4/15 val=0.0459
  epoch  5/15 val=0.0449
  epoch  6/15 val=0.0454
  epoch  7/15 val=0.0449
  epoch  8/15 val=0.0454
  epoch  9/15 val=0.0449
  epoch 10/15 val=0.0466
  epoch 11/15 val=0.0452
  epoch 12/15 val=0.0459
  epoch 13/15 val=0.0446
  epoch 14/15 val=0.0454
  epoch 15/15 val=0.0474
[q80 s43] all: acc=0.954 auc=0.927 dryF1=0.607 (N=9914)
[q80 s44] sequences: 147,255 train / 9,914 val / 0 buffer
  epoch  1/15 val=0.0506
  epoch  2/15 val=0.0489
  epoch  3/15 val=0.0480
  epoch  4/15 val=0.0486
  epoch  5/15 val=0.0495
  epoch  6/15 val=0.0482
  epoch  7/15 val=0.0484
  epoch  8/15 val=0.0492
[q80 s44] all: acc=0.954 auc=0.798 dryF1=0.597 (N=9914)
[site s42] sequences: 156,720 train / 449 val / 0 buffer
  epoch  1/15 val=0.0515
  epoch  2/15 val=0.0504
  epoch  3/15 val=0.0510
  epoch  4/15 val=0.0492
  epoch  5/15 val=0.0507
  epoch  6/15 val=0.0491
  epoch  7/15 val=0.1004
  epoch  8/15 val=0.0493
  epoch  9/15 val=0.0498
  epoch 10/15 val=0.0490
  epoch 11/15 val=0.0476
  epoch 12/15 val=0.0502
  epoch 13/15 val=0.0488
  epoch 14/15 val=0.0488
  epoch 15/15 val=0.0485
[site s42] all: acc=0.967 auc=0.991 dryF1=0.940 (N=449)
[site s43] sequences: 156,720 train / 449 val / 0 buffer
  epoch  1/15 val=0.0491
  epoch  2/15 val=0.0491
  epoch  3/15 val=0.0492
  epoch  4/15 val=0.0483
  epoch  5/15 val=0.0485
  epoch  6/15 val=0.0494
  epoch  7/15 val=0.0480
  epoch  8/15 val=0.0472
  epoch  9/15 val=0.0502
  epoch 10/15 val=0.0494
  epoch 11/15 val=0.0497
  epoch 12/15 val=0.0479
  epoch 13/15 val=0.0480
[site s43] all: acc=0.971 auc=0.994 dryF1=0.949 (N=449)
[site s44] sequences: 156,720 train / 449 val / 0 buffer
  epoch  1/15 val=0.0525
  epoch  2/15 val=0.0506
  epoch  3/15 val=0.0507
  epoch  4/15 val=0.0494
  epoch  5/15 val=0.0492
  epoch  6/15 val=0.0485
  epoch  7/15 val=0.0511
  epoch  8/15 val=0.0512
  epoch  9/15 val=0.0490
  epoch 10/15 val=0.0495
  epoch 11/15 val=0.0494
[site s44] all: acc=0.804 auc=0.958 dryF1=0.488 (N=449)
# LSTM (all sites) on the flagship splits — NO ADASYN

Optuna released hyperparams; NO resampling (raw class balance, plain BCE); scaler train-only; splits assigned by sequence target date (ph guard=3d). Seeds 42/43/44.

| Split | Scope | Acc (mean ± std) | AUC | Dry F1 | N |
|---|---|--:|--:|--:|--:|
| ph | all | 0.924 ± 0.024 | 0.961 ± 0.015 | 0.758 ± 0.053 | 1060 |
| ph | hobo_only | 0.924 ± 0.024 | 0.961 ± 0.015 | 0.758 ± 0.053 | 1060 |
| q65 | all | 0.955 ± 0.001 | 0.908 ± 0.013 | 0.651 ± 0.009 | 10512 |
| q65 | hobo_only | 0.955 ± 0.001 | 0.908 ± 0.013 | 0.651 ± 0.009 | 10512 |
| q80 | all | 0.957 ± 0.005 | 0.893 ± 0.068 | 0.643 ± 0.059 | 9914 |
| q80 | hobo_only | 0.957 ± 0.005 | 0.893 ± 0.068 | 0.643 ± 0.059 | 9914 |
| site | all | 0.914 ± 0.078 | 0.981 ± 0.016 | 0.793 ± 0.215 | 449 |
| site | hobo_only | 0.914 ± 0.078 | 0.981 ± 0.016 | 0.793 ± 0.215 | 449 |
